******************************************************************************
                  TI ARM Linker PC v20.2.7                     
******************************************************************************
>> Linked Tue Oct 21 03:22:09 2025

OUTPUT FILE NAME:   <lab0.out>
ENTRY POINT SYMBOL: "_c_int00_noargs"  address: 00003865


MEMORY CONFIGURATION

         name            origin    length      used     unused   attr    fill
----------------------  --------  ---------  --------  --------  ----  --------
  FLASH                 00000000   00100000  00004758  000fb8a8  R  X
  SRAM                  20000000   00040000  000088ea  00037716  RW X


SEGMENT ALLOCATION MAP

run origin  load origin   length   init length attrs members
----------  ----------- ---------- ----------- ----- -------
00000000    00000000    00004760   00004760    r-x
  00000000    00000000    00000200   00000200    r-- .intvecs
  00000200    00000200    00003c2e   00003c2e    r-x .text
  00003e30    00003e30    000008e6   000008e6    r-- .const
  00004718    00004718    00000004   00000004    r-- .init_array
  00004720    00004720    00000040   00000040    r-- .cinit
20000000    20000000    000088ea   00000000    rw-
  20000000    20000000    00008028   00000000    rw- .data
  20008028    20008028    00000800   00000000    rw- .stack
  20008828    20008828    000000c2   00000000    rw- .bss


SECTION ALLOCATION MAP

 output                                  attributes/
section   page    origin      length       input sections
--------  ----  ----------  ----------   ----------------
.intvecs   0    00000000    00000200     
                  00000000    00000200     startup_ccs.obj (.intvecs)

.text      0    00000200    00003c2e     
                  00000200    00000a4e     rtsv7M4_T_le_v4SPD16_eabi.lib : _printfi.c.obj (.text:__TI_printfi)
                  00000c4e    00000002     startup_ccs.obj (.text:FaultISR)
                  00000c50    00000270     rtsv7M4_T_le_v4SPD16_eabi.lib : _printfi.c.obj (.text:_pconv_a)
                  00000ec0    00000252     grlib.lib : string.obj (.text:GrFontGlyphRender)
                  00001112    00000002     startup_ccs.obj (.text:IntDefaultHandler)
                  00001114    00000200     driverlib.lib : sysctl.obj (.text:SysCtlClockFreqSet)
                  00001314    000001d0     rtsv7M4_T_le_v4SPD16_eabi.lib : _printfi.c.obj (.text:_pconv_g)
                  000014e4    000001b6                                   : fd_add_t2.asm.obj (.text)
                  0000169a    00000002     startup_ccs.obj (.text:NmiSR)
                  0000169c    000001a8     main.obj (.text:main)
                  00001844    0000018a     button.obj (.text:_ZN6Button3fsmEb)
                  000019ce    00000002     rtsv7M4_T_le_v4SPD16_eabi.lib : div0.asm.obj (.text)
                  000019d0    0000016c     driverlib.lib : gpio.obj (.text:GPIOPadConfigSet)
                  00001b3c    00000154     timerLib.obj (.text:_ZN5Timer23enablePeripheralForBaseEj)
                  00001c90    00000144     button.obj (.text:_ZN6ButtonC1Ehjjj10ButtonPull)
                  00001dd4    0000013c     rtsv7M4_T_le_v4SPD16_eabi.lib : _printfi.c.obj (.text:_pconv_e)
                  00001f10    00000136                                   : fd_div_t2.asm.obj (.text)
                  00002046    00000002     --HOLE-- [fill = 0]
                  00002048    00000124                                   : _printfi.c.obj (.text:fcvt)
                  0000216c    00000110                                   : s_scalbn.c.obj (.text:scalbn)
                  0000227c    000000fc                                   : fd_mul_t2.asm.obj (.text)
                  00002378    000000f8     main.obj (.text:_ZN29_INTERNAL_8_main_cpp_f9572fa819drawStopwatchScreenER9_tContextjb)
                  00002470    000000cc     main.obj (.text:_ZN29_INTERNAL_8_main_cpp_f9572fa810drawButtonER9_tContextRK8MyButton)
                  0000253c    000000c8     Crystalfontz128x128_ST7735.obj (.text:Crystalfontz128x128_PixelDrawMultiple)
                  00002604    000000c0     grlib.lib : string.obj (.text:GrDefaultStringRenderer)
                  000026c4    000000bc     Crystalfontz128x128_ST7735.obj (.text:Crystalfontz128x128_Init)
                  00002780    000000b1     rtsv7M4_T_le_v4SPD16_eabi.lib : _printfi.c.obj (.text:_ltostr)
                  00002831    00000003     --HOLE-- [fill = 0]
                  00002834    000000a8     timerLib.obj (.text:_ZN5Timer5beginEjj)
                  000028dc    0000009c     rtsv7M4_T_le_v4SPD16_eabi.lib : memcpy_t2.asm.obj (.text)
                  00002978    00000096                                   : ull_div_t2.asm.obj (.text)
                  00002a0e    00000002     --HOLE-- [fill = 0]
                  00002a10    0000008c     Crystalfontz128x128_ST7735.obj (.text:Crystalfontz128x128_SetDrawFrame)
                  00002a9c    00000086     grlib.lib : rectangle.obj (.text:GrRectFill)
                  00002b22    00000086     rtsv7M4_T_le_v4SPD16_eabi.lib : fd_cmp_t2.asm.obj (.text:__aeabi_cdcmple)
                  00002ba8    00000086                                   : fd_cmp_t2.asm.obj (.text:__aeabi_cdrcmple)
                  00002c2e    00000002     --HOLE-- [fill = 0]
                  00002c30    0000007c     HAL_EK_TM4C1294XL_Crystalfontz128x128_ST7735.obj (.text:HAL_LCD_PortInit)
                  00002cac    0000007c     HAL_EK_TM4C1294XL_Crystalfontz128x128_ST7735.obj (.text:HAL_LCD_SpiInit)
                  00002d28    0000007a     rtsv7M4_T_le_v4SPD16_eabi.lib : memset_t2.asm.obj (.text)
                  00002da2    00000002     --HOLE-- [fill = 0]
                  00002da4    00000070     Crystalfontz128x128_ST7735.obj (.text:Crystalfontz128x128_RectFill)
                  00002e14    0000006e     rtsv7M4_T_le_v4SPD16_eabi.lib : _printfi.c.obj (.text:_mcpy)
                  00002e82    00000002     --HOLE-- [fill = 0]
                  00002e84    00000068     grlib.lib : context.obj (.text:GrContextInit)
                  00002eec    00000068               : string.obj (.text:GrStringWidthGet)
                  00002f54    00000068     rtsv7M4_T_le_v4SPD16_eabi.lib : copy_decompress_lzss.c.obj (.text:decompress:lzss:__TI_decompress_lzss)
                  00002fbc    00000066     grlib.lib : rectangle.obj (.text:GrRectDraw)
                  00003022    00000002     --HOLE-- [fill = 0]
                  00003024    00000064     rtsv7M4_T_le_v4SPD16_eabi.lib : s_frexp.c.obj (.text:frexp)
                  00003088    00000060     driverlib.lib : timer.obj (.text:TimerConfigure)
                  000030e8    00000060     rtsv7M4_T_le_v4SPD16_eabi.lib : autoinit.c.obj (.text:__TI_auto_init_nobinit:__TI_auto_init_nobinit)
                  00003148    0000005a     grlib.lib : string.obj (.text:FontWideGlyphDataGet)
                  000031a2    00000056     rtsv7M4_T_le_v4SPD16_eabi.lib : _printfi.c.obj (.text:_pconv_f)
                  000031f8    00000054                                   : _ltoa.c.obj (.text:__TI_ltoa)
                  0000324c    00000052                                   : _printfi.c.obj (.text:_ecpy)
                  0000329e    00000002     --HOLE-- [fill = 0]
                  000032a0    00000050     main.obj (.text:_ZN29_INTERNAL_8_main_cpp_f9572fa817initializeDisplayER9_tContext)
                  000032f0    0000004c     driverlib.lib : gpio.obj (.text:GPIOPinConfigure)
                  0000333c    0000004c     timerLib.obj (.text:_ZNK5Timer6microsEv)
                  00003388    0000004c     rtsv7M4_T_le_v4SPD16_eabi.lib : atoi.c.obj (.text:atoi)
                  000033d4    0000004c                                   : snprintf.c.obj (.text:snprintf)
                  00003420    0000004a     grlib.lib : string.obj (.text:UpdateContextCharMapping)
                  0000346a    00000002     --HOLE-- [fill = 0]
                  0000346c    00000048     driverlib.lib : sysctl.obj (.text:_SysCtlFrequencyGet)
                  000034b4    00000048     button.obj (.text:_ZN6Button8debounceEb)
                  000034fc    00000048     rtsv7M4_T_le_v4SPD16_eabi.lib : fd_toi_t2.asm.obj (.text)
                  00003544    00000046     grlib.lib : line.obj (.text:GrLineDrawH)
                  0000358a    00000046               : line.obj (.text:GrLineDrawV)
                  000035d0    00000044     HAL_EK_TM4C1294XL_Crystalfontz128x128_ST7735.obj (.text:HAL_LCD_writeCommand)
                  00003614    00000040     Crystalfontz128x128_ST7735.obj (.text:Crystalfontz128x128_LineDrawH)
                  00003654    00000040     Crystalfontz128x128_ST7735.obj (.text:Crystalfontz128x128_SetOrientation)
                  00003694    0000003e     button.obj (.text:_ZN6Button4tickEv)
                  000036d2    0000003e     rtsv7M4_T_le_v4SPD16_eabi.lib : _printfi.c.obj (.text:_fcpy)
                  00003710    0000003c     grlib.lib : string.obj (.text:FontGlyphDataGet)
                  0000374c    0000003c     driverlib.lib : ssi.obj (.text:SSIConfigSetExpClk)
                  00003788    00000038     Crystalfontz128x128_ST7735.obj (.text:Crystalfontz128x128_Flush)
                  000037c0    00000038     driverlib.lib : sysctl.obj (.text:SysCtlPeripheralReady)
                  000037f8    00000038     main.obj (.text:_ZN29_INTERNAL_8_main_cpp_f9572fa816onPlayPauseClickEv)
                  00003830    00000034     driverlib.lib : sysctl.obj (.text:SysCtlPeripheralEnable)
                  00003864    00000034     rtsv7M4_T_le_v4SPD16_eabi.lib : boot_cortex_m.c.obj (.text:_c_int00_noargs:_c_int00_noargs)
                  00003898    00000030     timerLib.obj (.text:_ZN34_INTERNAL_12_timerLib_cpp_b416d18a11periphReadyEj)
                  000038c8    00000030     timerLib.obj (.text:_ZN5Timer10isWideBaseEj)
                  000038f8    00000030     rtsv7M4_T_le_v4SPD16_eabi.lib : snprintf.c.obj (.text:_outs)
                  00003928    0000002e     grlib.lib : string.obj (.text:GrStringNextCharGet)
                  00003956    0000002e     button.obj (.text:_ZN6Button14applyPadConfigEv)
                  00003984    0000002e     button.obj (.text:_ZN6Button5beginEv)
                  000039b2    0000002e     rtsv7M4_T_le_v4SPD16_eabi.lib : i_tofd_t2.asm.obj (.text)
                  000039e0    0000002c     driverlib.lib : gpio.obj (.text:GPIODirModeSet)
                  00003a0c    0000002c     grlib.lib : string.obj (.text:GrFontBaselineGet)
                  00003a38    0000002a     button.obj (.text:_ZN6Button12readPhysicalEv)
                  00003a62    00000026     grlib.lib : string.obj (.text:GrFontInfoGet)
                  00003a88    00000022               : string.obj (.text:GrFontGlyphDataGet)
                  00003aaa    00000002     --HOLE-- [fill = 0]
                  00003aac    00000020     driverlib.lib : sysctl.obj (.text:_SysCtlMemTimingGet)
                  00003acc    00000020     main.obj (.text:_ZN29_INTERNAL_8_main_cpp_f9572fa812setupButtonsEv)
                  00003aec    0000001e     Crystalfontz128x128_ST7735.obj (.text:Crystalfontz128x128_ColorTranslate)
                  00003b0a    0000001e     grlib.lib : string.obj (.text:GrFontCodepageGet)
                  00003b28    0000001c     Crystalfontz128x128_ST7735.obj (.text:Crystalfontz128x128_LineDrawV)
                  00003b44    0000001c     HAL_EK_TM4C1294XL_Crystalfontz128x128_ST7735.obj (.text:HAL_LCD_writeData)
                  00003b60    0000001c     button.obj (.text:_ZN6Button5resetEv)
                  00003b7c    0000001c     main.obj (.text:__sti___8_main_cpp_f9572fa8)
                  00003b98    0000001c     rtsv7M4_T_le_v4SPD16_eabi.lib : copy_zero_init.c.obj (.text:decompress:ZI:__TI_zero_init_nomemset:__TI_zero_init_nomemset)
                  00003bb4    0000001c                                   : memccpy.c.obj (.text:memccpy)
                  00003bd0    0000001a     driverlib.lib : gpio.obj (.text:GPIOPinTypeGPIOOutput)
                  00003bea    0000001a     rtsv7M4_T_le_v4SPD16_eabi.lib : s_copysign.c.obj (.text:copysign)
                  00003c04    00000018     driverlib.lib : timer.obj (.text:TimerDisable)
                  00003c1c    00000018     timerLib.obj (.text:_ZN5TimerC1Ev)
                  00003c34    00000018     rtsv7M4_T_le_v4SPD16_eabi.lib : snprintf.c.obj (.text:_outc)
                  00003c4c    00000016     driverlib.lib : gpio.obj (.text:GPIOPinTypeGPIOInput)
                  00003c62    00000016                   : gpio.obj (.text:GPIOPinTypeSSI)
                  00003c78    00000016     grlib.lib : string.obj (.text:GrStringDraw)
                  00003c8e    00000016     driverlib.lib : timer.obj (.text:TimerValueGet64)
                  00003ca4    00000016     rtsv7M4_T_le_v4SPD16_eabi.lib : strchr.c.obj (.text:strchr)
                  00003cba    00000002     --HOLE-- [fill = 0]
                  00003cbc    00000014     Crystalfontz128x128_ST7735.obj (.text:Crystalfontz128x128_PixelDraw)
                  00003cd0    00000014     main.obj (.text:_ZN29_INTERNAL_8_main_cpp_f9572fa814configureTimerER5Timer)
                  00003ce4    00000014     rtsv7M4_T_le_v4SPD16_eabi.lib : strlen.c.obj (.text:strlen)
                  00003cf8    00000012     driverlib.lib : timer.obj (.text:TimerLoadSet)
                  00003d0a    00000012     timerLib.obj (.text:_ZNK5Timer6millisEv)
                  00003d1c    00000012     rtsv7M4_T_le_v4SPD16_eabi.lib : wcslen.c.obj (.text:wcslen)
                  00003d2e    00000002     --HOLE-- [fill = 0]
                  00003d30    00000010     driverlib.lib : fpu.obj (.text:FPUEnable)
                  00003d40    00000010                   : fpu.obj (.text:FPULazyStackingEnable)
                  00003d50    00000010                   : interrupt.obj (.text:IntMasterDisable)
                  00003d60    00000010                   : interrupt.obj (.text:IntMasterEnable)
                  00003d70    0000000e                   : timer.obj (.text:TimerEnable)
                  00003d7e    0000000e     rtsv7M4_T_le_v4SPD16_eabi.lib : copy_decompress_none.c.obj (.text:decompress:none:__TI_decompress_none)
                  00003d8c    0000000c     driverlib.lib : cpu.obj (.text:CPUcpsid)
                  00003d98    0000000c                   : cpu.obj (.text:CPUcpsie)
                  00003da4    0000000a                   : ssi.obj (.text:SSIDataPut)
                  00003dae    0000000a                   : ssi.obj (.text:SSIEnable)
                  00003db8    0000000a                   : timer.obj (.text:TimerValueGet)
                  00003dc2    0000000a     button.obj (.text:_ZN6Button10wasPressedEv)
                  00003dcc    0000000a     button.obj (.text:_ZN6Button11wasReleasedEv)
                  00003dd6    00000008     grlib.lib : charmap.obj (.text:GrMapISO8859_1_Unicode)
                  00003dde    00000008     driverlib.lib : ssi.obj (.text:SSIBusy)
                  00003de6    00000002     --HOLE-- [fill = 0]
                  00003de8    00000008     rtsv7M4_T_le_v4SPD16_eabi.lib : errno.c.obj (.text:__aeabi_errno_addr)
                  00003df0    00000006     driverlib.lib : gpio.obj (.text:GPIOPinRead)
                  00003df6    00000006                   : gpio.obj (.text:GPIOPinWrite)
                  00003dfc    00000006     grlib.lib : string.obj (.text:GrContextFontSet)
                  00003e02    00000006     startup_ccs.obj (.text:ResetISR)
                  00003e08    00000006     driverlib.lib : sysctl.obj (.text:SysCtlDelay)
                  00003e0e    00000006                   : timer.obj (.text:TimerClockSourceSet)
                  00003e14    00000006                   : timer.obj (.text:TimerLoadSet64)
                  00003e1a    00000004     button.obj (.text:_ZN6Button13setDebounceMsEi)
                  00003e1e    00000004     button.obj (.text:_ZN6Button17setTickIntervalMsEj)
                  00003e22    00000004     button.obj (.text:_ZN6Button8newStateENS_12StateMachineE)
                  00003e26    00000004     rtsv7M4_T_le_v4SPD16_eabi.lib : pre_init.c.obj (.text:_system_pre_init)
                  00003e2a    00000004                                   : exit.c.obj (.text:abort:abort)

.const     0    00003e30    000008e6     
                  00003e30    000002f8     grlib.lib : fontfixed6x8.obj (.const:.string:g_pui8FontFixed6x8Data)
                  00004128    000001b0     driverlib.lib : sysctl.obj (.const:g_pppui32XTALtoVCO)
                  000042d8    00000101     rtsv7M4_T_le_v4SPD16_eabi.lib : ctype.c.obj (.const:.string:_ctypes_)
                  000043d9    00000003     --HOLE-- [fill = 0]
                  000043dc    000000c8     grlib.lib : fontfixed6x8.obj (.const:g_sFontFixed6x8)
                  000044a4    00000090     driverlib.lib : gpio.obj (.const:g_pui32GPIOBaseAddrs)
                  00004534    0000006c                   : sysctl.obj (.const:g_pui32Xtals)
                  000045a0    00000060     button.obj (.const:.string:digital_pin_to_bit_mask)
                  00004600    00000060     button.obj (.const:.string:digital_pin_to_port)
                  00004660    00000040     button.obj (.const:port_to_base)
                  000046a0    00000030     driverlib.lib : sysctl.obj (.const:g_sXTALtoMEMTIM)
                  000046d0    00000028     Crystalfontz128x128_ST7735.obj (.const:g_sCrystalfontz128x128)
                  000046f8    00000010     grlib.lib : context.obj (.const:g_psDefaultCodePointMapTable)
                  00004708    00000008     driverlib.lib : sysctl.obj (.const:g_pui32VCOFrequencies)
                  00004710    00000006     main.obj (.const:.string)

.cinit     0    00004720    00000040     
                  00004720    0000001b     (.cinit..data.load) [load image, compression = lzss]
                  0000473b    00000001     --HOLE-- [fill = 0]
                  0000473c    0000000c     (__TI_handler_table)
                  00004748    00000008     (.cinit..bss.load) [load image, compression = zero_init]
                  00004750    00000010     (__TI_cinit_table)

.init_array 
*          0    00004718    00000004     
                  00004718    00000004     main.obj (.init_array)

.data      0    20000000    00008028     UNINITIALIZED
                  20000000    00008000     Crystalfontz128x128_ST7735.obj (.data:Lcd_buffer)
                  20008000    00000018     main.obj (.data:btnStart)
                  20008018    00000009     main.obj (.data)
                  20008021    00000003     --HOLE--
                  20008024    00000004     rtsv7M4_T_le_v4SPD16_eabi.lib : errno.c.obj (.data)

.bss       0    20008828    000000c2     UNINITIALIZED
                  20008828    000000b4     main.obj (.bss:btnPlayPause)
                  200088dc    00000004     grlib.lib : context.obj (.bss)
                  200088e0    00000002     (.common:Lcd_ScreenHeigth)
                  200088e2    00000002     (.common:Lcd_ScreenWidth)
                  200088e4    00000002     (.common:Lcd_TouchTrim)
                  200088e6    00000001     (.common:Lcd_FlagRead)
                  200088e7    00000001     (.common:Lcd_FontSolid)
                  200088e8    00000001     (.common:Lcd_Orientation)
                  200088e9    00000001     (.common:Lcd_PenSolid)

.stack     0    20008028    00000800     UNINITIALIZED
                  20008028    00000004     rtsv7M4_T_le_v4SPD16_eabi.lib : boot_cortex_m.c.obj (.stack)
                  2000802c    000007fc     --HOLE--

__llvm_prf_cnts 
*          0    20000000    00000000     UNINITIALIZED

.binit     0    00000000    00000000     

MODULE SUMMARY

       Module                                             code    ro data   rw data
       ------                                             ----    -------   -------
    .\
       main.obj                                           1092    10        213    
       startup_ccs.obj                                    12      512       0      
    +--+--------------------------------------------------+-------+---------+---------+
       Total:                                             1104    522       213    
                                                                                   
    .\libraries\buttonsDriver\
       button.obj                                         1046    256       0      
    +--+--------------------------------------------------+-------+---------+---------+
       Total:                                             1046    256       0      
                                                                                   
    .\libraries\display\
       Crystalfontz128x128_ST7735.obj                     902     40        32778  
       HAL_EK_TM4C1294XL_Crystalfontz128x128_ST7735.obj   344     0         0      
    +--+--------------------------------------------------+-------+---------+---------+
       Total:                                             1246    40        32778  
                                                                                   
    .\libraries\timerLib\
       timerLib.obj                                       722     0         0      
    +--+--------------------------------------------------+-------+---------+---------+
       Total:                                             722     0         0      
                                                                                   
    C:/ti/TivaWare_C_Series-2.2.0.295/driverlib/ccs/Debug/driverlib.lib
       sysctl.obj                                         730     596       0      
       gpio.obj                                           566     144       0      
       timer.obj                                          196     0         0      
       ssi.obj                                            88      0         0      
       fpu.obj                                            32      0         0      
       interrupt.obj                                      32      0         0      
       cpu.obj                                            24      0         0      
    +--+--------------------------------------------------+-------+---------+---------+
       Total:                                             1668    740       0      
                                                                                   
    C:/ti/TivaWare_C_Series-2.2.0.295/grlib/ccs/Debug/grlib.lib
       string.obj                                         1334    0         0      
       fontfixed6x8.obj                                   0       960       0      
       rectangle.obj                                      236     0         0      
       line.obj                                           140     0         0      
       context.obj                                        104     16        4      
       charmap.obj                                        8       0         0      
    +--+--------------------------------------------------+-------+---------+---------+
       Total:                                             1822    976       4      
                                                                                   
    C:\ti\ccs1281\ccs\tools\compiler\ti-cgt-arm_20.2.7.LTS\lib\rtsv7M4_T_le_v4SPD16_eabi.lib
       _printfi.c.obj                                     4851    0         0      
       fd_add_t2.asm.obj                                  438     0         0      
       fd_div_t2.asm.obj                                  310     0         0      
       s_scalbn.c.obj                                     272     0         0      
       fd_cmp_t2.asm.obj                                  268     0         0      
       ctype.c.obj                                        0       257       0      
       fd_mul_t2.asm.obj                                  252     0         0      
       memcpy_t2.asm.obj                                  156     0         0      
       ull_div_t2.asm.obj                                 150     0         0      
       snprintf.c.obj                                     148     0         0      
       memset_t2.asm.obj                                  122     0         0      
       copy_decompress_lzss.c.obj                         104     0         0      
       s_frexp.c.obj                                      100     0         0      
       autoinit.c.obj                                     96      0         0      
       _ltoa.c.obj                                        84      0         0      
       atoi.c.obj                                         76      0         0      
       fd_toi_t2.asm.obj                                  72      0         0      
       boot_cortex_m.c.obj                                52      0         0      
       i_tofd_t2.asm.obj                                  46      0         0      
       copy_zero_init.c.obj                               28      0         0      
       memccpy.c.obj                                      28      0         0      
       s_copysign.c.obj                                   26      0         0      
       strchr.c.obj                                       22      0         0      
       strlen.c.obj                                       20      0         0      
       wcslen.c.obj                                       18      0         0      
       copy_decompress_none.c.obj                         14      0         0      
       errno.c.obj                                        8       0         4      
       exit.c.obj                                         4       0         0      
       pre_init.c.obj                                     4       0         0      
       div0.asm.obj                                       2       0         0      
    +--+--------------------------------------------------+-------+---------+---------+
       Total:                                             7771    257       4      
                                                                                   
       Stack:                                             0       0         2048   
       Linker Generated:                                  0       63        0      
    +--+--------------------------------------------------+-------+---------+---------+
       Grand Total:                                       15379   2854      35047  


LINKER GENERATED COPY TABLES

__TI_cinit_table @ 00004750 records: 2, size/record: 8, table size: 16
	.data: load addr=00004720, load size=0000001b bytes, run addr=20000000, run size=00008028 bytes, compression=lzss
	.bss: load addr=00004748, load size=00000008 bytes, run addr=20008828, run size=000000c2 bytes, compression=zero_init


LINKER GENERATED HANDLER TABLE

__TI_handler_table @ 0000473c records: 3, size/record: 4, table size: 12
	index: 0, handler: __TI_decompress_lzss
	index: 1, handler: __TI_decompress_none
	index: 2, handler: __TI_zero_init


GLOBAL SYMBOLS: SORTED ALPHABETICALLY BY Name 

address   name                                  
-------   ----                                  
00003e2b  C$$EXIT                               
00003d8d  CPUcpsid                              
00003d99  CPUcpsie                              
000026c5  Crystalfontz128x128_Init              
00002a11  Crystalfontz128x128_SetDrawFrame      
00003655  Crystalfontz128x128_SetOrientation    
00003d31  FPUEnable                             
00003d41  FPULazyStackingEnable                 
000039e1  GPIODirModeSet                        
000019d1  GPIOPadConfigSet                      
000032f1  GPIOPinConfigure                      
00003df1  GPIOPinRead                           
00003c4d  GPIOPinTypeGPIOInput                  
00003bd1  GPIOPinTypeGPIOOutput                 
00003c63  GPIOPinTypeSSI                        
00003df7  GPIOPinWrite                          
00003dfd  GrContextFontSet                      
00002e85  GrContextInit                         
00002605  GrDefaultStringRenderer               
00003a0d  GrFontBaselineGet                     
00003b0b  GrFontCodepageGet                     
00003a89  GrFontGlyphDataGet                    
00000ec1  GrFontGlyphRender                     
00003a63  GrFontInfoGet                         
00003545  GrLineDrawH                           
0000358b  GrLineDrawV                           
00003dd7  GrMapISO8859_1_Unicode                
00002fbd  GrRectDraw                            
00002a9d  GrRectFill                            
00003c79  GrStringDraw                          
00003929  GrStringNextCharGet                   
00002eed  GrStringWidthGet                      
00002c31  HAL_LCD_PortInit                      
00002cad  HAL_LCD_SpiInit                       
000035d1  HAL_LCD_writeCommand                  
00003b45  HAL_LCD_writeData                     
00003d51  IntMasterDisable                      
00003d61  IntMasterEnable                       
200088e6  Lcd_FlagRead                          
200088e7  Lcd_FontSolid                         
200088e8  Lcd_Orientation                       
200088e9  Lcd_PenSolid                          
200088e0  Lcd_ScreenHeigth                      
200088e2  Lcd_ScreenWidth                       
200088e4  Lcd_TouchTrim                         
20000000  Lcd_buffer                            
00003e03  ResetISR                              
00004718  SHT$$INIT_ARRAY$$Base                 
0000471c  SHT$$INIT_ARRAY$$Limit                
00003ddf  SSIBusy                               
0000374d  SSIConfigSetExpClk                    
00003da5  SSIDataPut                            
00003daf  SSIEnable                             
00001115  SysCtlClockFreqSet                    
00003e09  SysCtlDelay                           
00003831  SysCtlPeripheralEnable                
000037c1  SysCtlPeripheralReady                 
00003e0f  TimerClockSourceSet                   
00003089  TimerConfigure                        
00003c05  TimerDisable                          
00003d71  TimerEnable                           
00003cf9  TimerLoadSet                          
00003e15  TimerLoadSet64                        
00003db9  TimerValueGet                         
00003c8f  TimerValueGet64                       
000038c9  _ZN5Timer10isWideBaseEj               
00001b3d  _ZN5Timer23enablePeripheralForBaseEj  
00002835  _ZN5Timer5beginEjj                    
00003c1d  _ZN5TimerC1Ev                         
00003c1d  _ZN5TimerC2Ev                         
00003dc3  _ZN6Button10wasPressedEv              
00003dcd  _ZN6Button11wasReleasedEv             
00003a39  _ZN6Button12readPhysicalEv            
00003e1b  _ZN6Button13setDebounceMsEi           
00003957  _ZN6Button14applyPadConfigEv          
00003e1f  _ZN6Button17setTickIntervalMsEj       
00001845  _ZN6Button3fsmEb                      
00003695  _ZN6Button4tickEv                     
00003985  _ZN6Button5beginEv                    
00003b61  _ZN6Button5resetEv                    
000034b5  _ZN6Button8debounceEb                 
00003e23  _ZN6Button8newStateENS_12StateMachineE
00001c91  _ZN6ButtonC1Ehjjj10ButtonPull         
00001c91  _ZN6ButtonC2Ehjjj10ButtonPull         
0000333d  _ZNK5Timer6microsEv                   
00003d0b  _ZNK5Timer6millisEv                   
20008828  __STACK_END                           
00000800  __STACK_SIZE                          
20008228  __STACK_TOP                           
00004750  __TI_CINIT_Base                       
00004760  __TI_CINIT_Limit                      
0000473c  __TI_Handler_Table_Base               
00004748  __TI_Handler_Table_Limit              
000030e9  __TI_auto_init_nobinit                
00002f55  __TI_decompress_lzss                  
00003d7f  __TI_decompress_none                  
000031f9  __TI_ltoa                             
ffffffff  __TI_pprof_out_hndl                   
00000201  __TI_printfi                          
ffffffff  __TI_prof_data_size                   
ffffffff  __TI_prof_data_start                  
00000000  __TI_static_base__                    
00003b99  __TI_zero_init_nomemset               
00002b23  __aeabi_cdcmpeq                       
00002b23  __aeabi_cdcmple                       
00002ba9  __aeabi_cdrcmple                      
000034fd  __aeabi_d2iz                          
000014ef  __aeabi_dadd                          
00001f11  __aeabi_ddiv                          
0000227d  __aeabi_dmul                          
000014e5  __aeabi_dsub                          
00003de9  __aeabi_errno_addr                    
000039b3  __aeabi_i2d                           
000019cf  __aeabi_idiv0                         
000019cf  __aeabi_ldiv0                         
00002d29  __aeabi_memclr                        
00002d29  __aeabi_memclr4                       
00002d29  __aeabi_memclr8                       
000028dd  __aeabi_memcpy                        
000028dd  __aeabi_memcpy4                       
000028dd  __aeabi_memcpy8                       
00002d2b  __aeabi_memset                        
00002d2b  __aeabi_memset4                       
00002d2b  __aeabi_memset8                       
00002979  __aeabi_uldivmod                      
ffffffff  __binit__                             
ffffffff  __c_args__                            
UNDEFED   __mpu_init                            
20008028  __stack                               
20000000  __start___llvm_prf_cnts               
00003b7d  __sti___8_main_cpp_f9572fa8           
20000000  __stop___llvm_prf_cnts                
00003865  _c_int00_noargs                       
000042d8  _ctypes_                              
UNDEFED   _system_post_cinit                    
00003e27  _system_pre_init                      
00003e2b  abort                                 
00003389  atoi                                  
ffffffff  binit                                 
00003beb  copysign                              
00003beb  copysignl                             
20008024  errno                                 
00003025  frexp                                 
00003025  frexpl                                
20008020  gRunning                              
2000801c  gStopwatchMs                          
20008018  gSystemClock                          
00000000  g_pfnVectors                          
000046f8  g_psDefaultCodePointMapTable          
000046d0  g_sCrystalfontz128x128                
000043dc  g_sFontFixed6x8                       
0000216d  ldexp                                 
0000216d  ldexpl                                
0000169d  main                                  
00003bb5  memccpy                               
000028dd  memcpy                                
00002d31  memset                                
0000216d  scalbn                                
0000216d  scalbnl                               
000033d5  snprintf                              
00003ca5  strchr                                
00003ce5  strlen                                
00003d1d  wcslen                                


GLOBAL SYMBOLS: SORTED BY Symbol Address 

address   name                                  
-------   ----                                  
00000000  __TI_static_base__                    
00000000  g_pfnVectors                          
00000201  __TI_printfi                          
00000800  __STACK_SIZE                          
00000ec1  GrFontGlyphRender                     
00001115  SysCtlClockFreqSet                    
000014e5  __aeabi_dsub                          
000014ef  __aeabi_dadd                          
0000169d  main                                  
00001845  _ZN6Button3fsmEb                      
000019cf  __aeabi_idiv0                         
000019cf  __aeabi_ldiv0                         
000019d1  GPIOPadConfigSet                      
00001b3d  _ZN5Timer23enablePeripheralForBaseEj  
00001c91  _ZN6ButtonC1Ehjjj10ButtonPull         
00001c91  _ZN6ButtonC2Ehjjj10ButtonPull         
00001f11  __aeabi_ddiv                          
0000216d  ldexp                                 
0000216d  ldexpl                                
0000216d  scalbn                                
0000216d  scalbnl                               
0000227d  __aeabi_dmul                          
00002605  GrDefaultStringRenderer               
000026c5  Crystalfontz128x128_Init              
00002835  _ZN5Timer5beginEjj                    
000028dd  __aeabi_memcpy                        
000028dd  __aeabi_memcpy4                       
000028dd  __aeabi_memcpy8                       
000028dd  memcpy                                
00002979  __aeabi_uldivmod                      
00002a11  Crystalfontz128x128_SetDrawFrame      
00002a9d  GrRectFill                            
00002b23  __aeabi_cdcmpeq                       
00002b23  __aeabi_cdcmple                       
00002ba9  __aeabi_cdrcmple                      
00002c31  HAL_LCD_PortInit                      
00002cad  HAL_LCD_SpiInit                       
00002d29  __aeabi_memclr                        
00002d29  __aeabi_memclr4                       
00002d29  __aeabi_memclr8                       
00002d2b  __aeabi_memset                        
00002d2b  __aeabi_memset4                       
00002d2b  __aeabi_memset8                       
00002d31  memset                                
00002e85  GrContextInit                         
00002eed  GrStringWidthGet                      
00002f55  __TI_decompress_lzss                  
00002fbd  GrRectDraw                            
00003025  frexp                                 
00003025  frexpl                                
00003089  TimerConfigure                        
000030e9  __TI_auto_init_nobinit                
000031f9  __TI_ltoa                             
000032f1  GPIOPinConfigure                      
0000333d  _ZNK5Timer6microsEv                   
00003389  atoi                                  
000033d5  snprintf                              
000034b5  _ZN6Button8debounceEb                 
000034fd  __aeabi_d2iz                          
00003545  GrLineDrawH                           
0000358b  GrLineDrawV                           
000035d1  HAL_LCD_writeCommand                  
00003655  Crystalfontz128x128_SetOrientation    
00003695  _ZN6Button4tickEv                     
0000374d  SSIConfigSetExpClk                    
000037c1  SysCtlPeripheralReady                 
00003831  SysCtlPeripheralEnable                
00003865  _c_int00_noargs                       
000038c9  _ZN5Timer10isWideBaseEj               
00003929  GrStringNextCharGet                   
00003957  _ZN6Button14applyPadConfigEv          
00003985  _ZN6Button5beginEv                    
000039b3  __aeabi_i2d                           
000039e1  GPIODirModeSet                        
00003a0d  GrFontBaselineGet                     
00003a39  _ZN6Button12readPhysicalEv            
00003a63  GrFontInfoGet                         
00003a89  GrFontGlyphDataGet                    
00003b0b  GrFontCodepageGet                     
00003b45  HAL_LCD_writeData                     
00003b61  _ZN6Button5resetEv                    
00003b7d  __sti___8_main_cpp_f9572fa8           
00003b99  __TI_zero_init_nomemset               
00003bb5  memccpy                               
00003bd1  GPIOPinTypeGPIOOutput                 
00003beb  copysign                              
00003beb  copysignl                             
00003c05  TimerDisable                          
00003c1d  _ZN5TimerC1Ev                         
00003c1d  _ZN5TimerC2Ev                         
00003c4d  GPIOPinTypeGPIOInput                  
00003c63  GPIOPinTypeSSI                        
00003c79  GrStringDraw                          
00003c8f  TimerValueGet64                       
00003ca5  strchr                                
00003ce5  strlen                                
00003cf9  TimerLoadSet                          
00003d0b  _ZNK5Timer6millisEv                   
00003d1d  wcslen                                
00003d31  FPUEnable                             
00003d41  FPULazyStackingEnable                 
00003d51  IntMasterDisable                      
00003d61  IntMasterEnable                       
00003d71  TimerEnable                           
00003d7f  __TI_decompress_none                  
00003d8d  CPUcpsid                              
00003d99  CPUcpsie                              
00003da5  SSIDataPut                            
00003daf  SSIEnable                             
00003db9  TimerValueGet                         
00003dc3  _ZN6Button10wasPressedEv              
00003dcd  _ZN6Button11wasReleasedEv             
00003dd7  GrMapISO8859_1_Unicode                
00003ddf  SSIBusy                               
00003de9  __aeabi_errno_addr                    
00003df1  GPIOPinRead                           
00003df7  GPIOPinWrite                          
00003dfd  GrContextFontSet                      
00003e03  ResetISR                              
00003e09  SysCtlDelay                           
00003e0f  TimerClockSourceSet                   
00003e15  TimerLoadSet64                        
00003e1b  _ZN6Button13setDebounceMsEi           
00003e1f  _ZN6Button17setTickIntervalMsEj       
00003e23  _ZN6Button8newStateENS_12StateMachineE
00003e27  _system_pre_init                      
00003e2b  C$$EXIT                               
00003e2b  abort                                 
000042d8  _ctypes_                              
000043dc  g_sFontFixed6x8                       
000046d0  g_sCrystalfontz128x128                
000046f8  g_psDefaultCodePointMapTable          
00004718  SHT$$INIT_ARRAY$$Base                 
0000471c  SHT$$INIT_ARRAY$$Limit                
0000473c  __TI_Handler_Table_Base               
00004748  __TI_Handler_Table_Limit              
00004750  __TI_CINIT_Base                       
00004760  __TI_CINIT_Limit                      
20000000  Lcd_buffer                            
20000000  __start___llvm_prf_cnts               
20000000  __stop___llvm_prf_cnts                
20008018  gSystemClock                          
2000801c  gStopwatchMs                          
20008020  gRunning                              
20008024  errno                                 
20008028  __stack                               
20008228  __STACK_TOP                           
20008828  __STACK_END                           
200088e0  Lcd_ScreenHeigth                      
200088e2  Lcd_ScreenWidth                       
200088e4  Lcd_TouchTrim                         
200088e6  Lcd_FlagRead                          
200088e7  Lcd_FontSolid                         
200088e8  Lcd_Orientation                       
200088e9  Lcd_PenSolid                          
ffffffff  __TI_pprof_out_hndl                   
ffffffff  __TI_prof_data_size                   
ffffffff  __TI_prof_data_start                  
ffffffff  __binit__                             
ffffffff  __c_args__                            
ffffffff  binit                                 
UNDEFED   __mpu_init                            
UNDEFED   _system_post_cinit                    

[163 symbols]
