******************************************************************************
                  TI ARM Linker PC v20.2.7                     
******************************************************************************
>> Linked Wed Oct 22 19:59:27 2025

OUTPUT FILE NAME:   <lab0.out>
ENTRY POINT SYMBOL: "_c_int00_noargs"  address: 00003ac1


MEMORY CONFIGURATION

         name            origin    length      used     unused   attr    fill
----------------------  --------  ---------  --------  --------  ----  --------
  FLASH                 00000000   00100000  000049e6  000fb61a  R  X
  SRAM                  20000000   00040000  000089c6  0003763a  RW X


SEGMENT ALLOCATION MAP

run origin  load origin   length   init length attrs members
----------  ----------- ---------- ----------- ----- -------
00000000    00000000    000049e8   000049e8    r-x
  00000000    00000000    00000200   00000200    r-- .intvecs
  00000200    00000200    00003eaa   00003eaa    r-x .text
  000040ac    000040ac    000008f0   000008f0    r-- .const
  0000499c    0000499c    00000004   00000004    r-- .init_array
  000049a0    000049a0    00000048   00000048    r-- .cinit
20000000    20000000    000089c6   00000000    rw-
  20000000    20000000    00008040   00000000    rw- .data
  20008040    20008040    00000800   00000000    rw- .stack
  20008840    20008840    00000186   00000000    rw- .bss


SECTION ALLOCATION MAP

 output                                  attributes/
section   page    origin      length       input sections
--------  ----  ----------  ----------   ----------------
.intvecs   0    00000000    00000200     
                  00000000    00000200     startup_ccs.obj (.intvecs)

.text      0    00000200    00003eaa     
                  00000200    00000a4e     rtsv7M4_T_le_v4SPD16_eabi.lib : _printfi.c.obj (.text:__TI_printfi)
                  00000c4e    00000002     startup_ccs.obj (.text:FaultISR)
                  00000c50    00000304     main.obj (.text:main)
                  00000f54    00000270     rtsv7M4_T_le_v4SPD16_eabi.lib : _printfi.c.obj (.text:_pconv_a)
                  000011c4    00000252     grlib.lib : string.obj (.text:GrFontGlyphRender)
                  00001416    00000002     startup_ccs.obj (.text:IntDefaultHandler)
                  00001418    00000200     driverlib.lib : sysctl.obj (.text:SysCtlClockFreqSet)
                  00001618    000001d0     rtsv7M4_T_le_v4SPD16_eabi.lib : _printfi.c.obj (.text:_pconv_g)
                  000017e8    000001c0     main.obj (.text:_ZN29_INTERNAL_8_main_cpp_f9572fa819drawStopwatchScreenER9_tContextjjjjb)
                  000019a8    000001b6     rtsv7M4_T_le_v4SPD16_eabi.lib : fd_add_t2.asm.obj (.text)
                  00001b5e    0000018a     button.obj (.text:_ZN6Button3fsmEb)
                  00001ce8    0000016c     driverlib.lib : gpio.obj (.text:GPIOPadConfigSet)
                  00001e54    00000154     timerLib.obj (.text:_ZN5Timer23enablePeripheralForBaseEj)
                  00001fa8    00000144     button.obj (.text:_ZN6ButtonC1Ehjjj10ButtonPull)
                  000020ec    0000013c     rtsv7M4_T_le_v4SPD16_eabi.lib : _printfi.c.obj (.text:_pconv_e)
                  00002228    00000136                                   : fd_div_t2.asm.obj (.text)
                  0000235e    00000002     startup_ccs.obj (.text:NmiSR)
                  00002360    00000124     rtsv7M4_T_le_v4SPD16_eabi.lib : _printfi.c.obj (.text:fcvt)
                  00002484    00000110                                   : s_scalbn.c.obj (.text:scalbn)
                  00002594    000000fc                                   : fd_mul_t2.asm.obj (.text)
                  00002690    000000cc     main.obj (.text:_ZN29_INTERNAL_8_main_cpp_f9572fa810drawButtonER9_tContextRK8MyButton)
                  0000275c    000000c8     Crystalfontz128x128_ST7735.obj (.text:Crystalfontz128x128_PixelDrawMultiple)
                  00002824    000000c0     grlib.lib : string.obj (.text:GrDefaultStringRenderer)
                  000028e4    000000bc     Crystalfontz128x128_ST7735.obj (.text:Crystalfontz128x128_Init)
                  000029a0    000000b1     rtsv7M4_T_le_v4SPD16_eabi.lib : _printfi.c.obj (.text:_ltostr)
                  00002a51    00000001     --HOLE-- [fill = 0]
                  00002a52    00000002                                   : div0.asm.obj (.text)
                  00002a54    000000a8     timerLib.obj (.text:_ZN5Timer5beginEjj)
                  00002afc    0000009c     rtsv7M4_T_le_v4SPD16_eabi.lib : memcpy_t2.asm.obj (.text)
                  00002b98    00000096                                   : ull_div_t2.asm.obj (.text)
                  00002c2e    00000002     --HOLE-- [fill = 0]
                  00002c30    0000008c     Crystalfontz128x128_ST7735.obj (.text:Crystalfontz128x128_SetDrawFrame)
                  00002cbc    00000086     grlib.lib : rectangle.obj (.text:GrRectFill)
                  00002d42    00000086     rtsv7M4_T_le_v4SPD16_eabi.lib : fd_cmp_t2.asm.obj (.text:__aeabi_cdcmple)
                  00002dc8    00000086                                   : fd_cmp_t2.asm.obj (.text:__aeabi_cdrcmple)
                  00002e4e    00000002     --HOLE-- [fill = 0]
                  00002e50    0000007c     HAL_EK_TM4C1294XL_Crystalfontz128x128_ST7735.obj (.text:HAL_LCD_PortInit)
                  00002ecc    0000007c     HAL_EK_TM4C1294XL_Crystalfontz128x128_ST7735.obj (.text:HAL_LCD_SpiInit)
                  00002f48    0000007a     rtsv7M4_T_le_v4SPD16_eabi.lib : memset_t2.asm.obj (.text)
                  00002fc2    00000002     --HOLE-- [fill = 0]
                  00002fc4    00000070     Crystalfontz128x128_ST7735.obj (.text:Crystalfontz128x128_RectFill)
                  00003034    0000006e     rtsv7M4_T_le_v4SPD16_eabi.lib : _printfi.c.obj (.text:_mcpy)
                  000030a2    00000002     --HOLE-- [fill = 0]
                  000030a4    00000068     grlib.lib : context.obj (.text:GrContextInit)
                  0000310c    00000068               : string.obj (.text:GrStringWidthGet)
                  00003174    00000068     rtsv7M4_T_le_v4SPD16_eabi.lib : copy_decompress_lzss.c.obj (.text:decompress:lzss:__TI_decompress_lzss)
                  000031dc    00000066     grlib.lib : rectangle.obj (.text:GrRectDraw)
                  00003242    00000002     --HOLE-- [fill = 0]
                  00003244    00000064     rtsv7M4_T_le_v4SPD16_eabi.lib : s_frexp.c.obj (.text:frexp)
                  000032a8    00000060     driverlib.lib : timer.obj (.text:TimerConfigure)
                  00003308    00000060     rtsv7M4_T_le_v4SPD16_eabi.lib : autoinit.c.obj (.text:__TI_auto_init_nobinit:__TI_auto_init_nobinit)
                  00003368    0000005a     grlib.lib : string.obj (.text:FontWideGlyphDataGet)
                  000033c2    00000056     rtsv7M4_T_le_v4SPD16_eabi.lib : _printfi.c.obj (.text:_pconv_f)
                  00003418    00000054                                   : _ltoa.c.obj (.text:__TI_ltoa)
                  0000346c    00000052                                   : _printfi.c.obj (.text:_ecpy)
                  000034be    00000002     --HOLE-- [fill = 0]
                  000034c0    00000050     main.obj (.text:_ZN29_INTERNAL_8_main_cpp_f9572fa817initializeDisplayER9_tContext)
                  00003510    0000004c     driverlib.lib : gpio.obj (.text:GPIOPinConfigure)
                  0000355c    0000004c     timerLib.obj (.text:_ZNK5Timer6microsEv)
                  000035a8    0000004c     rtsv7M4_T_le_v4SPD16_eabi.lib : atoi.c.obj (.text:atoi)
                  000035f4    0000004c                                   : snprintf.c.obj (.text:snprintf)
                  00003640    0000004a     grlib.lib : string.obj (.text:UpdateContextCharMapping)
                  0000368a    00000002     --HOLE-- [fill = 0]
                  0000368c    00000048     driverlib.lib : sysctl.obj (.text:_SysCtlFrequencyGet)
                  000036d4    00000048     button.obj (.text:_ZN6Button8debounceEb)
                  0000371c    00000048     rtsv7M4_T_le_v4SPD16_eabi.lib : fd_toi_t2.asm.obj (.text)
                  00003764    00000046     grlib.lib : line.obj (.text:GrLineDrawH)
                  000037aa    00000046               : line.obj (.text:GrLineDrawV)
                  000037f0    00000044     HAL_EK_TM4C1294XL_Crystalfontz128x128_ST7735.obj (.text:HAL_LCD_writeCommand)
                  00003834    00000040     Crystalfontz128x128_ST7735.obj (.text:Crystalfontz128x128_LineDrawH)
                  00003874    00000040     Crystalfontz128x128_ST7735.obj (.text:Crystalfontz128x128_SetOrientation)
                  000038b4    0000003e     button.obj (.text:_ZN6Button4tickEv)
                  000038f2    0000003e     rtsv7M4_T_le_v4SPD16_eabi.lib : _printfi.c.obj (.text:_fcpy)
                  00003930    0000003c     grlib.lib : string.obj (.text:FontGlyphDataGet)
                  0000396c    0000003c     driverlib.lib : ssi.obj (.text:SSIConfigSetExpClk)
                  000039a8    0000003c     main.obj (.text:_ZN29_INTERNAL_8_main_cpp_f9572fa812setupButtonsEv)
                  000039e4    00000038     Crystalfontz128x128_ST7735.obj (.text:Crystalfontz128x128_Flush)
                  00003a1c    00000038     driverlib.lib : sysctl.obj (.text:SysCtlPeripheralReady)
                  00003a54    00000038     main.obj (.text:_ZN29_INTERNAL_8_main_cpp_f9572fa816onPlayPauseClickEv)
                  00003a8c    00000034     driverlib.lib : sysctl.obj (.text:SysCtlPeripheralEnable)
                  00003ac0    00000034     rtsv7M4_T_le_v4SPD16_eabi.lib : boot_cortex_m.c.obj (.text:_c_int00_noargs:_c_int00_noargs)
                  00003af4    00000030     timerLib.obj (.text:_ZN34_INTERNAL_12_timerLib_cpp_b416d18a11periphReadyEj)
                  00003b24    00000030     timerLib.obj (.text:_ZN5Timer10isWideBaseEj)
                  00003b54    00000030     main.obj (.text:__sti___8_main_cpp_f9572fa8)
                  00003b84    00000030     rtsv7M4_T_le_v4SPD16_eabi.lib : snprintf.c.obj (.text:_outs)
                  00003bb4    0000002e     grlib.lib : string.obj (.text:GrStringNextCharGet)
                  00003be2    0000002e     button.obj (.text:_ZN6Button14applyPadConfigEv)
                  00003c10    0000002e     button.obj (.text:_ZN6Button5beginEv)
                  00003c3e    0000002e     rtsv7M4_T_le_v4SPD16_eabi.lib : i_tofd_t2.asm.obj (.text)
                  00003c6c    0000002c     driverlib.lib : gpio.obj (.text:GPIODirModeSet)
                  00003c98    0000002c     grlib.lib : string.obj (.text:GrFontBaselineGet)
                  00003cc4    0000002c     main.obj (.text:_ZN29_INTERNAL_8_main_cpp_f9572fa812onResetClickEv)
                  00003cf0    0000002a     button.obj (.text:_ZN6Button12readPhysicalEv)
                  00003d1a    00000026     grlib.lib : string.obj (.text:GrFontInfoGet)
                  00003d40    00000022               : string.obj (.text:GrFontGlyphDataGet)
                  00003d62    00000002     --HOLE-- [fill = 0]
                  00003d64    00000020     driverlib.lib : sysctl.obj (.text:_SysCtlMemTimingGet)
                  00003d84    0000001e     Crystalfontz128x128_ST7735.obj (.text:Crystalfontz128x128_ColorTranslate)
                  00003da2    0000001e     grlib.lib : string.obj (.text:GrFontCodepageGet)
                  00003dc0    0000001c     Crystalfontz128x128_ST7735.obj (.text:Crystalfontz128x128_LineDrawV)
                  00003ddc    0000001c     HAL_EK_TM4C1294XL_Crystalfontz128x128_ST7735.obj (.text:HAL_LCD_writeData)
                  00003df8    0000001c     button.obj (.text:_ZN6Button5resetEv)
                  00003e14    0000001c     rtsv7M4_T_le_v4SPD16_eabi.lib : copy_zero_init.c.obj (.text:decompress:ZI:__TI_zero_init_nomemset:__TI_zero_init_nomemset)
                  00003e30    0000001c                                   : memccpy.c.obj (.text:memccpy)
                  00003e4c    0000001a     driverlib.lib : gpio.obj (.text:GPIOPinTypeGPIOOutput)
                  00003e66    0000001a     rtsv7M4_T_le_v4SPD16_eabi.lib : s_copysign.c.obj (.text:copysign)
                  00003e80    00000018     driverlib.lib : timer.obj (.text:TimerDisable)
                  00003e98    00000018     timerLib.obj (.text:_ZN5TimerC1Ev)
                  00003eb0    00000018     rtsv7M4_T_le_v4SPD16_eabi.lib : snprintf.c.obj (.text:_outc)
                  00003ec8    00000016     driverlib.lib : gpio.obj (.text:GPIOPinTypeGPIOInput)
                  00003ede    00000016                   : gpio.obj (.text:GPIOPinTypeSSI)
                  00003ef4    00000016     grlib.lib : string.obj (.text:GrStringDraw)
                  00003f0a    00000016     driverlib.lib : timer.obj (.text:TimerValueGet64)
                  00003f20    00000016     rtsv7M4_T_le_v4SPD16_eabi.lib : strchr.c.obj (.text:strchr)
                  00003f36    00000002     --HOLE-- [fill = 0]
                  00003f38    00000014     Crystalfontz128x128_ST7735.obj (.text:Crystalfontz128x128_PixelDraw)
                  00003f4c    00000014     main.obj (.text:_ZN29_INTERNAL_8_main_cpp_f9572fa814configureTimerER5Timer)
                  00003f60    00000014     rtsv7M4_T_le_v4SPD16_eabi.lib : strlen.c.obj (.text:strlen)
                  00003f74    00000012     driverlib.lib : timer.obj (.text:TimerLoadSet)
                  00003f86    00000012     timerLib.obj (.text:_ZNK5Timer6millisEv)
                  00003f98    00000012     rtsv7M4_T_le_v4SPD16_eabi.lib : wcslen.c.obj (.text:wcslen)
                  00003faa    00000002     --HOLE-- [fill = 0]
                  00003fac    00000010     driverlib.lib : fpu.obj (.text:FPUEnable)
                  00003fbc    00000010                   : fpu.obj (.text:FPULazyStackingEnable)
                  00003fcc    00000010                   : interrupt.obj (.text:IntMasterDisable)
                  00003fdc    00000010                   : interrupt.obj (.text:IntMasterEnable)
                  00003fec    0000000e                   : timer.obj (.text:TimerEnable)
                  00003ffa    0000000e     rtsv7M4_T_le_v4SPD16_eabi.lib : copy_decompress_none.c.obj (.text:decompress:none:__TI_decompress_none)
                  00004008    0000000c     driverlib.lib : cpu.obj (.text:CPUcpsid)
                  00004014    0000000c                   : cpu.obj (.text:CPUcpsie)
                  00004020    0000000a                   : ssi.obj (.text:SSIDataPut)
                  0000402a    0000000a                   : ssi.obj (.text:SSIEnable)
                  00004034    0000000a                   : timer.obj (.text:TimerValueGet)
                  0000403e    0000000a     button.obj (.text:_ZN6Button10wasPressedEv)
                  00004048    0000000a     button.obj (.text:_ZN6Button11wasReleasedEv)
                  00004052    00000008     grlib.lib : charmap.obj (.text:GrMapISO8859_1_Unicode)
                  0000405a    00000008     driverlib.lib : ssi.obj (.text:SSIBusy)
                  00004062    00000002     --HOLE-- [fill = 0]
                  00004064    00000008     rtsv7M4_T_le_v4SPD16_eabi.lib : errno.c.obj (.text:__aeabi_errno_addr)
                  0000406c    00000006     driverlib.lib : gpio.obj (.text:GPIOPinRead)
                  00004072    00000006                   : gpio.obj (.text:GPIOPinWrite)
                  00004078    00000006     grlib.lib : string.obj (.text:GrContextFontSet)
                  0000407e    00000006     startup_ccs.obj (.text:ResetISR)
                  00004084    00000006     driverlib.lib : sysctl.obj (.text:SysCtlDelay)
                  0000408a    00000006                   : timer.obj (.text:TimerClockSourceSet)
                  00004090    00000006                   : timer.obj (.text:TimerLoadSet64)
                  00004096    00000004     button.obj (.text:_ZN6Button13setDebounceMsEi)
                  0000409a    00000004     button.obj (.text:_ZN6Button17setTickIntervalMsEj)
                  0000409e    00000004     button.obj (.text:_ZN6Button8newStateENS_12StateMachineE)
                  000040a2    00000004     rtsv7M4_T_le_v4SPD16_eabi.lib : pre_init.c.obj (.text:_system_pre_init)
                  000040a6    00000004                                   : exit.c.obj (.text:abort:abort)

.const     0    000040ac    000008f0     
                  000040ac    000002f8     grlib.lib : fontfixed6x8.obj (.const:.string:g_pui8FontFixed6x8Data)
                  000043a4    000001b0     driverlib.lib : sysctl.obj (.const:g_pppui32XTALtoVCO)
                  00004554    00000101     rtsv7M4_T_le_v4SPD16_eabi.lib : ctype.c.obj (.const:.string:_ctypes_)
                  00004655    00000003     --HOLE-- [fill = 0]
                  00004658    000000c8     grlib.lib : fontfixed6x8.obj (.const:g_sFontFixed6x8)
                  00004720    00000090     driverlib.lib : gpio.obj (.const:g_pui32GPIOBaseAddrs)
                  000047b0    0000006c                   : sysctl.obj (.const:g_pui32Xtals)
                  0000481c    00000060     button.obj (.const:.string:digital_pin_to_bit_mask)
                  0000487c    00000060     button.obj (.const:.string:digital_pin_to_port)
                  000048dc    00000040     button.obj (.const:port_to_base)
                  0000491c    00000030     driverlib.lib : sysctl.obj (.const:g_sXTALtoMEMTIM)
                  0000494c    00000028     Crystalfontz128x128_ST7735.obj (.const:g_sCrystalfontz128x128)
                  00004974    00000010     grlib.lib : context.obj (.const:g_psDefaultCodePointMapTable)
                  00004984    0000000e     main.obj (.const:.string)
                  00004992    00000002     --HOLE-- [fill = 0]
                  00004994    00000008     driverlib.lib : sysctl.obj (.const:g_pui32VCOFrequencies)

.cinit     0    000049a0    00000048     
                  000049a0    00000023     (.cinit..data.load) [load image, compression = lzss]
                  000049c3    00000001     --HOLE-- [fill = 0]
                  000049c4    0000000c     (__TI_handler_table)
                  000049d0    00000008     (.cinit..bss.load) [load image, compression = zero_init]
                  000049d8    00000010     (__TI_cinit_table)

.init_array 
*          0    0000499c    00000004     
                  0000499c    00000004     main.obj (.init_array)

.data      0    20000000    00008040     UNINITIALIZED
                  20000000    00008000     Crystalfontz128x128_ST7735.obj (.data:Lcd_buffer)
                  20008000    00000018     main.obj (.data:btnClear)
                  20008018    00000018     main.obj (.data:btnStart)
                  20008030    00000009     main.obj (.data)
                  20008039    00000003     --HOLE--
                  2000803c    00000004     rtsv7M4_T_le_v4SPD16_eabi.lib : errno.c.obj (.data)

.bss       0    20008840    00000186     UNINITIALIZED
                  20008840    000000b4     main.obj (.bss:btnPlayPause)
                  200088f4    000000b4     main.obj (.bss:btnReset)
                  200089a8    00000004     grlib.lib : context.obj (.bss)
                  200089ac    00000004     (.common:currentHr)
                  200089b0    00000004     (.common:currentMin)
                  200089b4    00000004     (.common:currentMs)
                  200089b8    00000004     (.common:currentSec)
                  200089bc    00000002     (.common:Lcd_ScreenHeigth)
                  200089be    00000002     (.common:Lcd_ScreenWidth)
                  200089c0    00000002     (.common:Lcd_TouchTrim)
                  200089c2    00000001     (.common:Lcd_FlagRead)
                  200089c3    00000001     (.common:Lcd_FontSolid)
                  200089c4    00000001     (.common:Lcd_Orientation)
                  200089c5    00000001     (.common:Lcd_PenSolid)

.stack     0    20008040    00000800     UNINITIALIZED
                  20008040    00000004     rtsv7M4_T_le_v4SPD16_eabi.lib : boot_cortex_m.c.obj (.stack)
                  20008044    000007fc     --HOLE--

__llvm_prf_cnts 
*          0    20000000    00000000     UNINITIALIZED

.binit     0    00000000    00000000     

MODULE SUMMARY

       Module                                             code    ro data   rw data
       ------                                             ----    -------   -------
    .\
       main.obj                                           1732    18        433    
       startup_ccs.obj                                    12      512       0      
    +--+--------------------------------------------------+-------+---------+---------+
       Total:                                             1744    530       433    
                                                                                   
    .\libraries\buttonsDriver\
       button.obj                                         1046    256       0      
    +--+--------------------------------------------------+-------+---------+---------+
       Total:                                             1046    256       0      
                                                                                   
    .\libraries\display\
       Crystalfontz128x128_ST7735.obj                     902     40        32778  
       HAL_EK_TM4C1294XL_Crystalfontz128x128_ST7735.obj   344     0         0      
    +--+--------------------------------------------------+-------+---------+---------+
       Total:                                             1246    40        32778  
                                                                                   
    .\libraries\timerLib\
       timerLib.obj                                       722     0         0      
    +--+--------------------------------------------------+-------+---------+---------+
       Total:                                             722     0         0      
                                                                                   
    C:/ti/TivaWare_C_Series-2.2.0.295/driverlib/ccs/Debug/driverlib.lib
       sysctl.obj                                         730     596       0      
       gpio.obj                                           566     144       0      
       timer.obj                                          196     0         0      
       ssi.obj                                            88      0         0      
       fpu.obj                                            32      0         0      
       interrupt.obj                                      32      0         0      
       cpu.obj                                            24      0         0      
    +--+--------------------------------------------------+-------+---------+---------+
       Total:                                             1668    740       0      
                                                                                   
    C:/ti/TivaWare_C_Series-2.2.0.295/grlib/ccs/Debug/grlib.lib
       string.obj                                         1334    0         0      
       fontfixed6x8.obj                                   0       960       0      
       rectangle.obj                                      236     0         0      
       line.obj                                           140     0         0      
       context.obj                                        104     16        4      
       charmap.obj                                        8       0         0      
    +--+--------------------------------------------------+-------+---------+---------+
       Total:                                             1822    976       4      
                                                                                   
    C:\ti\ccs1281\ccs\tools\compiler\ti-cgt-arm_20.2.7.LTS\lib\rtsv7M4_T_le_v4SPD16_eabi.lib
       _printfi.c.obj                                     4851    0         0      
       fd_add_t2.asm.obj                                  438     0         0      
       fd_div_t2.asm.obj                                  310     0         0      
       s_scalbn.c.obj                                     272     0         0      
       fd_cmp_t2.asm.obj                                  268     0         0      
       ctype.c.obj                                        0       257       0      
       fd_mul_t2.asm.obj                                  252     0         0      
       memcpy_t2.asm.obj                                  156     0         0      
       ull_div_t2.asm.obj                                 150     0         0      
       snprintf.c.obj                                     148     0         0      
       memset_t2.asm.obj                                  122     0         0      
       copy_decompress_lzss.c.obj                         104     0         0      
       s_frexp.c.obj                                      100     0         0      
       autoinit.c.obj                                     96      0         0      
       _ltoa.c.obj                                        84      0         0      
       atoi.c.obj                                         76      0         0      
       fd_toi_t2.asm.obj                                  72      0         0      
       boot_cortex_m.c.obj                                52      0         0      
       i_tofd_t2.asm.obj                                  46      0         0      
       copy_zero_init.c.obj                               28      0         0      
       memccpy.c.obj                                      28      0         0      
       s_copysign.c.obj                                   26      0         0      
       strchr.c.obj                                       22      0         0      
       strlen.c.obj                                       20      0         0      
       wcslen.c.obj                                       18      0         0      
       copy_decompress_none.c.obj                         14      0         0      
       errno.c.obj                                        8       0         4      
       exit.c.obj                                         4       0         0      
       pre_init.c.obj                                     4       0         0      
       div0.asm.obj                                       2       0         0      
    +--+--------------------------------------------------+-------+---------+---------+
       Total:                                             7771    257       4      
                                                                                   
       Stack:                                             0       0         2048   
       Linker Generated:                                  0       71        0      
    +--+--------------------------------------------------+-------+---------+---------+
       Grand Total:                                       16019   2870      35267  


LINKER GENERATED COPY TABLES

__TI_cinit_table @ 000049d8 records: 2, size/record: 8, table size: 16
	.data: load addr=000049a0, load size=00000023 bytes, run addr=20000000, run size=00008040 bytes, compression=lzss
	.bss: load addr=000049d0, load size=00000008 bytes, run addr=20008840, run size=00000186 bytes, compression=zero_init


LINKER GENERATED HANDLER TABLE

__TI_handler_table @ 000049c4 records: 3, size/record: 4, table size: 12
	index: 0, handler: __TI_decompress_lzss
	index: 1, handler: __TI_decompress_none
	index: 2, handler: __TI_zero_init


GLOBAL SYMBOLS: SORTED ALPHABETICALLY BY Name 

address   name                                  
-------   ----                                  
000040a7  C$$EXIT                               
00004009  CPUcpsid                              
00004015  CPUcpsie                              
000028e5  Crystalfontz128x128_Init              
00002c31  Crystalfontz128x128_SetDrawFrame      
00003875  Crystalfontz128x128_SetOrientation    
00003fad  FPUEnable                             
00003fbd  FPULazyStackingEnable                 
00003c6d  GPIODirModeSet                        
00001ce9  GPIOPadConfigSet                      
00003511  GPIOPinConfigure                      
0000406d  GPIOPinRead                           
00003ec9  GPIOPinTypeGPIOInput                  
00003e4d  GPIOPinTypeGPIOOutput                 
00003edf  GPIOPinTypeSSI                        
00004073  GPIOPinWrite                          
00004079  GrContextFontSet                      
000030a5  GrContextInit                         
00002825  GrDefaultStringRenderer               
00003c99  GrFontBaselineGet                     
00003da3  GrFontCodepageGet                     
00003d41  GrFontGlyphDataGet                    
000011c5  GrFontGlyphRender                     
00003d1b  GrFontInfoGet                         
00003765  GrLineDrawH                           
000037ab  GrLineDrawV                           
00004053  GrMapISO8859_1_Unicode                
000031dd  GrRectDraw                            
00002cbd  GrRectFill                            
00003ef5  GrStringDraw                          
00003bb5  GrStringNextCharGet                   
0000310d  GrStringWidthGet                      
00002e51  HAL_LCD_PortInit                      
00002ecd  HAL_LCD_SpiInit                       
000037f1  HAL_LCD_writeCommand                  
00003ddd  HAL_LCD_writeData                     
00003fcd  IntMasterDisable                      
00003fdd  IntMasterEnable                       
200089c2  Lcd_FlagRead                          
200089c3  Lcd_FontSolid                         
200089c4  Lcd_Orientation                       
200089c5  Lcd_PenSolid                          
200089bc  Lcd_ScreenHeigth                      
200089be  Lcd_ScreenWidth                       
200089c0  Lcd_TouchTrim                         
20000000  Lcd_buffer                            
0000407f  ResetISR                              
0000499c  SHT$$INIT_ARRAY$$Base                 
000049a0  SHT$$INIT_ARRAY$$Limit                
0000405b  SSIBusy                               
0000396d  SSIConfigSetExpClk                    
00004021  SSIDataPut                            
0000402b  SSIEnable                             
00001419  SysCtlClockFreqSet                    
00004085  SysCtlDelay                           
00003a8d  SysCtlPeripheralEnable                
00003a1d  SysCtlPeripheralReady                 
0000408b  TimerClockSourceSet                   
000032a9  TimerConfigure                        
00003e81  TimerDisable                          
00003fed  TimerEnable                           
00003f75  TimerLoadSet                          
00004091  TimerLoadSet64                        
00004035  TimerValueGet                         
00003f0b  TimerValueGet64                       
00003b25  _ZN5Timer10isWideBaseEj               
00001e55  _ZN5Timer23enablePeripheralForBaseEj  
00002a55  _ZN5Timer5beginEjj                    
00003e99  _ZN5TimerC1Ev                         
00003e99  _ZN5TimerC2Ev                         
0000403f  _ZN6Button10wasPressedEv              
00004049  _ZN6Button11wasReleasedEv             
00003cf1  _ZN6Button12readPhysicalEv            
00004097  _ZN6Button13setDebounceMsEi           
00003be3  _ZN6Button14applyPadConfigEv          
0000409b  _ZN6Button17setTickIntervalMsEj       
00001b5f  _ZN6Button3fsmEb                      
000038b5  _ZN6Button4tickEv                     
00003c11  _ZN6Button5beginEv                    
00003df9  _ZN6Button5resetEv                    
000036d5  _ZN6Button8debounceEb                 
0000409f  _ZN6Button8newStateENS_12StateMachineE
00001fa9  _ZN6ButtonC1Ehjjj10ButtonPull         
00001fa9  _ZN6ButtonC2Ehjjj10ButtonPull         
0000355d  _ZNK5Timer6microsEv                   
00003f87  _ZNK5Timer6millisEv                   
20008840  __STACK_END                           
00000800  __STACK_SIZE                          
20008240  __STACK_TOP                           
000049d8  __TI_CINIT_Base                       
000049e8  __TI_CINIT_Limit                      
000049c4  __TI_Handler_Table_Base               
000049d0  __TI_Handler_Table_Limit              
00003309  __TI_auto_init_nobinit                
00003175  __TI_decompress_lzss                  
00003ffb  __TI_decompress_none                  
00003419  __TI_ltoa                             
ffffffff  __TI_pprof_out_hndl                   
00000201  __TI_printfi                          
ffffffff  __TI_prof_data_size                   
ffffffff  __TI_prof_data_start                  
00000000  __TI_static_base__                    
00003e15  __TI_zero_init_nomemset               
00002d43  __aeabi_cdcmpeq                       
00002d43  __aeabi_cdcmple                       
00002dc9  __aeabi_cdrcmple                      
0000371d  __aeabi_d2iz                          
000019b3  __aeabi_dadd                          
00002229  __aeabi_ddiv                          
00002595  __aeabi_dmul                          
000019a9  __aeabi_dsub                          
00004065  __aeabi_errno_addr                    
00003c3f  __aeabi_i2d                           
00002a53  __aeabi_idiv0                         
00002a53  __aeabi_ldiv0                         
00002f49  __aeabi_memclr                        
00002f49  __aeabi_memclr4                       
00002f49  __aeabi_memclr8                       
00002afd  __aeabi_memcpy                        
00002afd  __aeabi_memcpy4                       
00002afd  __aeabi_memcpy8                       
00002f4b  __aeabi_memset                        
00002f4b  __aeabi_memset4                       
00002f4b  __aeabi_memset8                       
00002b99  __aeabi_uldivmod                      
ffffffff  __binit__                             
ffffffff  __c_args__                            
UNDEFED   __mpu_init                            
20008040  __stack                               
20000000  __start___llvm_prf_cnts               
00003b55  __sti___8_main_cpp_f9572fa8           
20000000  __stop___llvm_prf_cnts                
00003ac1  _c_int00_noargs                       
00004554  _ctypes_                              
UNDEFED   _system_post_cinit                    
000040a3  _system_pre_init                      
000040a7  abort                                 
000035a9  atoi                                  
ffffffff  binit                                 
00003e67  copysign                              
00003e67  copysignl                             
200089ac  currentHr                             
200089b0  currentMin                            
200089b4  currentMs                             
200089b8  currentSec                            
2000803c  errno                                 
00003245  frexp                                 
00003245  frexpl                                
20008038  gRunning                              
20008034  gStopwatchMs                          
20008030  gSystemClock                          
00000000  g_pfnVectors                          
00004974  g_psDefaultCodePointMapTable          
0000494c  g_sCrystalfontz128x128                
00004658  g_sFontFixed6x8                       
00002485  ldexp                                 
00002485  ldexpl                                
00000c51  main                                  
00003e31  memccpy                               
00002afd  memcpy                                
00002f51  memset                                
00002485  scalbn                                
00002485  scalbnl                               
000035f5  snprintf                              
00003f21  strchr                                
00003f61  strlen                                
00003f99  wcslen                                


GLOBAL SYMBOLS: SORTED BY Symbol Address 

address   name                                  
-------   ----                                  
00000000  __TI_static_base__                    
00000000  g_pfnVectors                          
00000201  __TI_printfi                          
00000800  __STACK_SIZE                          
00000c51  main                                  
000011c5  GrFontGlyphRender                     
00001419  SysCtlClockFreqSet                    
000019a9  __aeabi_dsub                          
000019b3  __aeabi_dadd                          
00001b5f  _ZN6Button3fsmEb                      
00001ce9  GPIOPadConfigSet                      
00001e55  _ZN5Timer23enablePeripheralForBaseEj  
00001fa9  _ZN6ButtonC1Ehjjj10ButtonPull         
00001fa9  _ZN6ButtonC2Ehjjj10ButtonPull         
00002229  __aeabi_ddiv                          
00002485  ldexp                                 
00002485  ldexpl                                
00002485  scalbn                                
00002485  scalbnl                               
00002595  __aeabi_dmul                          
00002825  GrDefaultStringRenderer               
000028e5  Crystalfontz128x128_Init              
00002a53  __aeabi_idiv0                         
00002a53  __aeabi_ldiv0                         
00002a55  _ZN5Timer5beginEjj                    
00002afd  __aeabi_memcpy                        
00002afd  __aeabi_memcpy4                       
00002afd  __aeabi_memcpy8                       
00002afd  memcpy                                
00002b99  __aeabi_uldivmod                      
00002c31  Crystalfontz128x128_SetDrawFrame      
00002cbd  GrRectFill                            
00002d43  __aeabi_cdcmpeq                       
00002d43  __aeabi_cdcmple                       
00002dc9  __aeabi_cdrcmple                      
00002e51  HAL_LCD_PortInit                      
00002ecd  HAL_LCD_SpiInit                       
00002f49  __aeabi_memclr                        
00002f49  __aeabi_memclr4                       
00002f49  __aeabi_memclr8                       
00002f4b  __aeabi_memset                        
00002f4b  __aeabi_memset4                       
00002f4b  __aeabi_memset8                       
00002f51  memset                                
000030a5  GrContextInit                         
0000310d  GrStringWidthGet                      
00003175  __TI_decompress_lzss                  
000031dd  GrRectDraw                            
00003245  frexp                                 
00003245  frexpl                                
000032a9  TimerConfigure                        
00003309  __TI_auto_init_nobinit                
00003419  __TI_ltoa                             
00003511  GPIOPinConfigure                      
0000355d  _ZNK5Timer6microsEv                   
000035a9  atoi                                  
000035f5  snprintf                              
000036d5  _ZN6Button8debounceEb                 
0000371d  __aeabi_d2iz                          
00003765  GrLineDrawH                           
000037ab  GrLineDrawV                           
000037f1  HAL_LCD_writeCommand                  
00003875  Crystalfontz128x128_SetOrientation    
000038b5  _ZN6Button4tickEv                     
0000396d  SSIConfigSetExpClk                    
00003a1d  SysCtlPeripheralReady                 
00003a8d  SysCtlPeripheralEnable                
00003ac1  _c_int00_noargs                       
00003b25  _ZN5Timer10isWideBaseEj               
00003b55  __sti___8_main_cpp_f9572fa8           
00003bb5  GrStringNextCharGet                   
00003be3  _ZN6Button14applyPadConfigEv          
00003c11  _ZN6Button5beginEv                    
00003c3f  __aeabi_i2d                           
00003c6d  GPIODirModeSet                        
00003c99  GrFontBaselineGet                     
00003cf1  _ZN6Button12readPhysicalEv            
00003d1b  GrFontInfoGet                         
00003d41  GrFontGlyphDataGet                    
00003da3  GrFontCodepageGet                     
00003ddd  HAL_LCD_writeData                     
00003df9  _ZN6Button5resetEv                    
00003e15  __TI_zero_init_nomemset               
00003e31  memccpy                               
00003e4d  GPIOPinTypeGPIOOutput                 
00003e67  copysign                              
00003e67  copysignl                             
00003e81  TimerDisable                          
00003e99  _ZN5TimerC1Ev                         
00003e99  _ZN5TimerC2Ev                         
00003ec9  GPIOPinTypeGPIOInput                  
00003edf  GPIOPinTypeSSI                        
00003ef5  GrStringDraw                          
00003f0b  TimerValueGet64                       
00003f21  strchr                                
00003f61  strlen                                
00003f75  TimerLoadSet                          
00003f87  _ZNK5Timer6millisEv                   
00003f99  wcslen                                
00003fad  FPUEnable                             
00003fbd  FPULazyStackingEnable                 
00003fcd  IntMasterDisable                      
00003fdd  IntMasterEnable                       
00003fed  TimerEnable                           
00003ffb  __TI_decompress_none                  
00004009  CPUcpsid                              
00004015  CPUcpsie                              
00004021  SSIDataPut                            
0000402b  SSIEnable                             
00004035  TimerValueGet                         
0000403f  _ZN6Button10wasPressedEv              
00004049  _ZN6Button11wasReleasedEv             
00004053  GrMapISO8859_1_Unicode                
0000405b  SSIBusy                               
00004065  __aeabi_errno_addr                    
0000406d  GPIOPinRead                           
00004073  GPIOPinWrite                          
00004079  GrContextFontSet                      
0000407f  ResetISR                              
00004085  SysCtlDelay                           
0000408b  TimerClockSourceSet                   
00004091  TimerLoadSet64                        
00004097  _ZN6Button13setDebounceMsEi           
0000409b  _ZN6Button17setTickIntervalMsEj       
0000409f  _ZN6Button8newStateENS_12StateMachineE
000040a3  _system_pre_init                      
000040a7  C$$EXIT                               
000040a7  abort                                 
00004554  _ctypes_                              
00004658  g_sFontFixed6x8                       
0000494c  g_sCrystalfontz128x128                
00004974  g_psDefaultCodePointMapTable          
0000499c  SHT$$INIT_ARRAY$$Base                 
000049a0  SHT$$INIT_ARRAY$$Limit                
000049c4  __TI_Handler_Table_Base               
000049d0  __TI_Handler_Table_Limit              
000049d8  __TI_CINIT_Base                       
000049e8  __TI_CINIT_Limit                      
20000000  Lcd_buffer                            
20000000  __start___llvm_prf_cnts               
20000000  __stop___llvm_prf_cnts                
20008030  gSystemClock                          
20008034  gStopwatchMs                          
20008038  gRunning                              
2000803c  errno                                 
20008040  __stack                               
20008240  __STACK_TOP                           
20008840  __STACK_END                           
200089ac  currentHr                             
200089b0  currentMin                            
200089b4  currentMs                             
200089b8  currentSec                            
200089bc  Lcd_ScreenHeigth                      
200089be  Lcd_ScreenWidth                       
200089c0  Lcd_TouchTrim                         
200089c2  Lcd_FlagRead                          
200089c3  Lcd_FontSolid                         
200089c4  Lcd_Orientation                       
200089c5  Lcd_PenSolid                          
ffffffff  __TI_pprof_out_hndl                   
ffffffff  __TI_prof_data_size                   
ffffffff  __TI_prof_data_start                  
ffffffff  __binit__                             
ffffffff  __c_args__                            
ffffffff  binit                                 
UNDEFED   __mpu_init                            
UNDEFED   _system_post_cinit                    

[167 symbols]
