<?xml version="1.0" encoding="ISO-8859-1" ?>
<link_info>
   <banner>TI ARM Linker PC v20.2.7.LTS</banner>
   <copyright>Copyright (c) 1996-2018 Texas Instruments Incorporated</copyright>
   <link_time>0x68f8d0c8</link_time>
   <link_errors>0x0</link_errors>
   <output_file>lab0.out</output_file>
   <entry_point>
      <name>_c_int00_noargs</name>
      <address>0x38a5</address>
   </entry_point>
   <input_file_list>
      <input_file id="fl-2">
         <path>.\</path>
         <kind>object</kind>
         <file>main.obj</file>
         <name>main.obj</name>
      </input_file>
      <input_file id="fl-3">
         <path>.\</path>
         <kind>object</kind>
         <file>startup_ccs.obj</file>
         <name>startup_ccs.obj</name>
      </input_file>
      <input_file id="fl-4">
         <path>.\libraries\buttonsDriver\</path>
         <kind>object</kind>
         <file>button.obj</file>
         <name>button.obj</name>
      </input_file>
      <input_file id="fl-5">
         <path>.\libraries\display\</path>
         <kind>object</kind>
         <file>Crystalfontz128x128_ST7735.obj</file>
         <name>Crystalfontz128x128_ST7735.obj</name>
      </input_file>
      <input_file id="fl-6">
         <path>.\libraries\display\</path>
         <kind>object</kind>
         <file>HAL_EK_TM4C1294XL_Crystalfontz128x128_ST7735.obj</file>
         <name>HAL_EK_TM4C1294XL_Crystalfontz128x128_ST7735.obj</name>
      </input_file>
      <input_file id="fl-7">
         <path>.\libraries\joystickDriver\</path>
         <kind>object</kind>
         <file>joystick.obj</file>
         <name>joystick.obj</name>
      </input_file>
      <input_file id="fl-8">
         <path>.\libraries\pll\</path>
         <kind>object</kind>
         <file>sysctl_pll.obj</file>
         <name>sysctl_pll.obj</name>
      </input_file>
      <input_file id="fl-9">
         <path>.\libraries\timerLib\</path>
         <kind>object</kind>
         <file>timerLib.obj</file>
         <name>timerLib.obj</name>
      </input_file>
      <input_file id="fl-f">
         <kind>object</kind>
         <file>&lt;internal&gt;</file>
         <name>&lt;internal&gt;</name>
      </input_file>
      <input_file id="fl-10">
         <path>C:\ti\TivaWare_C_Series-2.2.0.295\driverlib\ccs\Debug\</path>
         <kind>archive</kind>
         <file>driverlib.lib</file>
         <name>adc.obj</name>
      </input_file>
      <input_file id="fl-11">
         <path>C:\ti\TivaWare_C_Series-2.2.0.295\driverlib\ccs\Debug\</path>
         <kind>archive</kind>
         <file>driverlib.lib</file>
         <name>fpu.obj</name>
      </input_file>
      <input_file id="fl-12">
         <path>C:\ti\TivaWare_C_Series-2.2.0.295\driverlib\ccs\Debug\</path>
         <kind>archive</kind>
         <file>driverlib.lib</file>
         <name>gpio.obj</name>
      </input_file>
      <input_file id="fl-13">
         <path>C:\ti\TivaWare_C_Series-2.2.0.295\driverlib\ccs\Debug\</path>
         <kind>archive</kind>
         <file>driverlib.lib</file>
         <name>interrupt.obj</name>
      </input_file>
      <input_file id="fl-14">
         <path>C:\ti\TivaWare_C_Series-2.2.0.295\driverlib\ccs\Debug\</path>
         <kind>archive</kind>
         <file>driverlib.lib</file>
         <name>ssi.obj</name>
      </input_file>
      <input_file id="fl-15">
         <path>C:\ti\TivaWare_C_Series-2.2.0.295\driverlib\ccs\Debug\</path>
         <kind>archive</kind>
         <file>driverlib.lib</file>
         <name>sysctl.obj</name>
      </input_file>
      <input_file id="fl-16">
         <path>C:\ti\TivaWare_C_Series-2.2.0.295\driverlib\ccs\Debug\</path>
         <kind>archive</kind>
         <file>driverlib.lib</file>
         <name>timer.obj</name>
      </input_file>
      <input_file id="fl-17">
         <path>C:\ti\TivaWare_C_Series-2.2.0.295\driverlib\ccs\Debug\</path>
         <kind>archive</kind>
         <file>driverlib.lib</file>
         <name>cpu.obj</name>
      </input_file>
      <input_file id="fl-18">
         <path>C:\ti\TivaWare_C_Series-2.2.0.295\grlib\ccs\Debug\</path>
         <kind>archive</kind>
         <file>grlib.lib</file>
         <name>context.obj</name>
      </input_file>
      <input_file id="fl-19">
         <path>C:\ti\TivaWare_C_Series-2.2.0.295\grlib\ccs\Debug\</path>
         <kind>archive</kind>
         <file>grlib.lib</file>
         <name>rectangle.obj</name>
      </input_file>
      <input_file id="fl-1a">
         <path>C:\ti\TivaWare_C_Series-2.2.0.295\grlib\ccs\Debug\</path>
         <kind>archive</kind>
         <file>grlib.lib</file>
         <name>string.obj</name>
      </input_file>
      <input_file id="fl-1b">
         <path>C:\ti\TivaWare_C_Series-2.2.0.295\grlib\ccs\Debug\</path>
         <kind>archive</kind>
         <file>grlib.lib</file>
         <name>fontfixed6x8.obj</name>
      </input_file>
      <input_file id="fl-1c">
         <path>C:\ti\TivaWare_C_Series-2.2.0.295\grlib\ccs\Debug\</path>
         <kind>archive</kind>
         <file>grlib.lib</file>
         <name>charmap.obj</name>
      </input_file>
      <input_file id="fl-1d">
         <path>C:\ti\TivaWare_C_Series-2.2.0.295\grlib\ccs\Debug\</path>
         <kind>archive</kind>
         <file>grlib.lib</file>
         <name>line.obj</name>
      </input_file>
      <input_file id="fl-d3">
         <path>C:\ti\ccs1281\ccs\tools\compiler\ti-cgt-arm_20.2.7.LTS\lib\</path>
         <kind>archive</kind>
         <file>rtsv7M4_T_le_v4SPD16_eabi.lib</file>
         <name>e_atan2f.c.obj</name>
      </input_file>
      <input_file id="fl-d4">
         <path>C:\ti\ccs1281\ccs\tools\compiler\ti-cgt-arm_20.2.7.LTS\lib\</path>
         <kind>archive</kind>
         <file>rtsv7M4_T_le_v4SPD16_eabi.lib</file>
         <name>e_sqrtf.c.obj</name>
      </input_file>
      <input_file id="fl-d5">
         <path>C:\ti\ccs1281\ccs\tools\compiler\ti-cgt-arm_20.2.7.LTS\lib\</path>
         <kind>archive</kind>
         <file>rtsv7M4_T_le_v4SPD16_eabi.lib</file>
         <name>s_atanf.c.obj</name>
      </input_file>
      <input_file id="fl-d6">
         <path>C:\ti\ccs1281\ccs\tools\compiler\ti-cgt-arm_20.2.7.LTS\lib\</path>
         <kind>archive</kind>
         <file>rtsv7M4_T_le_v4SPD16_eabi.lib</file>
         <name>s_floorf.c.obj</name>
      </input_file>
      <input_file id="fl-d7">
         <path>C:\ti\ccs1281\ccs\tools\compiler\ti-cgt-arm_20.2.7.LTS\lib\</path>
         <kind>archive</kind>
         <file>rtsv7M4_T_le_v4SPD16_eabi.lib</file>
         <name>snprintf.c.obj</name>
      </input_file>
      <input_file id="fl-d8">
         <path>C:\ti\ccs1281\ccs\tools\compiler\ti-cgt-arm_20.2.7.LTS\lib\</path>
         <kind>archive</kind>
         <file>rtsv7M4_T_le_v4SPD16_eabi.lib</file>
         <name>memcpy_t2.asm.obj</name>
      </input_file>
      <input_file id="fl-d9">
         <path>C:\ti\ccs1281\ccs\tools\compiler\ti-cgt-arm_20.2.7.LTS\lib\</path>
         <kind>archive</kind>
         <file>rtsv7M4_T_le_v4SPD16_eabi.lib</file>
         <name>memset_t2.asm.obj</name>
      </input_file>
      <input_file id="fl-da">
         <path>C:\ti\ccs1281\ccs\tools\compiler\ti-cgt-arm_20.2.7.LTS\lib\</path>
         <kind>archive</kind>
         <file>rtsv7M4_T_le_v4SPD16_eabi.lib</file>
         <name>ull_div_t2.asm.obj</name>
      </input_file>
      <input_file id="fl-db">
         <path>C:\ti\ccs1281\ccs\tools\compiler\ti-cgt-arm_20.2.7.LTS\lib\</path>
         <kind>archive</kind>
         <file>rtsv7M4_T_le_v4SPD16_eabi.lib</file>
         <name>copy_zero_init.c.obj</name>
      </input_file>
      <input_file id="fl-dc">
         <path>C:\ti\ccs1281\ccs\tools\compiler\ti-cgt-arm_20.2.7.LTS\lib\</path>
         <kind>archive</kind>
         <file>rtsv7M4_T_le_v4SPD16_eabi.lib</file>
         <name>copy_decompress_none.c.obj</name>
      </input_file>
      <input_file id="fl-dd">
         <path>C:\ti\ccs1281\ccs\tools\compiler\ti-cgt-arm_20.2.7.LTS\lib\</path>
         <kind>archive</kind>
         <file>rtsv7M4_T_le_v4SPD16_eabi.lib</file>
         <name>copy_decompress_lzss.c.obj</name>
      </input_file>
      <input_file id="fl-de">
         <path>C:\ti\ccs1281\ccs\tools\compiler\ti-cgt-arm_20.2.7.LTS\lib\</path>
         <kind>archive</kind>
         <file>rtsv7M4_T_le_v4SPD16_eabi.lib</file>
         <name>boot_cortex_m.c.obj</name>
      </input_file>
      <input_file id="fl-df">
         <path>C:\ti\ccs1281\ccs\tools\compiler\ti-cgt-arm_20.2.7.LTS\lib\</path>
         <kind>archive</kind>
         <file>rtsv7M4_T_le_v4SPD16_eabi.lib</file>
         <name>errno.c.obj</name>
      </input_file>
      <input_file id="fl-e0">
         <path>C:\ti\ccs1281\ccs\tools\compiler\ti-cgt-arm_20.2.7.LTS\lib\</path>
         <kind>archive</kind>
         <file>rtsv7M4_T_le_v4SPD16_eabi.lib</file>
         <name>_printfi.c.obj</name>
      </input_file>
      <input_file id="fl-e1">
         <path>C:\ti\ccs1281\ccs\tools\compiler\ti-cgt-arm_20.2.7.LTS\lib\</path>
         <kind>archive</kind>
         <file>rtsv7M4_T_le_v4SPD16_eabi.lib</file>
         <name>div0.asm.obj</name>
      </input_file>
      <input_file id="fl-e2">
         <path>C:\ti\ccs1281\ccs\tools\compiler\ti-cgt-arm_20.2.7.LTS\lib\</path>
         <kind>archive</kind>
         <file>rtsv7M4_T_le_v4SPD16_eabi.lib</file>
         <name>fd_add_t2.asm.obj</name>
      </input_file>
      <input_file id="fl-e3">
         <path>C:\ti\ccs1281\ccs\tools\compiler\ti-cgt-arm_20.2.7.LTS\lib\</path>
         <kind>archive</kind>
         <file>rtsv7M4_T_le_v4SPD16_eabi.lib</file>
         <name>fd_cmp_t2.asm.obj</name>
      </input_file>
      <input_file id="fl-e4">
         <path>C:\ti\ccs1281\ccs\tools\compiler\ti-cgt-arm_20.2.7.LTS\lib\</path>
         <kind>archive</kind>
         <file>rtsv7M4_T_le_v4SPD16_eabi.lib</file>
         <name>fd_div_t2.asm.obj</name>
      </input_file>
      <input_file id="fl-e5">
         <path>C:\ti\ccs1281\ccs\tools\compiler\ti-cgt-arm_20.2.7.LTS\lib\</path>
         <kind>archive</kind>
         <file>rtsv7M4_T_le_v4SPD16_eabi.lib</file>
         <name>fd_mul_t2.asm.obj</name>
      </input_file>
      <input_file id="fl-e6">
         <path>C:\ti\ccs1281\ccs\tools\compiler\ti-cgt-arm_20.2.7.LTS\lib\</path>
         <kind>archive</kind>
         <file>rtsv7M4_T_le_v4SPD16_eabi.lib</file>
         <name>fd_toi_t2.asm.obj</name>
      </input_file>
      <input_file id="fl-e7">
         <path>C:\ti\ccs1281\ccs\tools\compiler\ti-cgt-arm_20.2.7.LTS\lib\</path>
         <kind>archive</kind>
         <file>rtsv7M4_T_le_v4SPD16_eabi.lib</file>
         <name>i_tofd_t2.asm.obj</name>
      </input_file>
      <input_file id="fl-e8">
         <path>C:\ti\ccs1281\ccs\tools\compiler\ti-cgt-arm_20.2.7.LTS\lib\</path>
         <kind>archive</kind>
         <file>rtsv7M4_T_le_v4SPD16_eabi.lib</file>
         <name>autoinit.c.obj</name>
      </input_file>
      <input_file id="fl-e9">
         <path>C:\ti\ccs1281\ccs\tools\compiler\ti-cgt-arm_20.2.7.LTS\lib\</path>
         <kind>archive</kind>
         <file>rtsv7M4_T_le_v4SPD16_eabi.lib</file>
         <name>pre_init.c.obj</name>
      </input_file>
      <input_file id="fl-ea">
         <path>C:\ti\ccs1281\ccs\tools\compiler\ti-cgt-arm_20.2.7.LTS\lib\</path>
         <kind>archive</kind>
         <file>rtsv7M4_T_le_v4SPD16_eabi.lib</file>
         <name>cpy_tbl.c.obj</name>
      </input_file>
      <input_file id="fl-eb">
         <path>C:\ti\ccs1281\ccs\tools\compiler\ti-cgt-arm_20.2.7.LTS\lib\</path>
         <kind>archive</kind>
         <file>rtsv7M4_T_le_v4SPD16_eabi.lib</file>
         <name>exit.c.obj</name>
      </input_file>
      <input_file id="fl-ec">
         <path>C:\ti\ccs1281\ccs\tools\compiler\ti-cgt-arm_20.2.7.LTS\lib\</path>
         <kind>archive</kind>
         <file>rtsv7M4_T_le_v4SPD16_eabi.lib</file>
         <name>_lock.c.obj</name>
      </input_file>
      <input_file id="fl-ed">
         <path>C:\ti\ccs1281\ccs\tools\compiler\ti-cgt-arm_20.2.7.LTS\lib\</path>
         <kind>archive</kind>
         <file>rtsv7M4_T_le_v4SPD16_eabi.lib</file>
         <name>_ltoa.c.obj</name>
      </input_file>
      <input_file id="fl-ee">
         <path>C:\ti\ccs1281\ccs\tools\compiler\ti-cgt-arm_20.2.7.LTS\lib\</path>
         <kind>archive</kind>
         <file>rtsv7M4_T_le_v4SPD16_eabi.lib</file>
         <name>args_main.c.obj</name>
      </input_file>
      <input_file id="fl-ef">
         <path>C:\ti\ccs1281\ccs\tools\compiler\ti-cgt-arm_20.2.7.LTS\lib\</path>
         <kind>archive</kind>
         <file>rtsv7M4_T_le_v4SPD16_eabi.lib</file>
         <name>atoi.c.obj</name>
      </input_file>
      <input_file id="fl-f0">
         <path>C:\ti\ccs1281\ccs\tools\compiler\ti-cgt-arm_20.2.7.LTS\lib\</path>
         <kind>archive</kind>
         <file>rtsv7M4_T_le_v4SPD16_eabi.lib</file>
         <name>ctype.c.obj</name>
      </input_file>
      <input_file id="fl-f1">
         <path>C:\ti\ccs1281\ccs\tools\compiler\ti-cgt-arm_20.2.7.LTS\lib\</path>
         <kind>archive</kind>
         <file>rtsv7M4_T_le_v4SPD16_eabi.lib</file>
         <name>memccpy.c.obj</name>
      </input_file>
      <input_file id="fl-f2">
         <path>C:\ti\ccs1281\ccs\tools\compiler\ti-cgt-arm_20.2.7.LTS\lib\</path>
         <kind>archive</kind>
         <file>rtsv7M4_T_le_v4SPD16_eabi.lib</file>
         <name>strchr.c.obj</name>
      </input_file>
      <input_file id="fl-f3">
         <path>C:\ti\ccs1281\ccs\tools\compiler\ti-cgt-arm_20.2.7.LTS\lib\</path>
         <kind>archive</kind>
         <file>rtsv7M4_T_le_v4SPD16_eabi.lib</file>
         <name>strlen.c.obj</name>
      </input_file>
      <input_file id="fl-f4">
         <path>C:\ti\ccs1281\ccs\tools\compiler\ti-cgt-arm_20.2.7.LTS\lib\</path>
         <kind>archive</kind>
         <file>rtsv7M4_T_le_v4SPD16_eabi.lib</file>
         <name>wcslen.c.obj</name>
      </input_file>
      <input_file id="fl-f5">
         <path>C:\ti\ccs1281\ccs\tools\compiler\ti-cgt-arm_20.2.7.LTS\lib\</path>
         <kind>archive</kind>
         <file>rtsv7M4_T_le_v4SPD16_eabi.lib</file>
         <name>s_frexp.c.obj</name>
      </input_file>
      <input_file id="fl-f6">
         <path>C:\ti\ccs1281\ccs\tools\compiler\ti-cgt-arm_20.2.7.LTS\lib\</path>
         <kind>archive</kind>
         <file>rtsv7M4_T_le_v4SPD16_eabi.lib</file>
         <name>s_scalbn.c.obj</name>
      </input_file>
      <input_file id="fl-f7">
         <path>C:\ti\ccs1281\ccs\tools\compiler\ti-cgt-arm_20.2.7.LTS\lib\</path>
         <kind>archive</kind>
         <file>rtsv7M4_T_le_v4SPD16_eabi.lib</file>
         <name>s_copysign.c.obj</name>
      </input_file>
   </input_file_list>
   <object_component_list>
      <object_component id="oc-13">
         <name>.intvecs</name>
         <load_address>0x0</load_address>
         <run_address>0x0</run_address>
         <size>0x200</size>
         <input_file_ref idref="fl-3"/>
      </object_component>
      <object_component id="oc-3cf">
         <name>.text:__TI_printfi</name>
         <load_address>0x200</load_address>
         <run_address>0x200</run_address>
         <size>0xa4e</size>
         <input_file_ref idref="fl-e0"/>
      </object_component>
      <object_component id="oc-35">
         <name>.text:FaultISR</name>
         <load_address>0xc4e</load_address>
         <run_address>0xc4e</run_address>
         <size>0x2</size>
         <input_file_ref idref="fl-3"/>
      </object_component>
      <object_component id="oc-4ef">
         <name>.text:_pconv_a</name>
         <load_address>0xc50</load_address>
         <run_address>0xc50</run_address>
         <size>0x270</size>
         <input_file_ref idref="fl-e0"/>
      </object_component>
      <object_component id="oc-469">
         <name>.text:GrFontGlyphRender</name>
         <load_address>0xec0</load_address>
         <run_address>0xec0</run_address>
         <size>0x252</size>
         <input_file_ref idref="fl-1a"/>
      </object_component>
      <object_component id="oc-3b">
         <name>.text:IntDefaultHandler</name>
         <load_address>0x1112</load_address>
         <run_address>0x1112</run_address>
         <size>0x2</size>
         <input_file_ref idref="fl-3"/>
      </object_component>
      <object_component id="oc-fb">
         <name>.text:SysCtlClockFreqSet</name>
         <load_address>0x1114</load_address>
         <run_address>0x1114</run_address>
         <size>0x200</size>
         <input_file_ref idref="fl-15"/>
      </object_component>
      <object_component id="oc-4dd">
         <name>.text:_pconv_g</name>
         <load_address>0x1314</load_address>
         <run_address>0x1314</run_address>
         <size>0x1d0</size>
         <input_file_ref idref="fl-e0"/>
      </object_component>
      <object_component id="oc-b8">
         <name>.text:main</name>
         <load_address>0x14e4</load_address>
         <run_address>0x14e4</run_address>
         <size>0x1cc</size>
         <input_file_ref idref="fl-2"/>
      </object_component>
      <object_component id="oc-576">
         <name>.text</name>
         <load_address>0x16b0</load_address>
         <run_address>0x16b0</run_address>
         <size>0x1b6</size>
         <input_file_ref idref="fl-e2"/>
      </object_component>
      <object_component id="oc-242">
         <name>.text:_ZN6Button3fsmEb</name>
         <load_address>0x1866</load_address>
         <run_address>0x1866</run_address>
         <size>0x18a</size>
         <input_file_ref idref="fl-4"/>
      </object_component>
      <object_component id="oc-4ab">
         <name>.text:GPIOPadConfigSet</name>
         <load_address>0x19f0</load_address>
         <run_address>0x19f0</run_address>
         <size>0x16c</size>
         <input_file_ref idref="fl-12"/>
      </object_component>
      <object_component id="oc-34b">
         <name>.text:_ZN5Timer23enablePeripheralForBaseEj</name>
         <load_address>0x1b5c</load_address>
         <run_address>0x1b5c</run_address>
         <size>0x154</size>
         <input_file_ref idref="fl-9"/>
      </object_component>
      <object_component id="oc-ca">
         <name>.text:_ZN6ButtonC1Ehjjj10ButtonPull</name>
         <load_address>0x1cb0</load_address>
         <run_address>0x1cb0</run_address>
         <size>0x144</size>
         <input_file_ref idref="fl-4"/>
      </object_component>
      <object_component id="oc-4e9">
         <name>.text:_pconv_e</name>
         <load_address>0x1df4</load_address>
         <run_address>0x1df4</run_address>
         <size>0x13c</size>
         <input_file_ref idref="fl-e0"/>
      </object_component>
      <object_component id="oc-55c">
         <name>.text</name>
         <load_address>0x1f30</load_address>
         <run_address>0x1f30</run_address>
         <size>0x136</size>
         <input_file_ref idref="fl-e4"/>
      </object_component>
      <object_component id="oc-2f">
         <name>.text:NmiSR</name>
         <load_address>0x2066</load_address>
         <run_address>0x2066</run_address>
         <size>0x2</size>
         <input_file_ref idref="fl-3"/>
      </object_component>
      <object_component id="oc-588">
         <name>.text:fcvt</name>
         <load_address>0x2068</load_address>
         <run_address>0x2068</run_address>
         <size>0x124</size>
         <input_file_ref idref="fl-e0"/>
      </object_component>
      <object_component id="oc-13d">
         <name>.text:_ZN29_INTERNAL_8_main_cpp_f9572fa819drawStopwatchScreenER9_tContextjjjjb</name>
         <load_address>0x218c</load_address>
         <run_address>0x218c</run_address>
         <size>0x118</size>
         <input_file_ref idref="fl-2"/>
      </object_component>
      <object_component id="oc-59c">
         <name>.text:scalbn</name>
         <load_address>0x22a4</load_address>
         <run_address>0x22a4</run_address>
         <size>0x110</size>
         <input_file_ref idref="fl-f6"/>
      </object_component>
      <object_component id="oc-557">
         <name>.text</name>
         <load_address>0x23b4</load_address>
         <run_address>0x23b4</run_address>
         <size>0xfc</size>
         <input_file_ref idref="fl-e5"/>
      </object_component>
      <object_component id="oc-143">
         <name>.text:_ZN29_INTERNAL_8_main_cpp_f9572fa810drawButtonER9_tContextRK8MyButton</name>
         <load_address>0x24b0</load_address>
         <run_address>0x24b0</run_address>
         <size>0xcc</size>
         <input_file_ref idref="fl-2"/>
      </object_component>
      <object_component id="oc-316">
         <name>.text:Crystalfontz128x128_PixelDrawMultiple</name>
         <load_address>0x257c</load_address>
         <run_address>0x257c</run_address>
         <size>0xc8</size>
         <input_file_ref idref="fl-5"/>
      </object_component>
      <object_component id="oc-2f3">
         <name>.text:GrDefaultStringRenderer</name>
         <load_address>0x2644</load_address>
         <run_address>0x2644</run_address>
         <size>0xc0</size>
         <input_file_ref idref="fl-1a"/>
      </object_component>
      <object_component id="oc-1df">
         <name>.text:Crystalfontz128x128_Init</name>
         <load_address>0x2704</load_address>
         <run_address>0x2704</run_address>
         <size>0xbc</size>
         <input_file_ref idref="fl-5"/>
      </object_component>
      <object_component id="oc-4d2">
         <name>.text:_ltostr</name>
         <load_address>0x27c0</load_address>
         <run_address>0x27c0</run_address>
         <size>0xb1</size>
         <input_file_ref idref="fl-e0"/>
      </object_component>
      <object_component id="oc-383">
         <name>.text</name>
         <load_address>0x2872</load_address>
         <run_address>0x2872</run_address>
         <size>0x2</size>
         <input_file_ref idref="fl-e1"/>
      </object_component>
      <object_component id="oc-209">
         <name>.text:_ZN5Timer5beginEjj</name>
         <load_address>0x2874</load_address>
         <run_address>0x2874</run_address>
         <size>0xa8</size>
         <input_file_ref idref="fl-9"/>
      </object_component>
      <object_component id="oc-4f">
         <name>.text</name>
         <load_address>0x291c</load_address>
         <run_address>0x291c</run_address>
         <size>0x9c</size>
         <input_file_ref idref="fl-d8"/>
      </object_component>
      <object_component id="oc-216">
         <name>.text</name>
         <load_address>0x29b8</load_address>
         <run_address>0x29b8</run_address>
         <size>0x96</size>
         <input_file_ref idref="fl-da"/>
      </object_component>
      <object_component id="oc-458">
         <name>.text:Crystalfontz128x128_SetDrawFrame</name>
         <load_address>0x2a50</load_address>
         <run_address>0x2a50</run_address>
         <size>0x8c</size>
         <input_file_ref idref="fl-5"/>
      </object_component>
      <object_component id="oc-1f7">
         <name>.text:GrRectFill</name>
         <load_address>0x2adc</load_address>
         <run_address>0x2adc</run_address>
         <size>0x86</size>
         <input_file_ref idref="fl-19"/>
      </object_component>
      <object_component id="oc-4d8">
         <name>.text:__aeabi_cdcmple</name>
         <load_address>0x2b62</load_address>
         <run_address>0x2b62</run_address>
         <size>0x86</size>
         <input_file_ref idref="fl-e3"/>
      </object_component>
      <object_component id="oc-561">
         <name>.text:__aeabi_cdrcmple</name>
         <load_address>0x2be8</load_address>
         <run_address>0x2be8</run_address>
         <size>0x86</size>
         <input_file_ref idref="fl-e3"/>
      </object_component>
      <object_component id="oc-2c9">
         <name>.text:HAL_LCD_PortInit</name>
         <load_address>0x2c70</load_address>
         <run_address>0x2c70</run_address>
         <size>0x7c</size>
         <input_file_ref idref="fl-6"/>
      </object_component>
      <object_component id="oc-2cf">
         <name>.text:HAL_LCD_SpiInit</name>
         <load_address>0x2cec</load_address>
         <run_address>0x2cec</run_address>
         <size>0x7c</size>
         <input_file_ref idref="fl-6"/>
      </object_component>
      <object_component id="oc-ac">
         <name>.text</name>
         <load_address>0x2d68</load_address>
         <run_address>0x2d68</run_address>
         <size>0x7a</size>
         <input_file_ref idref="fl-d9"/>
      </object_component>
      <object_component id="oc-328">
         <name>.text:Crystalfontz128x128_RectFill</name>
         <load_address>0x2de4</load_address>
         <run_address>0x2de4</run_address>
         <size>0x70</size>
         <input_file_ref idref="fl-5"/>
      </object_component>
      <object_component id="oc-581">
         <name>.text:_mcpy</name>
         <load_address>0x2e54</load_address>
         <run_address>0x2e54</run_address>
         <size>0x6e</size>
         <input_file_ref idref="fl-e0"/>
      </object_component>
      <object_component id="oc-1eb">
         <name>.text:GrContextInit</name>
         <load_address>0x2ec4</load_address>
         <run_address>0x2ec4</run_address>
         <size>0x68</size>
         <input_file_ref idref="fl-18"/>
      </object_component>
      <object_component id="oc-24c">
         <name>.text:GrStringWidthGet</name>
         <load_address>0x2f2c</load_address>
         <run_address>0x2f2c</run_address>
         <size>0x68</size>
         <input_file_ref idref="fl-1a"/>
      </object_component>
      <object_component id="oc-16">
         <name>.text:decompress:lzss:__TI_decompress_lzss</name>
         <load_address>0x2f94</load_address>
         <run_address>0x2f94</run_address>
         <size>0x68</size>
         <input_file_ref idref="fl-dd"/>
      </object_component>
      <object_component id="oc-265">
         <name>.text:GrRectDraw</name>
         <load_address>0x2ffc</load_address>
         <run_address>0x2ffc</run_address>
         <size>0x66</size>
         <input_file_ref idref="fl-19"/>
      </object_component>
      <object_component id="oc-596">
         <name>.text:frexp</name>
         <load_address>0x3064</load_address>
         <run_address>0x3064</run_address>
         <size>0x64</size>
         <input_file_ref idref="fl-f5"/>
      </object_component>
      <object_component id="oc-35d">
         <name>.text:TimerConfigure</name>
         <load_address>0x30c8</load_address>
         <run_address>0x30c8</run_address>
         <size>0x60</size>
         <input_file_ref idref="fl-16"/>
      </object_component>
      <object_component id="oc-17b">
         <name>.text:__TI_auto_init_nobinit:__TI_auto_init_nobinit</name>
         <load_address>0x3128</load_address>
         <run_address>0x3128</run_address>
         <size>0x60</size>
         <input_file_ref idref="fl-e8"/>
      </object_component>
      <object_component id="oc-4b8">
         <name>.text:FontWideGlyphDataGet</name>
         <load_address>0x3188</load_address>
         <run_address>0x3188</run_address>
         <size>0x5a</size>
         <input_file_ref idref="fl-1a"/>
      </object_component>
      <object_component id="oc-4e3">
         <name>.text:_pconv_f</name>
         <load_address>0x31e2</load_address>
         <run_address>0x31e2</run_address>
         <size>0x56</size>
         <input_file_ref idref="fl-e0"/>
      </object_component>
      <object_component id="oc-56b">
         <name>.text:__TI_ltoa</name>
         <load_address>0x3238</load_address>
         <run_address>0x3238</run_address>
         <size>0x54</size>
         <input_file_ref idref="fl-ed"/>
      </object_component>
      <object_component id="oc-57b">
         <name>.text:_ecpy</name>
         <load_address>0x328c</load_address>
         <run_address>0x328c</run_address>
         <size>0x52</size>
         <input_file_ref idref="fl-e0"/>
      </object_component>
      <object_component id="oc-101">
         <name>.text:_ZN29_INTERNAL_8_main_cpp_f9572fa817initializeDisplayER9_tContext</name>
         <load_address>0x32e0</load_address>
         <run_address>0x32e0</run_address>
         <size>0x50</size>
         <input_file_ref idref="fl-2"/>
      </object_component>
      <object_component id="oc-429">
         <name>.text:GPIOPinConfigure</name>
         <load_address>0x3330</load_address>
         <run_address>0x3330</run_address>
         <size>0x4c</size>
         <input_file_ref idref="fl-12"/>
      </object_component>
      <object_component id="oc-210">
         <name>.text:_ZNK5Timer6microsEv</name>
         <load_address>0x337c</load_address>
         <run_address>0x337c</run_address>
         <size>0x4c</size>
         <input_file_ref idref="fl-9"/>
      </object_component>
      <object_component id="oc-4cc">
         <name>.text:atoi</name>
         <load_address>0x33c8</load_address>
         <run_address>0x33c8</run_address>
         <size>0x4c</size>
         <input_file_ref idref="fl-ef"/>
      </object_component>
      <object_component id="oc-25e">
         <name>.text:snprintf</name>
         <load_address>0x3414</load_address>
         <run_address>0x3414</run_address>
         <size>0x4c</size>
         <input_file_ref idref="fl-d7"/>
      </object_component>
      <object_component id="oc-301">
         <name>.text:UpdateContextCharMapping</name>
         <load_address>0x3460</load_address>
         <run_address>0x3460</run_address>
         <size>0x4a</size>
         <input_file_ref idref="fl-1a"/>
      </object_component>
      <object_component id="oc-1c9">
         <name>.text:_SysCtlFrequencyGet</name>
         <load_address>0x34ac</load_address>
         <run_address>0x34ac</run_address>
         <size>0x48</size>
         <input_file_ref idref="fl-15"/>
      </object_component>
      <object_component id="oc-23c">
         <name>.text:_ZN6Button8debounceEb</name>
         <load_address>0x34f4</load_address>
         <run_address>0x34f4</run_address>
         <size>0x48</size>
         <input_file_ref idref="fl-4"/>
      </object_component>
      <object_component id="oc-566">
         <name>.text</name>
         <load_address>0x353c</load_address>
         <run_address>0x353c</run_address>
         <size>0x48</size>
         <input_file_ref idref="fl-e6"/>
      </object_component>
      <object_component id="oc-3f2">
         <name>.text:GrLineDrawH</name>
         <load_address>0x3584</load_address>
         <run_address>0x3584</run_address>
         <size>0x46</size>
         <input_file_ref idref="fl-1d"/>
      </object_component>
      <object_component id="oc-3f8">
         <name>.text:GrLineDrawV</name>
         <load_address>0x35ca</load_address>
         <run_address>0x35ca</run_address>
         <size>0x46</size>
         <input_file_ref idref="fl-1d"/>
      </object_component>
      <object_component id="oc-2d5">
         <name>.text:HAL_LCD_writeCommand</name>
         <load_address>0x3610</load_address>
         <run_address>0x3610</run_address>
         <size>0x44</size>
         <input_file_ref idref="fl-6"/>
      </object_component>
      <object_component id="oc-31c">
         <name>.text:Crystalfontz128x128_LineDrawH</name>
         <load_address>0x3654</load_address>
         <run_address>0x3654</run_address>
         <size>0x40</size>
         <input_file_ref idref="fl-5"/>
      </object_component>
      <object_component id="oc-1e5">
         <name>.text:Crystalfontz128x128_SetOrientation</name>
         <load_address>0x3694</load_address>
         <run_address>0x3694</run_address>
         <size>0x40</size>
         <input_file_ref idref="fl-5"/>
      </object_component>
      <object_component id="oc-125">
         <name>.text:_ZN6Button4tickEv</name>
         <load_address>0x36d4</load_address>
         <run_address>0x36d4</run_address>
         <size>0x3e</size>
         <input_file_ref idref="fl-4"/>
      </object_component>
      <object_component id="oc-58e">
         <name>.text:_fcpy</name>
         <load_address>0x3712</load_address>
         <run_address>0x3712</run_address>
         <size>0x3e</size>
         <input_file_ref idref="fl-e0"/>
      </object_component>
      <object_component id="oc-4be">
         <name>.text:FontGlyphDataGet</name>
         <load_address>0x3750</load_address>
         <run_address>0x3750</run_address>
         <size>0x3c</size>
         <input_file_ref idref="fl-1a"/>
      </object_component>
      <object_component id="oc-436">
         <name>.text:SSIConfigSetExpClk</name>
         <load_address>0x378c</load_address>
         <run_address>0x378c</run_address>
         <size>0x3c</size>
         <input_file_ref idref="fl-14"/>
      </object_component>
      <object_component id="oc-2e2">
         <name>.text:Crystalfontz128x128_Flush</name>
         <load_address>0x37c8</load_address>
         <run_address>0x37c8</run_address>
         <size>0x38</size>
         <input_file_ref idref="fl-5"/>
      </object_component>
      <object_component id="oc-38f">
         <name>.text:SysCtlPeripheralReady</name>
         <load_address>0x3800</load_address>
         <run_address>0x3800</run_address>
         <size>0x38</size>
         <input_file_ref idref="fl-15"/>
      </object_component>
      <object_component id="oc-131">
         <name>.text:_ZN29_INTERNAL_8_main_cpp_f9572fa816onPlayPauseClickEv</name>
         <load_address>0x3838</load_address>
         <run_address>0x3838</run_address>
         <size>0x38</size>
         <input_file_ref idref="fl-2"/>
      </object_component>
      <object_component id="oc-389">
         <name>.text:SysCtlPeripheralEnable</name>
         <load_address>0x3870</load_address>
         <run_address>0x3870</run_address>
         <size>0x34</size>
         <input_file_ref idref="fl-15"/>
      </object_component>
      <object_component id="oc-6d">
         <name>.text:_c_int00_noargs:_c_int00_noargs</name>
         <load_address>0x38a4</load_address>
         <run_address>0x38a4</run_address>
         <size>0x34</size>
         <input_file_ref idref="fl-de"/>
      </object_component>
      <object_component id="oc-492">
         <name>.text:_ZN34_INTERNAL_12_timerLib_cpp_b416d18a11periphReadyEj</name>
         <load_address>0x38d8</load_address>
         <run_address>0x38d8</run_address>
         <size>0x30</size>
         <input_file_ref idref="fl-9"/>
      </object_component>
      <object_component id="oc-345">
         <name>.text:_ZN5Timer10isWideBaseEj</name>
         <load_address>0x3908</load_address>
         <run_address>0x3908</run_address>
         <size>0x30</size>
         <input_file_ref idref="fl-9"/>
      </object_component>
      <object_component id="oc-3d5">
         <name>.text:_outs</name>
         <load_address>0x3938</load_address>
         <run_address>0x3938</run_address>
         <size>0x30</size>
         <input_file_ref idref="fl-d7"/>
      </object_component>
      <object_component id="oc-3ba">
         <name>.text:GrStringNextCharGet</name>
         <load_address>0x3968</load_address>
         <run_address>0x3968</run_address>
         <size>0x2e</size>
         <input_file_ref idref="fl-1a"/>
      </object_component>
      <object_component id="oc-39b">
         <name>.text:_ZN6Button14applyPadConfigEv</name>
         <load_address>0x3996</load_address>
         <run_address>0x3996</run_address>
         <size>0x2e</size>
         <input_file_ref idref="fl-4"/>
      </object_component>
      <object_component id="oc-21c">
         <name>.text:_ZN6Button5beginEv</name>
         <load_address>0x39c4</load_address>
         <run_address>0x39c4</run_address>
         <size>0x2e</size>
         <input_file_ref idref="fl-4"/>
      </object_component>
      <object_component id="oc-571">
         <name>.text</name>
         <load_address>0x39f2</load_address>
         <run_address>0x39f2</run_address>
         <size>0x2e</size>
         <input_file_ref idref="fl-e7"/>
      </object_component>
      <object_component id="oc-4a5">
         <name>.text:GPIODirModeSet</name>
         <load_address>0x3a20</load_address>
         <run_address>0x3a20</run_address>
         <size>0x2c</size>
         <input_file_ref idref="fl-12"/>
      </object_component>
      <object_component id="oc-252">
         <name>.text:GrFontBaselineGet</name>
         <load_address>0x3a4c</load_address>
         <run_address>0x3a4c</run_address>
         <size>0x2c</size>
         <input_file_ref idref="fl-1a"/>
      </object_component>
      <object_component id="oc-236">
         <name>.text:_ZN6Button12readPhysicalEv</name>
         <load_address>0x3a78</load_address>
         <run_address>0x3a78</run_address>
         <size>0x2a</size>
         <input_file_ref idref="fl-4"/>
      </object_component>
      <object_component id="oc-3c6">
         <name>.text:GrFontInfoGet</name>
         <load_address>0x3aa2</load_address>
         <run_address>0x3aa2</run_address>
         <size>0x26</size>
         <input_file_ref idref="fl-1a"/>
      </object_component>
      <object_component id="oc-3c0">
         <name>.text:GrFontGlyphDataGet</name>
         <load_address>0x3ac8</load_address>
         <run_address>0x3ac8</run_address>
         <size>0x22</size>
         <input_file_ref idref="fl-1a"/>
      </object_component>
      <object_component id="oc-1c3">
         <name>.text:_SysCtlMemTimingGet</name>
         <load_address>0x3aec</load_address>
         <run_address>0x3aec</run_address>
         <size>0x20</size>
         <input_file_ref idref="fl-15"/>
      </object_component>
      <object_component id="oc-119">
         <name>.text:_ZN29_INTERNAL_8_main_cpp_f9572fa812setupButtonsEv</name>
         <load_address>0x3b0c</load_address>
         <run_address>0x3b0c</run_address>
         <size>0x20</size>
         <input_file_ref idref="fl-2"/>
      </object_component>
      <object_component id="oc-32e">
         <name>.text:Crystalfontz128x128_ColorTranslate</name>
         <load_address>0x3b2c</load_address>
         <run_address>0x3b2c</run_address>
         <size>0x1e</size>
         <input_file_ref idref="fl-5"/>
      </object_component>
      <object_component id="oc-47c">
         <name>.text:GrFontCodepageGet</name>
         <load_address>0x3b4a</load_address>
         <run_address>0x3b4a</run_address>
         <size>0x1e</size>
         <input_file_ref idref="fl-1a"/>
      </object_component>
      <object_component id="oc-322">
         <name>.text:Crystalfontz128x128_LineDrawV</name>
         <load_address>0x3b68</load_address>
         <run_address>0x3b68</run_address>
         <size>0x1c</size>
         <input_file_ref idref="fl-5"/>
      </object_component>
      <object_component id="oc-2dc">
         <name>.text:HAL_LCD_writeData</name>
         <load_address>0x3b84</load_address>
         <run_address>0x3b84</run_address>
         <size>0x1c</size>
         <input_file_ref idref="fl-6"/>
      </object_component>
      <object_component id="oc-3b3">
         <name>.text:_ZN6Button5resetEv</name>
         <load_address>0x3ba0</load_address>
         <run_address>0x3ba0</run_address>
         <size>0x1c</size>
         <input_file_ref idref="fl-4"/>
      </object_component>
      <object_component id="oc-7f">
         <name>.text:__sti___8_main_cpp_f9572fa8</name>
         <load_address>0x3bbc</load_address>
         <run_address>0x3bbc</run_address>
         <size>0x1c</size>
         <input_file_ref idref="fl-2"/>
      </object_component>
      <object_component id="oc-5b">
         <name>.text:decompress:ZI:__TI_zero_init_nomemset:__TI_zero_init_nomemset</name>
         <load_address>0x3bd8</load_address>
         <run_address>0x3bd8</run_address>
         <size>0x1c</size>
         <input_file_ref idref="fl-db"/>
      </object_component>
      <object_component id="oc-4f5">
         <name>.text:memccpy</name>
         <load_address>0x3bf4</load_address>
         <run_address>0x3bf4</run_address>
         <size>0x1c</size>
         <input_file_ref idref="fl-f1"/>
      </object_component>
      <object_component id="oc-42f">
         <name>.text:GPIOPinTypeGPIOOutput</name>
         <load_address>0x3c10</load_address>
         <run_address>0x3c10</run_address>
         <size>0x1a</size>
         <input_file_ref idref="fl-12"/>
      </object_component>
      <object_component id="oc-5e5">
         <name>.text:copysign</name>
         <load_address>0x3c2a</load_address>
         <run_address>0x3c2a</run_address>
         <size>0x1a</size>
         <input_file_ref idref="fl-f7"/>
      </object_component>
      <object_component id="oc-351">
         <name>.text:TimerDisable</name>
         <load_address>0x3c44</load_address>
         <run_address>0x3c44</run_address>
         <size>0x18</size>
         <input_file_ref idref="fl-16"/>
      </object_component>
      <object_component id="oc-107">
         <name>.text:_ZN5TimerC1Ev</name>
         <load_address>0x3c5c</load_address>
         <run_address>0x3c5c</run_address>
         <size>0x18</size>
         <input_file_ref idref="fl-9"/>
      </object_component>
      <object_component id="oc-3db">
         <name>.text:_outc</name>
         <load_address>0x3c74</load_address>
         <run_address>0x3c74</run_address>
         <size>0x18</size>
         <input_file_ref idref="fl-d7"/>
      </object_component>
      <object_component id="oc-395">
         <name>.text:GPIOPinTypeGPIOInput</name>
         <load_address>0x3c8c</load_address>
         <run_address>0x3c8c</run_address>
         <size>0x16</size>
         <input_file_ref idref="fl-12"/>
      </object_component>
      <object_component id="oc-423">
         <name>.text:GPIOPinTypeSSI</name>
         <load_address>0x3ca2</load_address>
         <run_address>0x3ca2</run_address>
         <size>0x16</size>
         <input_file_ref idref="fl-12"/>
      </object_component>
      <object_component id="oc-258">
         <name>.text:GrStringDraw</name>
         <load_address>0x3cb8</load_address>
         <run_address>0x3cb8</run_address>
         <size>0x16</size>
         <input_file_ref idref="fl-1a"/>
      </object_component>
      <object_component id="oc-37b">
         <name>.text:TimerValueGet64</name>
         <load_address>0x3cce</load_address>
         <run_address>0x3cce</run_address>
         <size>0x16</size>
         <input_file_ref idref="fl-16"/>
      </object_component>
      <object_component id="oc-5a2">
         <name>.text:strchr</name>
         <load_address>0x3ce4</load_address>
         <run_address>0x3ce4</run_address>
         <size>0x16</size>
         <input_file_ref idref="fl-f2"/>
      </object_component>
      <object_component id="oc-310">
         <name>.text:Crystalfontz128x128_PixelDraw</name>
         <load_address>0x3cfc</load_address>
         <run_address>0x3cfc</run_address>
         <size>0x14</size>
         <input_file_ref idref="fl-5"/>
      </object_component>
      <object_component id="oc-10d">
         <name>.text:_ZN29_INTERNAL_8_main_cpp_f9572fa814configureTimerER5Timer</name>
         <load_address>0x3d10</load_address>
         <run_address>0x3d10</run_address>
         <size>0x14</size>
         <input_file_ref idref="fl-2"/>
      </object_component>
      <object_component id="oc-4c6">
         <name>.text:strlen</name>
         <load_address>0x3d24</load_address>
         <run_address>0x3d24</run_address>
         <size>0x14</size>
         <input_file_ref idref="fl-f3"/>
      </object_component>
      <object_component id="oc-363">
         <name>.text:TimerLoadSet</name>
         <load_address>0x3d38</load_address>
         <run_address>0x3d38</run_address>
         <size>0x12</size>
         <input_file_ref idref="fl-16"/>
      </object_component>
      <object_component id="oc-113">
         <name>.text:_ZNK5Timer6millisEv</name>
         <load_address>0x3d4a</load_address>
         <run_address>0x3d4a</run_address>
         <size>0x12</size>
         <input_file_ref idref="fl-9"/>
      </object_component>
      <object_component id="oc-4fb">
         <name>.text:wcslen</name>
         <load_address>0x3d5c</load_address>
         <run_address>0x3d5c</run_address>
         <size>0x12</size>
         <input_file_ref idref="fl-f4"/>
      </object_component>
      <object_component id="oc-ef">
         <name>.text:FPUEnable</name>
         <load_address>0x3d70</load_address>
         <run_address>0x3d70</run_address>
         <size>0x10</size>
         <input_file_ref idref="fl-11"/>
      </object_component>
      <object_component id="oc-f5">
         <name>.text:FPULazyStackingEnable</name>
         <load_address>0x3d80</load_address>
         <run_address>0x3d80</run_address>
         <size>0x10</size>
         <input_file_ref idref="fl-11"/>
      </object_component>
      <object_component id="oc-e9">
         <name>.text:IntMasterDisable</name>
         <load_address>0x3d90</load_address>
         <run_address>0x3d90</run_address>
         <size>0x10</size>
         <input_file_ref idref="fl-13"/>
      </object_component>
      <object_component id="oc-11f">
         <name>.text:IntMasterEnable</name>
         <load_address>0x3da0</load_address>
         <run_address>0x3da0</run_address>
         <size>0x10</size>
         <input_file_ref idref="fl-13"/>
      </object_component>
      <object_component id="oc-369">
         <name>.text:TimerEnable</name>
         <load_address>0x3db0</load_address>
         <run_address>0x3db0</run_address>
         <size>0xe</size>
         <input_file_ref idref="fl-16"/>
      </object_component>
      <object_component id="oc-1c">
         <name>.text:decompress:none:__TI_decompress_none</name>
         <load_address>0x3dbe</load_address>
         <run_address>0x3dbe</run_address>
         <size>0xe</size>
         <input_file_ref idref="fl-dc"/>
      </object_component>
      <object_component id="oc-1ba">
         <name>.text:CPUcpsid</name>
         <load_address>0x3dcc</load_address>
         <run_address>0x3dcc</run_address>
         <size>0xc</size>
         <input_file_ref idref="fl-17"/>
      </object_component>
      <object_component id="oc-22f">
         <name>.text:CPUcpsie</name>
         <load_address>0x3dd8</load_address>
         <run_address>0x3dd8</run_address>
         <size>0xc</size>
         <input_file_ref idref="fl-17"/>
      </object_component>
      <object_component id="oc-44f">
         <name>.text:SSIDataPut</name>
         <load_address>0x3de4</load_address>
         <run_address>0x3de4</run_address>
         <size>0xa</size>
         <input_file_ref idref="fl-14"/>
      </object_component>
      <object_component id="oc-43c">
         <name>.text:SSIEnable</name>
         <load_address>0x3dee</load_address>
         <run_address>0x3dee</run_address>
         <size>0xa</size>
         <input_file_ref idref="fl-14"/>
      </object_component>
      <object_component id="oc-36f">
         <name>.text:TimerValueGet</name>
         <load_address>0x3df8</load_address>
         <run_address>0x3df8</run_address>
         <size>0xa</size>
         <input_file_ref idref="fl-16"/>
      </object_component>
      <object_component id="oc-12b">
         <name>.text:_ZN6Button10wasPressedEv</name>
         <load_address>0x3e02</load_address>
         <run_address>0x3e02</run_address>
         <size>0xa</size>
         <input_file_ref idref="fl-4"/>
      </object_component>
      <object_component id="oc-137">
         <name>.text:_ZN6Button11wasReleasedEv</name>
         <load_address>0x3e0c</load_address>
         <run_address>0x3e0c</run_address>
         <size>0xa</size>
         <input_file_ref idref="fl-4"/>
      </object_component>
      <object_component id="oc-470">
         <name>.text:GrMapISO8859_1_Unicode</name>
         <load_address>0x3e16</load_address>
         <run_address>0x3e16</run_address>
         <size>0x8</size>
         <input_file_ref idref="fl-1c"/>
      </object_component>
      <object_component id="oc-449">
         <name>.text:SSIBusy</name>
         <load_address>0x3e1e</load_address>
         <run_address>0x3e1e</run_address>
         <size>0x8</size>
         <input_file_ref idref="fl-14"/>
      </object_component>
      <object_component id="oc-501">
         <name>.text:__aeabi_errno_addr</name>
         <load_address>0x3e28</load_address>
         <run_address>0x3e28</run_address>
         <size>0x8</size>
         <input_file_ref idref="fl-df"/>
      </object_component>
      <object_component id="oc-3a5">
         <name>.text:GPIOPinRead</name>
         <load_address>0x3e30</load_address>
         <run_address>0x3e30</run_address>
         <size>0x6</size>
         <input_file_ref idref="fl-12"/>
      </object_component>
      <object_component id="oc-442">
         <name>.text:GPIOPinWrite</name>
         <load_address>0x3e36</load_address>
         <run_address>0x3e36</run_address>
         <size>0x6</size>
         <input_file_ref idref="fl-12"/>
      </object_component>
      <object_component id="oc-1f1">
         <name>.text:GrContextFontSet</name>
         <load_address>0x3e3c</load_address>
         <run_address>0x3e3c</run_address>
         <size>0x6</size>
         <input_file_ref idref="fl-1a"/>
      </object_component>
      <object_component id="oc-29">
         <name>.text:ResetISR</name>
         <load_address>0x3e42</load_address>
         <run_address>0x3e42</run_address>
         <size>0x6</size>
         <input_file_ref idref="fl-3"/>
      </object_component>
      <object_component id="oc-2db">
         <name>.text:SysCtlDelay</name>
         <load_address>0x3e48</load_address>
         <run_address>0x3e48</run_address>
         <size>0x6</size>
         <input_file_ref idref="fl-15"/>
      </object_component>
      <object_component id="oc-357">
         <name>.text:TimerClockSourceSet</name>
         <load_address>0x3e4e</load_address>
         <run_address>0x3e4e</run_address>
         <size>0x6</size>
         <input_file_ref idref="fl-16"/>
      </object_component>
      <object_component id="oc-375">
         <name>.text:TimerLoadSet64</name>
         <load_address>0x3e54</load_address>
         <run_address>0x3e54</run_address>
         <size>0x6</size>
         <input_file_ref idref="fl-16"/>
      </object_component>
      <object_component id="oc-228">
         <name>.text:_ZN6Button13setDebounceMsEi</name>
         <load_address>0x3e5a</load_address>
         <run_address>0x3e5a</run_address>
         <size>0x4</size>
         <input_file_ref idref="fl-4"/>
      </object_component>
      <object_component id="oc-222">
         <name>.text:_ZN6Button17setTickIntervalMsEj</name>
         <load_address>0x3e5e</load_address>
         <run_address>0x3e5e</run_address>
         <size>0x4</size>
         <input_file_ref idref="fl-4"/>
      </object_component>
      <object_component id="oc-3ad">
         <name>.text:_ZN6Button8newStateENS_12StateMachineE</name>
         <load_address>0x3e62</load_address>
         <run_address>0x3e62</run_address>
         <size>0x4</size>
         <input_file_ref idref="fl-4"/>
      </object_component>
      <object_component id="oc-b2">
         <name>.text:_system_pre_init</name>
         <load_address>0x3e66</load_address>
         <run_address>0x3e66</run_address>
         <size>0x4</size>
         <input_file_ref idref="fl-e9"/>
      </object_component>
      <object_component id="oc-169">
         <name>.text:abort:abort</name>
         <load_address>0x3e6a</load_address>
         <run_address>0x3e6a</run_address>
         <size>0x4</size>
         <input_file_ref idref="fl-eb"/>
      </object_component>
      <object_component id="oc-336">
         <name>.const:.string:g_pui8FontFixed6x8Data</name>
         <load_address>0x3e70</load_address>
         <run_address>0x3e70</run_address>
         <size>0x2f8</size>
         <input_file_ref idref="fl-1b"/>
      </object_component>
      <object_component id="oc-1d2">
         <name>.const:g_pppui32XTALtoVCO</name>
         <load_address>0x4168</load_address>
         <run_address>0x4168</run_address>
         <size>0x1b0</size>
         <input_file_ref idref="fl-15"/>
      </object_component>
      <object_component id="oc-550">
         <name>.const:.string:_ctypes_</name>
         <load_address>0x4318</load_address>
         <run_address>0x4318</run_address>
         <size>0x101</size>
         <input_file_ref idref="fl-f0"/>
      </object_component>
      <object_component id="oc-200">
         <name>.const:g_sFontFixed6x8</name>
         <load_address>0x441c</load_address>
         <run_address>0x441c</run_address>
         <size>0xc8</size>
         <input_file_ref idref="fl-1b"/>
      </object_component>
      <object_component id="oc-531">
         <name>.const:g_pui32GPIOBaseAddrs</name>
         <load_address>0x44e4</load_address>
         <run_address>0x44e4</run_address>
         <size>0x90</size>
         <input_file_ref idref="fl-12"/>
      </object_component>
      <object_component id="oc-1cf">
         <name>.const:g_pui32Xtals</name>
         <load_address>0x4574</load_address>
         <run_address>0x4574</run_address>
         <size>0x6c</size>
         <input_file_ref idref="fl-15"/>
      </object_component>
      <object_component id="oc-1ad">
         <name>.const:.string:digital_pin_to_bit_mask</name>
         <load_address>0x45e0</load_address>
         <run_address>0x45e0</run_address>
         <size>0x60</size>
         <input_file_ref idref="fl-4"/>
      </object_component>
      <object_component id="oc-1a7">
         <name>.const:.string:digital_pin_to_port</name>
         <load_address>0x4640</load_address>
         <run_address>0x4640</run_address>
         <size>0x60</size>
         <input_file_ref idref="fl-4"/>
      </object_component>
      <object_component id="oc-1aa">
         <name>.const:port_to_base</name>
         <load_address>0x46a0</load_address>
         <run_address>0x46a0</run_address>
         <size>0x40</size>
         <input_file_ref idref="fl-4"/>
      </object_component>
      <object_component id="oc-2a9">
         <name>.const:g_sXTALtoMEMTIM</name>
         <load_address>0x46e0</load_address>
         <run_address>0x46e0</run_address>
         <size>0x30</size>
         <input_file_ref idref="fl-15"/>
      </object_component>
      <object_component id="oc-1fd">
         <name>.const:g_sCrystalfontz128x128</name>
         <load_address>0x4710</load_address>
         <run_address>0x4710</run_address>
         <size>0x28</size>
         <input_file_ref idref="fl-5"/>
      </object_component>
      <object_component id="oc-2f9">
         <name>.const:g_psDefaultCodePointMapTable</name>
         <load_address>0x4738</load_address>
         <run_address>0x4738</run_address>
         <size>0x10</size>
         <input_file_ref idref="fl-18"/>
      </object_component>
      <object_component id="oc-1d5">
         <name>.const:g_pui32VCOFrequencies</name>
         <load_address>0x4748</load_address>
         <run_address>0x4748</run_address>
         <size>0x8</size>
         <input_file_ref idref="fl-15"/>
      </object_component>
      <object_component id="oc-26e">
         <name>.const:.string</name>
         <load_address>0x4750</load_address>
         <run_address>0x4750</run_address>
         <size>0x6</size>
         <input_file_ref idref="fl-2"/>
      </object_component>
      <object_component id="oc-640">
         <name>.cinit..data.load</name>
         <load_address>0x4760</load_address>
         <run_address>0x4760</run_address>
         <size>0x1a</size>
      </object_component>
      <object_component id="oc-63e">
         <name>__TI_handler_table</name>
         <load_address>0x477c</load_address>
         <run_address>0x477c</run_address>
         <size>0xc</size>
      </object_component>
      <object_component id="oc-641">
         <name>.cinit..bss.load</name>
         <load_address>0x4788</load_address>
         <run_address>0x4788</run_address>
         <size>0x8</size>
      </object_component>
      <object_component id="oc-63f">
         <name>__TI_cinit_table</name>
         <load_address>0x4790</load_address>
         <run_address>0x4790</run_address>
         <size>0x10</size>
      </object_component>
      <object_component id="oc-25">
         <name>.init_array</name>
         <load_address>0x4758</load_address>
         <run_address>0x4758</run_address>
         <size>0x4</size>
         <input_file_ref idref="fl-2"/>
      </object_component>
      <object_component id="oc-642">
         <name>SHT$$INIT_ARRAY$$Limit</name>
         <load_address>0x475c</load_address>
         <run_address>0x475c</run_address>
         <size>0x0</size>
      </object_component>
      <object_component id="oc-149">
         <name>.data</name>
         <load_address>0x20008018</load_address>
         <run_address>0x20008018</run_address>
         <size>0x9</size>
         <input_file_ref idref="fl-2"/>
      </object_component>
      <object_component id="oc-14c">
         <name>.data:btnStart</name>
         <load_address>0x20008000</load_address>
         <run_address>0x20008000</run_address>
         <size>0x18</size>
         <input_file_ref idref="fl-2"/>
      </object_component>
      <object_component id="oc-45e">
         <name>.data:Lcd_buffer</name>
         <load_address>0x20000000</load_address>
         <run_address>0x20000000</run_address>
         <size>0x8000</size>
         <input_file_ref idref="fl-5"/>
      </object_component>
      <object_component id="oc-5b2">
         <name>.data</name>
         <load_address>0x20008024</load_address>
         <run_address>0x20008024</run_address>
         <size>0x4</size>
         <input_file_ref idref="fl-df"/>
      </object_component>
      <object_component id="oc-d0">
         <name>.bss:btnPlayPause</name>
         <uninitialized>true</uninitialized>
         <run_address>0x20008828</run_address>
         <size>0xb4</size>
         <input_file_ref idref="fl-2"/>
      </object_component>
      <object_component id="oc-2fc">
         <name>.bss</name>
         <uninitialized>true</uninitialized>
         <run_address>0x200088dc</run_address>
         <size>0x4</size>
         <input_file_ref idref="fl-18"/>
      </object_component>
      <object_component id="oc-2f1">
         <name>.common:Lcd_Orientation</name>
         <uninitialized>true</uninitialized>
         <run_address>0x200088e8</run_address>
         <size>0x1</size>
      </object_component>
      <object_component id="oc-2e8">
         <name>.common:Lcd_ScreenWidth</name>
         <uninitialized>true</uninitialized>
         <run_address>0x200088e2</run_address>
         <size>0x2</size>
      </object_component>
      <object_component id="oc-2eb">
         <name>.common:Lcd_ScreenHeigth</name>
         <uninitialized>true</uninitialized>
         <run_address>0x200088e0</run_address>
         <size>0x2</size>
      </object_component>
      <object_component id="oc-2ec">
         <name>.common:Lcd_PenSolid</name>
         <uninitialized>true</uninitialized>
         <run_address>0x200088e9</run_address>
         <size>0x1</size>
      </object_component>
      <object_component id="oc-2ed">
         <name>.common:Lcd_FontSolid</name>
         <uninitialized>true</uninitialized>
         <run_address>0x200088e7</run_address>
         <size>0x1</size>
      </object_component>
      <object_component id="oc-2ee">
         <name>.common:Lcd_FlagRead</name>
         <uninitialized>true</uninitialized>
         <run_address>0x200088e6</run_address>
         <size>0x1</size>
      </object_component>
      <object_component id="oc-2ef">
         <name>.common:Lcd_TouchTrim</name>
         <uninitialized>true</uninitialized>
         <run_address>0x200088e4</run_address>
         <size>0x2</size>
      </object_component>
      <object_component id="oc-26">
         <name>.stack</name>
         <uninitialized>true</uninitialized>
         <run_address>0x20008028</run_address>
         <size>0x4</size>
         <input_file_ref idref="fl-de"/>
      </object_component>
      <object_component id="oc-644">
         <name>.stack</name>
         <uninitialized>true</uninitialized>
         <run_address>0x20008028</run_address>
         <size>0x0</size>
      </object_component>
      <object_component id="oc-204">
         <name>.debug_info</name>
         <load_address>0x0</load_address>
         <run_address>0x0</run_address>
         <size>0x1016</size>
         <input_file_ref idref="fl-2"/>
      </object_component>
      <object_component id="oc-14a">
         <name>.debug_info</name>
         <load_address>0x1016</load_address>
         <run_address>0x1016</run_address>
         <size>0x132</size>
         <input_file_ref idref="fl-2"/>
      </object_component>
      <object_component id="oc-14d">
         <name>.debug_info</name>
         <load_address>0x1148</load_address>
         <run_address>0x1148</run_address>
         <size>0xdf</size>
         <input_file_ref idref="fl-2"/>
      </object_component>
      <object_component id="oc-d1">
         <name>.debug_info</name>
         <load_address>0x1227</load_address>
         <run_address>0x1227</run_address>
         <size>0xe7</size>
         <input_file_ref idref="fl-2"/>
      </object_component>
      <object_component id="oc-102">
         <name>.debug_info</name>
         <load_address>0x130e</load_address>
         <run_address>0x130e</run_address>
         <size>0x216</size>
         <input_file_ref idref="fl-2"/>
      </object_component>
      <object_component id="oc-10e">
         <name>.debug_info</name>
         <load_address>0x1524</load_address>
         <run_address>0x1524</run_address>
         <size>0x168</size>
         <input_file_ref idref="fl-2"/>
      </object_component>
      <object_component id="oc-11a">
         <name>.debug_info</name>
         <load_address>0x168c</load_address>
         <run_address>0x168c</run_address>
         <size>0x19c</size>
         <input_file_ref idref="fl-2"/>
      </object_component>
      <object_component id="oc-132">
         <name>.debug_info</name>
         <load_address>0x1828</load_address>
         <run_address>0x1828</run_address>
         <size>0x143</size>
         <input_file_ref idref="fl-2"/>
      </object_component>
      <object_component id="oc-13e">
         <name>.debug_info</name>
         <load_address>0x196b</load_address>
         <run_address>0x196b</run_address>
         <size>0x335</size>
         <input_file_ref idref="fl-2"/>
      </object_component>
      <object_component id="oc-145">
         <name>.debug_info</name>
         <load_address>0x1ca0</load_address>
         <run_address>0x1ca0</run_address>
         <size>0x260</size>
         <input_file_ref idref="fl-2"/>
      </object_component>
      <object_component id="oc-bb">
         <name>.debug_info</name>
         <load_address>0x1f00</load_address>
         <run_address>0x1f00</run_address>
         <size>0x5cb</size>
         <input_file_ref idref="fl-2"/>
      </object_component>
      <object_component id="oc-82">
         <name>.debug_info</name>
         <load_address>0x24cb</load_address>
         <run_address>0x24cb</run_address>
         <size>0x139</size>
         <input_file_ref idref="fl-2"/>
      </object_component>
      <object_component id="oc-1b1">
         <name>.debug_info</name>
         <load_address>0x2604</load_address>
         <run_address>0x2604</run_address>
         <size>0x83f</size>
         <input_file_ref idref="fl-2"/>
      </object_component>
      <object_component id="oc-271">
         <name>.debug_info</name>
         <load_address>0x2e43</load_address>
         <run_address>0x2e43</run_address>
         <size>0xd7</size>
         <input_file_ref idref="fl-2"/>
      </object_component>
      <object_component id="oc-155">
         <name>.debug_info</name>
         <load_address>0x2f1a</load_address>
         <run_address>0x2f1a</run_address>
         <size>0x1b0</size>
         <input_file_ref idref="fl-2"/>
      </object_component>
      <object_component id="oc-150">
         <name>.debug_info</name>
         <load_address>0x30ca</load_address>
         <run_address>0x30ca</run_address>
         <size>0x8b</size>
         <input_file_ref idref="fl-2"/>
      </object_component>
      <object_component id="oc-15f">
         <name>.debug_info</name>
         <load_address>0x3155</load_address>
         <run_address>0x3155</run_address>
         <size>0x941</size>
         <input_file_ref idref="fl-2"/>
      </object_component>
      <object_component id="oc-276">
         <name>.debug_info</name>
         <load_address>0x3a96</load_address>
         <run_address>0x3a96</run_address>
         <size>0x2d6</size>
         <input_file_ref idref="fl-2"/>
      </object_component>
      <object_component id="oc-164">
         <name>.debug_info</name>
         <load_address>0x3d6c</load_address>
         <run_address>0x3d6c</run_address>
         <size>0xbb</size>
         <input_file_ref idref="fl-2"/>
      </object_component>
      <object_component id="oc-2a3">
         <name>.debug_info</name>
         <load_address>0x3e27</load_address>
         <run_address>0x3e27</run_address>
         <size>0x2a1</size>
         <input_file_ref idref="fl-2"/>
      </object_component>
      <object_component id="oc-33e">
         <name>.debug_info</name>
         <load_address>0x40c8</load_address>
         <run_address>0x40c8</run_address>
         <size>0xfe</size>
         <input_file_ref idref="fl-2"/>
      </object_component>
      <object_component id="oc-15a">
         <name>.debug_info</name>
         <load_address>0x41c6</load_address>
         <run_address>0x41c6</run_address>
         <size>0x38c</size>
         <input_file_ref idref="fl-2"/>
      </object_component>
      <object_component id="oc-43">
         <name>.debug_info</name>
         <load_address>0x4552</load_address>
         <run_address>0x4552</run_address>
         <size>0x2ae</size>
         <input_file_ref idref="fl-3"/>
      </object_component>
      <object_component id="oc-14">
         <name>.debug_info</name>
         <load_address>0x4800</load_address>
         <run_address>0x4800</run_address>
         <size>0xed</size>
         <input_file_ref idref="fl-3"/>
      </object_component>
      <object_component id="oc-2a">
         <name>.debug_info</name>
         <load_address>0x48ed</load_address>
         <run_address>0x48ed</run_address>
         <size>0x11d</size>
         <input_file_ref idref="fl-3"/>
      </object_component>
      <object_component id="oc-30">
         <name>.debug_info</name>
         <load_address>0x4a0a</load_address>
         <run_address>0x4a0a</run_address>
         <size>0x10b</size>
         <input_file_ref idref="fl-3"/>
      </object_component>
      <object_component id="oc-3e">
         <name>.debug_info</name>
         <load_address>0x4b15</load_address>
         <run_address>0x4b15</run_address>
         <size>0x126</size>
         <input_file_ref idref="fl-3"/>
      </object_component>
      <object_component id="oc-39">
         <name>.debug_info</name>
         <load_address>0x4c3b</load_address>
         <run_address>0x4c3b</run_address>
         <size>0x111</size>
         <input_file_ref idref="fl-3"/>
      </object_component>
      <object_component id="oc-8d">
         <name>.debug_info</name>
         <load_address>0x4d4c</load_address>
         <run_address>0x4d4c</run_address>
         <size>0x26b</size>
         <input_file_ref idref="fl-3"/>
      </object_component>
      <object_component id="oc-4a">
         <name>.debug_info</name>
         <load_address>0x4fb7</load_address>
         <run_address>0x4fb7</run_address>
         <size>0x84</size>
         <input_file_ref idref="fl-3"/>
      </object_component>
      <object_component id="oc-d4">
         <name>.debug_info</name>
         <load_address>0x503b</load_address>
         <run_address>0x503b</run_address>
         <size>0x2a4</size>
         <input_file_ref idref="fl-3"/>
      </object_component>
      <object_component id="oc-92">
         <name>.debug_info</name>
         <load_address>0x52df</load_address>
         <run_address>0x52df</run_address>
         <size>0xbb</size>
         <input_file_ref idref="fl-3"/>
      </object_component>
      <object_component id="oc-1b6">
         <name>.debug_info</name>
         <load_address>0x539a</load_address>
         <run_address>0x539a</run_address>
         <size>0x5a2</size>
         <input_file_ref idref="fl-4"/>
      </object_component>
      <object_component id="oc-1ab">
         <name>.debug_info</name>
         <load_address>0x593c</load_address>
         <run_address>0x593c</run_address>
         <size>0x123</size>
         <input_file_ref idref="fl-4"/>
      </object_component>
      <object_component id="oc-1a8">
         <name>.debug_info</name>
         <load_address>0x5a5f</load_address>
         <run_address>0x5a5f</run_address>
         <size>0x131</size>
         <input_file_ref idref="fl-4"/>
      </object_component>
      <object_component id="oc-1ae">
         <name>.debug_info</name>
         <load_address>0x5b90</load_address>
         <run_address>0x5b90</run_address>
         <size>0x139</size>
         <input_file_ref idref="fl-4"/>
      </object_component>
      <object_component id="oc-cb">
         <name>.debug_info</name>
         <load_address>0x5cc9</load_address>
         <run_address>0x5cc9</run_address>
         <size>0x2ec</size>
         <input_file_ref idref="fl-4"/>
      </object_component>
      <object_component id="oc-3ae">
         <name>.debug_info</name>
         <load_address>0x5fb5</load_address>
         <run_address>0x5fb5</run_address>
         <size>0x220</size>
         <input_file_ref idref="fl-4"/>
      </object_component>
      <object_component id="oc-23d">
         <name>.debug_info</name>
         <load_address>0x61d5</load_address>
         <run_address>0x61d5</run_address>
         <size>0x213</size>
         <input_file_ref idref="fl-4"/>
      </object_component>
      <object_component id="oc-39c">
         <name>.debug_info</name>
         <load_address>0x63e8</load_address>
         <run_address>0x63e8</run_address>
         <size>0x23c</size>
         <input_file_ref idref="fl-4"/>
      </object_component>
      <object_component id="oc-3b4">
         <name>.debug_info</name>
         <load_address>0x6624</load_address>
         <run_address>0x6624</run_address>
         <size>0x1e8</size>
         <input_file_ref idref="fl-4"/>
      </object_component>
      <object_component id="oc-21d">
         <name>.debug_info</name>
         <load_address>0x680c</load_address>
         <run_address>0x680c</run_address>
         <size>0x261</size>
         <input_file_ref idref="fl-4"/>
      </object_component>
      <object_component id="oc-237">
         <name>.debug_info</name>
         <load_address>0x6a6d</load_address>
         <run_address>0x6a6d</run_address>
         <size>0x22e</size>
         <input_file_ref idref="fl-4"/>
      </object_component>
      <object_component id="oc-243">
         <name>.debug_info</name>
         <load_address>0x6c9b</load_address>
         <run_address>0x6c9b</run_address>
         <size>0x3d1</size>
         <input_file_ref idref="fl-4"/>
      </object_component>
      <object_component id="oc-126">
         <name>.debug_info</name>
         <load_address>0x706c</load_address>
         <run_address>0x706c</run_address>
         <size>0x28c</size>
         <input_file_ref idref="fl-4"/>
      </object_component>
      <object_component id="oc-223">
         <name>.debug_info</name>
         <load_address>0x72f8</load_address>
         <run_address>0x72f8</run_address>
         <size>0x21a</size>
         <input_file_ref idref="fl-4"/>
      </object_component>
      <object_component id="oc-229">
         <name>.debug_info</name>
         <load_address>0x7512</load_address>
         <run_address>0x7512</run_address>
         <size>0x212</size>
         <input_file_ref idref="fl-4"/>
      </object_component>
      <object_component id="oc-138">
         <name>.debug_info</name>
         <load_address>0x7724</load_address>
         <run_address>0x7724</run_address>
         <size>0x206</size>
         <input_file_ref idref="fl-4"/>
      </object_component>
      <object_component id="oc-12c">
         <name>.debug_info</name>
         <load_address>0x792a</load_address>
         <run_address>0x792a</run_address>
         <size>0x204</size>
         <input_file_ref idref="fl-4"/>
      </object_component>
      <object_component id="oc-2e9">
         <name>.debug_info</name>
         <load_address>0x7b2e</load_address>
         <run_address>0x7b2e</run_address>
         <size>0x725</size>
         <input_file_ref idref="fl-5"/>
      </object_component>
      <object_component id="oc-45f">
         <name>.debug_info</name>
         <load_address>0x8253</load_address>
         <run_address>0x8253</run_address>
         <size>0x12b</size>
         <input_file_ref idref="fl-5"/>
      </object_component>
      <object_component id="oc-1fe">
         <name>.debug_info</name>
         <load_address>0x837e</load_address>
         <run_address>0x837e</run_address>
         <size>0x144</size>
         <input_file_ref idref="fl-5"/>
      </object_component>
      <object_component id="oc-1e7">
         <name>.debug_info</name>
         <load_address>0x84c2</load_address>
         <run_address>0x84c2</run_address>
         <size>0x2d0</size>
         <input_file_ref idref="fl-5"/>
      </object_component>
      <object_component id="oc-45a">
         <name>.debug_info</name>
         <load_address>0x8792</load_address>
         <run_address>0x8792</run_address>
         <size>0x371</size>
         <input_file_ref idref="fl-5"/>
      </object_component>
      <object_component id="oc-32b">
         <name>.debug_info</name>
         <load_address>0x8b03</load_address>
         <run_address>0x8b03</run_address>
         <size>0x2f1</size>
         <input_file_ref idref="fl-5"/>
      </object_component>
      <object_component id="oc-330">
         <name>.debug_info</name>
         <load_address>0x8df4</load_address>
         <run_address>0x8df4</run_address>
         <size>0x26e</size>
         <input_file_ref idref="fl-5"/>
      </object_component>
      <object_component id="oc-317">
         <name>.debug_info</name>
         <load_address>0x9062</load_address>
         <run_address>0x9062</run_address>
         <size>0x404</size>
         <input_file_ref idref="fl-5"/>
      </object_component>
      <object_component id="oc-312">
         <name>.debug_info</name>
         <load_address>0x9466</load_address>
         <run_address>0x9466</run_address>
         <size>0x291</size>
         <input_file_ref idref="fl-5"/>
      </object_component>
      <object_component id="oc-323">
         <name>.debug_info</name>
         <load_address>0x96f7</load_address>
         <run_address>0x96f7</run_address>
         <size>0x2b7</size>
         <input_file_ref idref="fl-5"/>
      </object_component>
      <object_component id="oc-31d">
         <name>.debug_info</name>
         <load_address>0x99ae</load_address>
         <run_address>0x99ae</run_address>
         <size>0x2dd</size>
         <input_file_ref idref="fl-5"/>
      </object_component>
      <object_component id="oc-2e5">
         <name>.debug_info</name>
         <load_address>0x9c8b</load_address>
         <run_address>0x9c8b</run_address>
         <size>0x2cb</size>
         <input_file_ref idref="fl-5"/>
      </object_component>
      <object_component id="oc-1e1">
         <name>.debug_info</name>
         <load_address>0x9f56</load_address>
         <run_address>0x9f56</run_address>
         <size>0x406</size>
         <input_file_ref idref="fl-5"/>
      </object_component>
      <object_component id="oc-464">
         <name>.debug_info</name>
         <load_address>0xa35c</load_address>
         <run_address>0xa35c</run_address>
         <size>0x6bd</size>
         <input_file_ref idref="fl-5"/>
      </object_component>
      <object_component id="oc-456">
         <name>.debug_info</name>
         <load_address>0xaa19</load_address>
         <run_address>0xaa19</run_address>
         <size>0x6e5</size>
         <input_file_ref idref="fl-6"/>
      </object_component>
      <object_component id="oc-2e0">
         <name>.debug_info</name>
         <load_address>0xb0fe</load_address>
         <run_address>0xb0fe</run_address>
         <size>0x25b</size>
         <input_file_ref idref="fl-6"/>
      </object_component>
      <object_component id="oc-2d6">
         <name>.debug_info</name>
         <load_address>0xb359</load_address>
         <run_address>0xb359</run_address>
         <size>0x2b2</size>
         <input_file_ref idref="fl-6"/>
      </object_component>
      <object_component id="oc-2d3">
         <name>.debug_info</name>
         <load_address>0xb60b</load_address>
         <run_address>0xb60b</run_address>
         <size>0x2dd</size>
         <input_file_ref idref="fl-6"/>
      </object_component>
      <object_component id="oc-2cd">
         <name>.debug_info</name>
         <load_address>0xb8e8</load_address>
         <run_address>0xb8e8</run_address>
         <size>0x366</size>
         <input_file_ref idref="fl-6"/>
      </object_component>
      <object_component id="oc-207">
         <name>.debug_info</name>
         <load_address>0xbc4e</load_address>
         <run_address>0xbc4e</run_address>
         <size>0x5f2</size>
         <input_file_ref idref="fl-9"/>
      </object_component>
      <object_component id="oc-211">
         <name>.debug_info</name>
         <load_address>0xc240</load_address>
         <run_address>0xc240</run_address>
         <size>0x235</size>
         <input_file_ref idref="fl-9"/>
      </object_component>
      <object_component id="oc-114">
         <name>.debug_info</name>
         <load_address>0xc475</load_address>
         <run_address>0xc475</run_address>
         <size>0x1f7</size>
         <input_file_ref idref="fl-9"/>
      </object_component>
      <object_component id="oc-108">
         <name>.debug_info</name>
         <load_address>0xc66c</load_address>
         <run_address>0xc66c</run_address>
         <size>0x1d9</size>
         <input_file_ref idref="fl-9"/>
      </object_component>
      <object_component id="oc-346">
         <name>.debug_info</name>
         <load_address>0xc845</load_address>
         <run_address>0xc845</run_address>
         <size>0x1d7</size>
         <input_file_ref idref="fl-9"/>
      </object_component>
      <object_component id="oc-494">
         <name>.debug_info</name>
         <load_address>0xca1c</load_address>
         <run_address>0xca1c</run_address>
         <size>0x25c</size>
         <input_file_ref idref="fl-9"/>
      </object_component>
      <object_component id="oc-34d">
         <name>.debug_info</name>
         <load_address>0xcc78</load_address>
         <run_address>0xcc78</run_address>
         <size>0x629</size>
         <input_file_ref idref="fl-9"/>
      </object_component>
      <object_component id="oc-20a">
         <name>.debug_info</name>
         <load_address>0xd2a1</load_address>
         <run_address>0xd2a1</run_address>
         <size>0x354</size>
         <input_file_ref idref="fl-9"/>
      </object_component>
      <object_component id="oc-422">
         <name>.debug_info</name>
         <load_address>0xd5f5</load_address>
         <run_address>0xd5f5</run_address>
         <size>0x3ba</size>
         <input_file_ref idref="fl-10"/>
      </object_component>
      <object_component id="oc-2c4">
         <name>.debug_info</name>
         <load_address>0xd9af</load_address>
         <run_address>0xd9af</run_address>
         <size>0x26b</size>
         <input_file_ref idref="fl-10"/>
      </object_component>
      <object_component id="oc-2b9">
[...]
      <symbol id="sm-212">
         <name>_ZN6Button3fsmEb</name>
         <value>0x1867</value>
         <object_component_ref idref="oc-242"/>
      </symbol>
      <symbol id="sm-213">
         <name>_ZN6Button8debounceEb</name>
         <value>0x34f5</value>
         <object_component_ref idref="oc-23c"/>
      </symbol>
      <symbol id="sm-214">
         <name>_ZN6Button12readPhysicalEv</name>
         <value>0x3a79</value>
         <object_component_ref idref="oc-236"/>
      </symbol>
      <symbol id="sm-2be">
         <name>Lcd_Orientation</name>
         <value>0x200088e8</value>
      </symbol>
      <symbol id="sm-2bf">
         <name>Lcd_ScreenWidth</name>
         <value>0x200088e2</value>
      </symbol>
      <symbol id="sm-2c0">
         <name>Lcd_ScreenHeigth</name>
         <value>0x200088e0</value>
      </symbol>
      <symbol id="sm-2c1">
         <name>Lcd_PenSolid</name>
         <value>0x200088e9</value>
      </symbol>
      <symbol id="sm-2c2">
         <name>Lcd_FontSolid</name>
         <value>0x200088e7</value>
      </symbol>
      <symbol id="sm-2c3">
         <name>Lcd_FlagRead</name>
         <value>0x200088e6</value>
      </symbol>
      <symbol id="sm-2c4">
         <name>Lcd_TouchTrim</name>
         <value>0x200088e4</value>
      </symbol>
      <symbol id="sm-2c5">
         <name>Lcd_buffer</name>
         <value>0x20000000</value>
         <object_component_ref idref="oc-45e"/>
      </symbol>
      <symbol id="sm-2c6">
         <name>Crystalfontz128x128_SetDrawFrame</name>
         <value>0x2a51</value>
         <object_component_ref idref="oc-458"/>
      </symbol>
      <symbol id="sm-2c7">
         <name>Crystalfontz128x128_SetOrientation</name>
         <value>0x3695</value>
         <object_component_ref idref="oc-1e5"/>
      </symbol>
      <symbol id="sm-2c8">
         <name>g_sCrystalfontz128x128</name>
         <value>0x4710</value>
         <object_component_ref idref="oc-1fd"/>
      </symbol>
      <symbol id="sm-2c9">
         <name>Crystalfontz128x128_Init</name>
         <value>0x2705</value>
         <object_component_ref idref="oc-1df"/>
      </symbol>
      <symbol id="sm-306">
         <name>HAL_LCD_writeData</name>
         <value>0x3b85</value>
         <object_component_ref idref="oc-2dc"/>
      </symbol>
      <symbol id="sm-307">
         <name>HAL_LCD_SpiInit</name>
         <value>0x2ced</value>
         <object_component_ref idref="oc-2cf"/>
      </symbol>
      <symbol id="sm-308">
         <name>HAL_LCD_PortInit</name>
         <value>0x2c71</value>
         <object_component_ref idref="oc-2c9"/>
      </symbol>
      <symbol id="sm-309">
         <name>HAL_LCD_writeCommand</name>
         <value>0x3611</value>
         <object_component_ref idref="oc-2d5"/>
      </symbol>
      <symbol id="sm-37e">
         <name>_ZNK5Timer6microsEv</name>
         <value>0x337d</value>
         <object_component_ref idref="oc-210"/>
      </symbol>
      <symbol id="sm-37f">
         <name>_ZN5Timer10isWideBaseEj</name>
         <value>0x3909</value>
         <object_component_ref idref="oc-345"/>
      </symbol>
      <symbol id="sm-380">
         <name>_ZN5TimerC1Ev</name>
         <value>0x3c5d</value>
         <object_component_ref idref="oc-107"/>
      </symbol>
      <symbol id="sm-381">
         <name>_ZN5Timer23enablePeripheralForBaseEj</name>
         <value>0x1b5d</value>
         <object_component_ref idref="oc-34b"/>
      </symbol>
      <symbol id="sm-382">
         <name>_ZN5Timer5beginEjj</name>
         <value>0x2875</value>
         <object_component_ref idref="oc-209"/>
      </symbol>
      <symbol id="sm-383">
         <name>_ZN5TimerC2Ev</name>
         <value>0x3c5d</value>
         <object_component_ref idref="oc-107"/>
      </symbol>
      <symbol id="sm-384">
         <name>_ZNK5Timer6millisEv</name>
         <value>0x3d4b</value>
         <object_component_ref idref="oc-113"/>
      </symbol>
      <symbol id="sm-3b2">
         <name>FPULazyStackingEnable</name>
         <value>0x3d81</value>
         <object_component_ref idref="oc-f5"/>
      </symbol>
      <symbol id="sm-3b3">
         <name>FPUEnable</name>
         <value>0x3d71</value>
         <object_component_ref idref="oc-ef"/>
      </symbol>
      <symbol id="sm-40d">
         <name>GPIOPinConfigure</name>
         <value>0x3331</value>
         <object_component_ref idref="oc-429"/>
      </symbol>
      <symbol id="sm-40e">
         <name>GPIOPinTypeGPIOInput</name>
         <value>0x3c8d</value>
         <object_component_ref idref="oc-395"/>
      </symbol>
      <symbol id="sm-40f">
         <name>GPIOPinTypeGPIOOutput</name>
         <value>0x3c11</value>
         <object_component_ref idref="oc-42f"/>
      </symbol>
      <symbol id="sm-410">
         <name>GPIOPinRead</name>
         <value>0x3e31</value>
         <object_component_ref idref="oc-3a5"/>
      </symbol>
      <symbol id="sm-411">
         <name>GPIODirModeSet</name>
         <value>0x3a21</value>
         <object_component_ref idref="oc-4a5"/>
      </symbol>
      <symbol id="sm-412">
         <name>GPIOPinWrite</name>
         <value>0x3e37</value>
         <object_component_ref idref="oc-442"/>
      </symbol>
      <symbol id="sm-413">
         <name>GPIOPadConfigSet</name>
         <value>0x19f1</value>
         <object_component_ref idref="oc-4ab"/>
      </symbol>
      <symbol id="sm-414">
         <name>GPIOPinTypeSSI</name>
         <value>0x3ca3</value>
         <object_component_ref idref="oc-423"/>
      </symbol>
      <symbol id="sm-428">
         <name>IntMasterDisable</name>
         <value>0x3d91</value>
         <object_component_ref idref="oc-e9"/>
      </symbol>
      <symbol id="sm-429">
         <name>IntMasterEnable</name>
         <value>0x3da1</value>
         <object_component_ref idref="oc-11f"/>
      </symbol>
      <symbol id="sm-450">
         <name>SSIDataPut</name>
         <value>0x3de5</value>
         <object_component_ref idref="oc-44f"/>
      </symbol>
      <symbol id="sm-451">
         <name>SSIConfigSetExpClk</name>
         <value>0x378d</value>
         <object_component_ref idref="oc-436"/>
      </symbol>
      <symbol id="sm-452">
         <name>SSIEnable</name>
         <value>0x3def</value>
         <object_component_ref idref="oc-43c"/>
      </symbol>
      <symbol id="sm-453">
         <name>SSIBusy</name>
         <value>0x3e1f</value>
         <object_component_ref idref="oc-449"/>
      </symbol>
      <symbol id="sm-4ce">
         <name>SysCtlDelay</name>
         <value>0x3e49</value>
         <object_component_ref idref="oc-2db"/>
      </symbol>
      <symbol id="sm-4cf">
         <name>SysCtlPeripheralEnable</name>
         <value>0x3871</value>
         <object_component_ref idref="oc-389"/>
      </symbol>
      <symbol id="sm-4d0">
         <name>SysCtlPeripheralReady</name>
         <value>0x3801</value>
         <object_component_ref idref="oc-38f"/>
      </symbol>
      <symbol id="sm-4d1">
         <name>SysCtlClockFreqSet</name>
         <value>0x1115</value>
         <object_component_ref idref="oc-fb"/>
      </symbol>
      <symbol id="sm-520">
         <name>TimerLoadSet</name>
         <value>0x3d39</value>
         <object_component_ref idref="oc-363"/>
      </symbol>
      <symbol id="sm-521">
         <name>TimerDisable</name>
         <value>0x3c45</value>
         <object_component_ref idref="oc-351"/>
      </symbol>
      <symbol id="sm-522">
         <name>TimerEnable</name>
         <value>0x3db1</value>
         <object_component_ref idref="oc-369"/>
      </symbol>
      <symbol id="sm-523">
         <name>TimerValueGet64</name>
         <value>0x3ccf</value>
         <object_component_ref idref="oc-37b"/>
      </symbol>
      <symbol id="sm-524">
         <name>TimerValueGet</name>
         <value>0x3df9</value>
         <object_component_ref idref="oc-36f"/>
      </symbol>
      <symbol id="sm-525">
         <name>TimerClockSourceSet</name>
         <value>0x3e4f</value>
         <object_component_ref idref="oc-357"/>
      </symbol>
      <symbol id="sm-526">
         <name>TimerLoadSet64</name>
         <value>0x3e55</value>
         <object_component_ref idref="oc-375"/>
      </symbol>
      <symbol id="sm-527">
         <name>TimerConfigure</name>
         <value>0x30c9</value>
         <object_component_ref idref="oc-35d"/>
      </symbol>
      <symbol id="sm-539">
         <name>CPUcpsie</name>
         <value>0x3dd9</value>
         <object_component_ref idref="oc-22f"/>
      </symbol>
      <symbol id="sm-53a">
         <name>CPUcpsid</name>
         <value>0x3dcd</value>
         <object_component_ref idref="oc-1ba"/>
      </symbol>
      <symbol id="sm-55e">
         <name>GrContextInit</name>
         <value>0x2ec5</value>
         <object_component_ref idref="oc-1eb"/>
      </symbol>
      <symbol id="sm-55f">
         <name>g_psDefaultCodePointMapTable</name>
         <value>0x4738</value>
         <object_component_ref idref="oc-2f9"/>
      </symbol>
      <symbol id="sm-576">
         <name>GrRectFill</name>
         <value>0x2add</value>
         <object_component_ref idref="oc-1f7"/>
      </symbol>
      <symbol id="sm-577">
         <name>GrRectDraw</name>
         <value>0x2ffd</value>
         <object_component_ref idref="oc-265"/>
      </symbol>
      <symbol id="sm-61b">
         <name>GrFontInfoGet</name>
         <value>0x3aa3</value>
         <object_component_ref idref="oc-3c6"/>
      </symbol>
      <symbol id="sm-61c">
         <name>GrDefaultStringRenderer</name>
         <value>0x2645</value>
         <object_component_ref idref="oc-2f3"/>
      </symbol>
      <symbol id="sm-61d">
         <name>GrFontGlyphRender</name>
         <value>0xec1</value>
         <object_component_ref idref="oc-469"/>
      </symbol>
      <symbol id="sm-61e">
         <name>GrContextFontSet</name>
         <value>0x3e3d</value>
         <object_component_ref idref="oc-1f1"/>
      </symbol>
      <symbol id="sm-61f">
         <name>GrFontGlyphDataGet</name>
         <value>0x3ac9</value>
         <object_component_ref idref="oc-3c0"/>
      </symbol>
      <symbol id="sm-620">
         <name>GrStringDraw</name>
         <value>0x3cb9</value>
         <object_component_ref idref="oc-258"/>
      </symbol>
      <symbol id="sm-621">
         <name>GrFontCodepageGet</name>
         <value>0x3b4b</value>
         <object_component_ref idref="oc-47c"/>
      </symbol>
      <symbol id="sm-622">
         <name>GrStringNextCharGet</name>
         <value>0x3969</value>
         <object_component_ref idref="oc-3ba"/>
      </symbol>
      <symbol id="sm-623">
         <name>GrStringWidthGet</name>
         <value>0x2f2d</value>
         <object_component_ref idref="oc-24c"/>
      </symbol>
      <symbol id="sm-624">
         <name>GrFontBaselineGet</name>
         <value>0x3a4d</value>
         <object_component_ref idref="oc-252"/>
      </symbol>
      <symbol id="sm-636">
         <name>g_sFontFixed6x8</name>
         <value>0x441c</value>
         <object_component_ref idref="oc-200"/>
      </symbol>
      <symbol id="sm-643">
         <name>GrMapISO8859_1_Unicode</name>
         <value>0x3e17</value>
         <object_component_ref idref="oc-470"/>
      </symbol>
      <symbol id="sm-65c">
         <name>GrLineDrawH</name>
         <value>0x3585</value>
         <object_component_ref idref="oc-3f2"/>
      </symbol>
      <symbol id="sm-65d">
         <name>GrLineDrawV</name>
         <value>0x35cb</value>
         <object_component_ref idref="oc-3f8"/>
      </symbol>
      <symbol id="sm-6a4">
         <name>snprintf</name>
         <value>0x3415</value>
         <object_component_ref idref="oc-25e"/>
      </symbol>
      <symbol id="sm-6bf">
         <name>memcpy</name>
         <value>0x291d</value>
         <object_component_ref idref="oc-4f"/>
      </symbol>
      <symbol id="sm-6c0">
         <name>__aeabi_memcpy</name>
         <value>0x291d</value>
         <object_component_ref idref="oc-4f"/>
      </symbol>
      <symbol id="sm-6c1">
         <name>__aeabi_memcpy8</name>
         <value>0x291d</value>
         <object_component_ref idref="oc-4f"/>
      </symbol>
      <symbol id="sm-6c2">
         <name>__aeabi_memcpy4</name>
         <value>0x291d</value>
         <object_component_ref idref="oc-4f"/>
      </symbol>
      <symbol id="sm-6d1">
         <name>__aeabi_memset</name>
         <value>0x2d6b</value>
         <object_component_ref idref="oc-ac"/>
      </symbol>
      <symbol id="sm-6d2">
         <name>memset</name>
         <value>0x2d71</value>
         <object_component_ref idref="oc-ac"/>
      </symbol>
      <symbol id="sm-6d3">
         <name>__aeabi_memset8</name>
         <value>0x2d6b</value>
         <object_component_ref idref="oc-ac"/>
      </symbol>
      <symbol id="sm-6d4">
         <name>__aeabi_memset4</name>
         <value>0x2d6b</value>
         <object_component_ref idref="oc-ac"/>
      </symbol>
      <symbol id="sm-6d5">
         <name>__aeabi_memclr8</name>
         <value>0x2d69</value>
         <object_component_ref idref="oc-ac"/>
      </symbol>
      <symbol id="sm-6d6">
         <name>__aeabi_memclr4</name>
         <value>0x2d69</value>
         <object_component_ref idref="oc-ac"/>
      </symbol>
      <symbol id="sm-6d7">
         <name>__aeabi_memclr</name>
         <value>0x2d69</value>
         <object_component_ref idref="oc-ac"/>
      </symbol>
      <symbol id="sm-6e4">
         <name>__aeabi_uldivmod</name>
         <value>0x29b9</value>
         <object_component_ref idref="oc-216"/>
      </symbol>
      <symbol id="sm-6fd">
         <name>__TI_zero_init_nomemset</name>
         <value>0x3bd9</value>
         <object_component_ref idref="oc-5b"/>
      </symbol>
      <symbol id="sm-714">
         <name>__TI_decompress_none</name>
         <value>0x3dbf</value>
         <object_component_ref idref="oc-1c"/>
      </symbol>
      <symbol id="sm-737">
         <name>__TI_decompress_lzss</name>
         <value>0x2f95</value>
         <object_component_ref idref="oc-16"/>
      </symbol>
      <symbol id="sm-74a">
         <name>__stack</name>
         <value>0x20008028</value>
         <object_component_ref idref="oc-26"/>
      </symbol>
      <symbol id="sm-74b">
         <name>_c_int00_noargs</name>
         <value>0x38a5</value>
         <object_component_ref idref="oc-6d"/>
      </symbol>
      <symbol id="sm-761">
         <name>__aeabi_errno_addr</name>
         <value>0x3e29</value>
         <object_component_ref idref="oc-501"/>
      </symbol>
      <symbol id="sm-762">
         <name>errno</name>
         <value>0x20008024</value>
         <object_component_ref idref="oc-5b2"/>
      </symbol>
      <symbol id="sm-8c7">
         <name>__TI_printfi</name>
         <value>0x201</value>
         <object_component_ref idref="oc-3cf"/>
      </symbol>
      <symbol id="sm-8d1">
         <name>__aeabi_idiv0</name>
         <value>0x2873</value>
         <object_component_ref idref="oc-383"/>
      </symbol>
      <symbol id="sm-8d2">
         <name>__aeabi_ldiv0</name>
         <value>0x2873</value>
         <object_component_ref idref="oc-383"/>
      </symbol>
      <symbol id="sm-8e9">
         <name>__aeabi_dsub</name>
         <value>0x16b1</value>
         <object_component_ref idref="oc-576"/>
      </symbol>
      <symbol id="sm-8ea">
         <name>__aeabi_dadd</name>
         <value>0x16bb</value>
         <object_component_ref idref="oc-576"/>
      </symbol>
      <symbol id="sm-90c">
         <name>__aeabi_cdcmpeq</name>
         <value>0x2b63</value>
         <object_component_ref idref="oc-4d8"/>
      </symbol>
      <symbol id="sm-90d">
         <name>__aeabi_cdcmple</name>
         <value>0x2b63</value>
         <object_component_ref idref="oc-4d8"/>
      </symbol>
      <symbol id="sm-90e">
         <name>__aeabi_cdrcmple</name>
         <value>0x2be9</value>
         <object_component_ref idref="oc-561"/>
      </symbol>
      <symbol id="sm-922">
         <name>__aeabi_ddiv</name>
         <value>0x1f31</value>
         <object_component_ref idref="oc-55c"/>
      </symbol>
      <symbol id="sm-92d">
         <name>__aeabi_dmul</name>
         <value>0x23b5</value>
         <object_component_ref idref="oc-557"/>
      </symbol>
      <symbol id="sm-937">
         <name>__aeabi_d2iz</name>
         <value>0x353d</value>
         <object_component_ref idref="oc-566"/>
      </symbol>
      <symbol id="sm-941">
         <name>__aeabi_i2d</name>
         <value>0x39f3</value>
         <object_component_ref idref="oc-571"/>
      </symbol>
      <symbol id="sm-96e">
         <name>__TI_auto_init_nobinit</name>
         <value>0x3129</value>
         <object_component_ref idref="oc-17b"/>
      </symbol>
      <symbol id="sm-978">
         <name>_system_pre_init</name>
         <value>0x3e67</value>
         <object_component_ref idref="oc-b2"/>
      </symbol>
      <symbol id="sm-984">
         <name>C$$EXIT</name>
         <value>0x3e6b</value>
         <object_component_ref idref="oc-169"/>
      </symbol>
      <symbol id="sm-985">
         <name>abort</name>
         <value>0x3e6b</value>
         <object_component_ref idref="oc-169"/>
      </symbol>
      <symbol id="sm-995">
         <name>__TI_ltoa</name>
         <value>0x3239</value>
         <object_component_ref idref="oc-56b"/>
      </symbol>
      <symbol id="sm-9ac">
         <name>atoi</name>
         <value>0x33c9</value>
         <object_component_ref idref="oc-4cc"/>
      </symbol>
      <symbol id="sm-9b7">
         <name>_ctypes_</name>
         <value>0x4318</value>
         <object_component_ref idref="oc-550"/>
      </symbol>
      <symbol id="sm-9c7">
         <name>memccpy</name>
         <value>0x3bf5</value>
         <object_component_ref idref="oc-4f5"/>
      </symbol>
      <symbol id="sm-9d7">
         <name>strchr</name>
         <value>0x3ce5</value>
         <object_component_ref idref="oc-5a2"/>
      </symbol>
      <symbol id="sm-9e5">
         <name>strlen</name>
         <value>0x3d25</value>
         <object_component_ref idref="oc-4c6"/>
      </symbol>
      <symbol id="sm-9fe">
         <name>wcslen</name>
         <value>0x3d5d</value>
         <object_component_ref idref="oc-4fb"/>
      </symbol>
      <symbol id="sm-a14">
         <name>frexpl</name>
         <value>0x3065</value>
         <object_component_ref idref="oc-596"/>
      </symbol>
      <symbol id="sm-a15">
         <name>frexp</name>
         <value>0x3065</value>
         <object_component_ref idref="oc-596"/>
      </symbol>
      <symbol id="sm-a32">
         <name>scalbn</name>
         <value>0x22a5</value>
         <object_component_ref idref="oc-59c"/>
      </symbol>
      <symbol id="sm-a33">
         <name>scalbnl</name>
         <value>0x22a5</value>
         <object_component_ref idref="oc-59c"/>
      </symbol>
      <symbol id="sm-a34">
         <name>ldexpl</name>
         <value>0x22a5</value>
         <object_component_ref idref="oc-59c"/>
      </symbol>
      <symbol id="sm-a35">
         <name>ldexp</name>
         <value>0x22a5</value>
         <object_component_ref idref="oc-59c"/>
      </symbol>
      <symbol id="sm-a3f">
         <name>copysign</name>
         <value>0x3c2b</value>
         <object_component_ref idref="oc-5e5"/>
      </symbol>
      <symbol id="sm-a40">
         <name>copysignl</name>
         <value>0x3c2b</value>
         <object_component_ref idref="oc-5e5"/>
      </symbol>
      <symbol id="sm-a41">
         <name>__TI_static_base__</name>
         <value>0x0</value>
      </symbol>
      <symbol id="sm-a44">
         <name>__mpu_init</name>
         <value>0x0</value>
      </symbol>
      <symbol id="sm-a45">
         <name>_system_post_cinit</name>
         <value>0x0</value>
      </symbol>
   </symbol_table>
   <title>Link successful</title>
</link_info>
