<?xml version="1.0" encoding="ISO-8859-1" ?>
<link_info>
   <banner>TI ARM Linker PC v20.2.7.LTS</banner>
   <copyright>Copyright (c) 1996-2018 Texas Instruments Incorporated</copyright>
   <link_time>0x68f734a1</link_time>
   <link_errors>0x0</link_errors>
   <output_file>lab0.out</output_file>
   <entry_point>
      <name>_c_int00_noargs</name>
      <address>0x3865</address>
   </entry_point>
   <input_file_list>
      <input_file id="fl-2">
         <path>.\</path>
         <kind>object</kind>
         <file>main.obj</file>
         <name>main.obj</name>
      </input_file>
      <input_file id="fl-3">
         <path>.\</path>
         <kind>object</kind>
         <file>startup_ccs.obj</file>
         <name>startup_ccs.obj</name>
      </input_file>
      <input_file id="fl-4">
         <path>.\libraries\buttonsDriver\</path>
         <kind>object</kind>
         <file>button.obj</file>
         <name>button.obj</name>
      </input_file>
      <input_file id="fl-5">
         <path>.\libraries\display\</path>
         <kind>object</kind>
         <file>Crystalfontz128x128_ST7735.obj</file>
         <name>Crystalfontz128x128_ST7735.obj</name>
      </input_file>
      <input_file id="fl-6">
         <path>.\libraries\display\</path>
         <kind>object</kind>
         <file>HAL_EK_TM4C1294XL_Crystalfontz128x128_ST7735.obj</file>
         <name>HAL_EK_TM4C1294XL_Crystalfontz128x128_ST7735.obj</name>
      </input_file>
      <input_file id="fl-7">
         <path>.\libraries\joystickDriver\</path>
         <kind>object</kind>
         <file>joystick.obj</file>
         <name>joystick.obj</name>
      </input_file>
      <input_file id="fl-8">
         <path>.\libraries\pll\</path>
         <kind>object</kind>
         <file>sysctl_pll.obj</file>
         <name>sysctl_pll.obj</name>
      </input_file>
      <input_file id="fl-9">
         <path>.\libraries\timerLib\</path>
         <kind>object</kind>
         <file>timerLib.obj</file>
         <name>timerLib.obj</name>
      </input_file>
      <input_file id="fl-f">
         <kind>object</kind>
         <file>&lt;internal&gt;</file>
         <name>&lt;internal&gt;</name>
      </input_file>
      <input_file id="fl-10">
         <path>C:\ti\TivaWare_C_Series-2.2.0.295\driverlib\ccs\Debug\</path>
         <kind>archive</kind>
         <file>driverlib.lib</file>
         <name>adc.obj</name>
      </input_file>
      <input_file id="fl-11">
         <path>C:\ti\TivaWare_C_Series-2.2.0.295\driverlib\ccs\Debug\</path>
         <kind>archive</kind>
         <file>driverlib.lib</file>
         <name>fpu.obj</name>
      </input_file>
      <input_file id="fl-12">
         <path>C:\ti\TivaWare_C_Series-2.2.0.295\driverlib\ccs\Debug\</path>
         <kind>archive</kind>
         <file>driverlib.lib</file>
         <name>gpio.obj</name>
      </input_file>
      <input_file id="fl-13">
         <path>C:\ti\TivaWare_C_Series-2.2.0.295\driverlib\ccs\Debug\</path>
         <kind>archive</kind>
         <file>driverlib.lib</file>
         <name>interrupt.obj</name>
      </input_file>
      <input_file id="fl-14">
         <path>C:\ti\TivaWare_C_Series-2.2.0.295\driverlib\ccs\Debug\</path>
         <kind>archive</kind>
         <file>driverlib.lib</file>
         <name>ssi.obj</name>
      </input_file>
      <input_file id="fl-15">
         <path>C:\ti\TivaWare_C_Series-2.2.0.295\driverlib\ccs\Debug\</path>
         <kind>archive</kind>
         <file>driverlib.lib</file>
         <name>sysctl.obj</name>
      </input_file>
      <input_file id="fl-16">
         <path>C:\ti\TivaWare_C_Series-2.2.0.295\driverlib\ccs\Debug\</path>
         <kind>archive</kind>
         <file>driverlib.lib</file>
         <name>timer.obj</name>
      </input_file>
      <input_file id="fl-17">
         <path>C:\ti\TivaWare_C_Series-2.2.0.295\driverlib\ccs\Debug\</path>
         <kind>archive</kind>
         <file>driverlib.lib</file>
         <name>cpu.obj</name>
      </input_file>
      <input_file id="fl-18">
         <path>C:\ti\TivaWare_C_Series-2.2.0.295\grlib\ccs\Debug\</path>
         <kind>archive</kind>
         <file>grlib.lib</file>
         <name>context.obj</name>
      </input_file>
      <input_file id="fl-19">
         <path>C:\ti\TivaWare_C_Series-2.2.0.295\grlib\ccs\Debug\</path>
         <kind>archive</kind>
         <file>grlib.lib</file>
         <name>rectangle.obj</name>
      </input_file>
      <input_file id="fl-1a">
         <path>C:\ti\TivaWare_C_Series-2.2.0.295\grlib\ccs\Debug\</path>
         <kind>archive</kind>
         <file>grlib.lib</file>
         <name>string.obj</name>
      </input_file>
      <input_file id="fl-1b">
         <path>C:\ti\TivaWare_C_Series-2.2.0.295\grlib\ccs\Debug\</path>
         <kind>archive</kind>
         <file>grlib.lib</file>
         <name>fontfixed6x8.obj</name>
      </input_file>
      <input_file id="fl-1c">
         <path>C:\ti\TivaWare_C_Series-2.2.0.295\grlib\ccs\Debug\</path>
         <kind>archive</kind>
         <file>grlib.lib</file>
         <name>charmap.obj</name>
      </input_file>
      <input_file id="fl-1d">
         <path>C:\ti\TivaWare_C_Series-2.2.0.295\grlib\ccs\Debug\</path>
         <kind>archive</kind>
         <file>grlib.lib</file>
         <name>line.obj</name>
      </input_file>
      <input_file id="fl-d3">
         <path>C:\ti\ccs1281\ccs\tools\compiler\ti-cgt-arm_20.2.7.LTS\lib\</path>
         <kind>archive</kind>
         <file>rtsv7M4_T_le_v4SPD16_eabi.lib</file>
         <name>e_atan2f.c.obj</name>
      </input_file>
      <input_file id="fl-d4">
         <path>C:\ti\ccs1281\ccs\tools\compiler\ti-cgt-arm_20.2.7.LTS\lib\</path>
         <kind>archive</kind>
         <file>rtsv7M4_T_le_v4SPD16_eabi.lib</file>
         <name>e_sqrtf.c.obj</name>
      </input_file>
      <input_file id="fl-d5">
         <path>C:\ti\ccs1281\ccs\tools\compiler\ti-cgt-arm_20.2.7.LTS\lib\</path>
         <kind>archive</kind>
         <file>rtsv7M4_T_le_v4SPD16_eabi.lib</file>
         <name>s_atanf.c.obj</name>
      </input_file>
      <input_file id="fl-d6">
         <path>C:\ti\ccs1281\ccs\tools\compiler\ti-cgt-arm_20.2.7.LTS\lib\</path>
         <kind>archive</kind>
         <file>rtsv7M4_T_le_v4SPD16_eabi.lib</file>
         <name>s_floorf.c.obj</name>
      </input_file>
      <input_file id="fl-d7">
         <path>C:\ti\ccs1281\ccs\tools\compiler\ti-cgt-arm_20.2.7.LTS\lib\</path>
         <kind>archive</kind>
         <file>rtsv7M4_T_le_v4SPD16_eabi.lib</file>
         <name>snprintf.c.obj</name>
      </input_file>
      <input_file id="fl-d8">
         <path>C:\ti\ccs1281\ccs\tools\compiler\ti-cgt-arm_20.2.7.LTS\lib\</path>
         <kind>archive</kind>
         <file>rtsv7M4_T_le_v4SPD16_eabi.lib</file>
         <name>memcpy_t2.asm.obj</name>
      </input_file>
      <input_file id="fl-d9">
         <path>C:\ti\ccs1281\ccs\tools\compiler\ti-cgt-arm_20.2.7.LTS\lib\</path>
         <kind>archive</kind>
         <file>rtsv7M4_T_le_v4SPD16_eabi.lib</file>
         <name>memset_t2.asm.obj</name>
      </input_file>
      <input_file id="fl-da">
         <path>C:\ti\ccs1281\ccs\tools\compiler\ti-cgt-arm_20.2.7.LTS\lib\</path>
         <kind>archive</kind>
         <file>rtsv7M4_T_le_v4SPD16_eabi.lib</file>
         <name>ull_div_t2.asm.obj</name>
      </input_file>
      <input_file id="fl-db">
         <path>C:\ti\ccs1281\ccs\tools\compiler\ti-cgt-arm_20.2.7.LTS\lib\</path>
         <kind>archive</kind>
         <file>rtsv7M4_T_le_v4SPD16_eabi.lib</file>
         <name>copy_zero_init.c.obj</name>
      </input_file>
      <input_file id="fl-dc">
         <path>C:\ti\ccs1281\ccs\tools\compiler\ti-cgt-arm_20.2.7.LTS\lib\</path>
         <kind>archive</kind>
         <file>rtsv7M4_T_le_v4SPD16_eabi.lib</file>
         <name>copy_decompress_none.c.obj</name>
      </input_file>
      <input_file id="fl-dd">
         <path>C:\ti\ccs1281\ccs\tools\compiler\ti-cgt-arm_20.2.7.LTS\lib\</path>
         <kind>archive</kind>
         <file>rtsv7M4_T_le_v4SPD16_eabi.lib</file>
         <name>copy_decompress_lzss.c.obj</name>
      </input_file>
      <input_file id="fl-de">
         <path>C:\ti\ccs1281\ccs\tools\compiler\ti-cgt-arm_20.2.7.LTS\lib\</path>
         <kind>archive</kind>
         <file>rtsv7M4_T_le_v4SPD16_eabi.lib</file>
         <name>boot_cortex_m.c.obj</name>
      </input_file>
      <input_file id="fl-df">
         <path>C:\ti\ccs1281\ccs\tools\compiler\ti-cgt-arm_20.2.7.LTS\lib\</path>
         <kind>archive</kind>
         <file>rtsv7M4_T_le_v4SPD16_eabi.lib</file>
         <name>errno.c.obj</name>
      </input_file>
      <input_file id="fl-e0">
         <path>C:\ti\ccs1281\ccs\tools\compiler\ti-cgt-arm_20.2.7.LTS\lib\</path>
         <kind>archive</kind>
         <file>rtsv7M4_T_le_v4SPD16_eabi.lib</file>
         <name>_printfi.c.obj</name>
      </input_file>
      <input_file id="fl-e1">
         <path>C:\ti\ccs1281\ccs\tools\compiler\ti-cgt-arm_20.2.7.LTS\lib\</path>
         <kind>archive</kind>
         <file>rtsv7M4_T_le_v4SPD16_eabi.lib</file>
         <name>div0.asm.obj</name>
      </input_file>
      <input_file id="fl-e2">
         <path>C:\ti\ccs1281\ccs\tools\compiler\ti-cgt-arm_20.2.7.LTS\lib\</path>
         <kind>archive</kind>
         <file>rtsv7M4_T_le_v4SPD16_eabi.lib</file>
         <name>fd_add_t2.asm.obj</name>
      </input_file>
      <input_file id="fl-e3">
         <path>C:\ti\ccs1281\ccs\tools\compiler\ti-cgt-arm_20.2.7.LTS\lib\</path>
         <kind>archive</kind>
         <file>rtsv7M4_T_le_v4SPD16_eabi.lib</file>
         <name>fd_cmp_t2.asm.obj</name>
      </input_file>
      <input_file id="fl-e4">
         <path>C:\ti\ccs1281\ccs\tools\compiler\ti-cgt-arm_20.2.7.LTS\lib\</path>
         <kind>archive</kind>
         <file>rtsv7M4_T_le_v4SPD16_eabi.lib</file>
         <name>fd_div_t2.asm.obj</name>
      </input_file>
      <input_file id="fl-e5">
         <path>C:\ti\ccs1281\ccs\tools\compiler\ti-cgt-arm_20.2.7.LTS\lib\</path>
         <kind>archive</kind>
         <file>rtsv7M4_T_le_v4SPD16_eabi.lib</file>
         <name>fd_mul_t2.asm.obj</name>
      </input_file>
      <input_file id="fl-e6">
         <path>C:\ti\ccs1281\ccs\tools\compiler\ti-cgt-arm_20.2.7.LTS\lib\</path>
         <kind>archive</kind>
         <file>rtsv7M4_T_le_v4SPD16_eabi.lib</file>
         <name>fd_toi_t2.asm.obj</name>
      </input_file>
      <input_file id="fl-e7">
         <path>C:\ti\ccs1281\ccs\tools\compiler\ti-cgt-arm_20.2.7.LTS\lib\</path>
         <kind>archive</kind>
         <file>rtsv7M4_T_le_v4SPD16_eabi.lib</file>
         <name>i_tofd_t2.asm.obj</name>
      </input_file>
      <input_file id="fl-e8">
         <path>C:\ti\ccs1281\ccs\tools\compiler\ti-cgt-arm_20.2.7.LTS\lib\</path>
         <kind>archive</kind>
         <file>rtsv7M4_T_le_v4SPD16_eabi.lib</file>
         <name>autoinit.c.obj</name>
      </input_file>
      <input_file id="fl-e9">
         <path>C:\ti\ccs1281\ccs\tools\compiler\ti-cgt-arm_20.2.7.LTS\lib\</path>
         <kind>archive</kind>
         <file>rtsv7M4_T_le_v4SPD16_eabi.lib</file>
         <name>pre_init.c.obj</name>
      </input_file>
      <input_file id="fl-ea">
         <path>C:\ti\ccs1281\ccs\tools\compiler\ti-cgt-arm_20.2.7.LTS\lib\</path>
         <kind>archive</kind>
         <file>rtsv7M4_T_le_v4SPD16_eabi.lib</file>
         <name>cpy_tbl.c.obj</name>
      </input_file>
      <input_file id="fl-eb">
         <path>C:\ti\ccs1281\ccs\tools\compiler\ti-cgt-arm_20.2.7.LTS\lib\</path>
         <kind>archive</kind>
         <file>rtsv7M4_T_le_v4SPD16_eabi.lib</file>
         <name>exit.c.obj</name>
      </input_file>
      <input_file id="fl-ec">
         <path>C:\ti\ccs1281\ccs\tools\compiler\ti-cgt-arm_20.2.7.LTS\lib\</path>
         <kind>archive</kind>
         <file>rtsv7M4_T_le_v4SPD16_eabi.lib</file>
         <name>_lock.c.obj</name>
      </input_file>
      <input_file id="fl-ed">
         <path>C:\ti\ccs1281\ccs\tools\compiler\ti-cgt-arm_20.2.7.LTS\lib\</path>
         <kind>archive</kind>
         <file>rtsv7M4_T_le_v4SPD16_eabi.lib</file>
         <name>_ltoa.c.obj</name>
      </input_file>
      <input_file id="fl-ee">
         <path>C:\ti\ccs1281\ccs\tools\compiler\ti-cgt-arm_20.2.7.LTS\lib\</path>
         <kind>archive</kind>
         <file>rtsv7M4_T_le_v4SPD16_eabi.lib</file>
         <name>args_main.c.obj</name>
      </input_file>
      <input_file id="fl-ef">
         <path>C:\ti\ccs1281\ccs\tools\compiler\ti-cgt-arm_20.2.7.LTS\lib\</path>
         <kind>archive</kind>
         <file>rtsv7M4_T_le_v4SPD16_eabi.lib</file>
         <name>atoi.c.obj</name>
      </input_file>
      <input_file id="fl-f0">
         <path>C:\ti\ccs1281\ccs\tools\compiler\ti-cgt-arm_20.2.7.LTS\lib\</path>
         <kind>archive</kind>
         <file>rtsv7M4_T_le_v4SPD16_eabi.lib</file>
         <name>ctype.c.obj</name>
      </input_file>
      <input_file id="fl-f1">
         <path>C:\ti\ccs1281\ccs\tools\compiler\ti-cgt-arm_20.2.7.LTS\lib\</path>
         <kind>archive</kind>
         <file>rtsv7M4_T_le_v4SPD16_eabi.lib</file>
         <name>memccpy.c.obj</name>
      </input_file>
      <input_file id="fl-f2">
         <path>C:\ti\ccs1281\ccs\tools\compiler\ti-cgt-arm_20.2.7.LTS\lib\</path>
         <kind>archive</kind>
         <file>rtsv7M4_T_le_v4SPD16_eabi.lib</file>
         <name>strchr.c.obj</name>
      </input_file>
      <input_file id="fl-f3">
         <path>C:\ti\ccs1281\ccs\tools\compiler\ti-cgt-arm_20.2.7.LTS\lib\</path>
         <kind>archive</kind>
         <file>rtsv7M4_T_le_v4SPD16_eabi.lib</file>
         <name>strlen.c.obj</name>
      </input_file>
      <input_file id="fl-f4">
         <path>C:\ti\ccs1281\ccs\tools\compiler\ti-cgt-arm_20.2.7.LTS\lib\</path>
         <kind>archive</kind>
         <file>rtsv7M4_T_le_v4SPD16_eabi.lib</file>
         <name>wcslen.c.obj</name>
      </input_file>
      <input_file id="fl-f5">
         <path>C:\ti\ccs1281\ccs\tools\compiler\ti-cgt-arm_20.2.7.LTS\lib\</path>
         <kind>archive</kind>
         <file>rtsv7M4_T_le_v4SPD16_eabi.lib</file>
         <name>s_frexp.c.obj</name>
      </input_file>
      <input_file id="fl-f6">
         <path>C:\ti\ccs1281\ccs\tools\compiler\ti-cgt-arm_20.2.7.LTS\lib\</path>
         <kind>archive</kind>
         <file>rtsv7M4_T_le_v4SPD16_eabi.lib</file>
         <name>s_scalbn.c.obj</name>
      </input_file>
      <input_file id="fl-f7">
         <path>C:\ti\ccs1281\ccs\tools\compiler\ti-cgt-arm_20.2.7.LTS\lib\</path>
         <kind>archive</kind>
         <file>rtsv7M4_T_le_v4SPD16_eabi.lib</file>
         <name>s_copysign.c.obj</name>
      </input_file>
   </input_file_list>
   <object_component_list>
      <object_component id="oc-13">
         <name>.intvecs</name>
         <load_address>0x0</load_address>
         <run_address>0x0</run_address>
         <size>0x200</size>
         <input_file_ref idref="fl-3"/>
      </object_component>
      <object_component id="oc-3cf">
         <name>.text:__TI_printfi</name>
         <load_address>0x200</load_address>
         <run_address>0x200</run_address>
         <size>0xa4e</size>
         <input_file_ref idref="fl-e0"/>
      </object_component>
      <object_component id="oc-35">
         <name>.text:FaultISR</name>
         <load_address>0xc4e</load_address>
         <run_address>0xc4e</run_address>
         <size>0x2</size>
         <input_file_ref idref="fl-3"/>
      </object_component>
      <object_component id="oc-4ef">
         <name>.text:_pconv_a</name>
         <load_address>0xc50</load_address>
         <run_address>0xc50</run_address>
         <size>0x270</size>
         <input_file_ref idref="fl-e0"/>
      </object_component>
      <object_component id="oc-469">
         <name>.text:GrFontGlyphRender</name>
         <load_address>0xec0</load_address>
         <run_address>0xec0</run_address>
         <size>0x252</size>
         <input_file_ref idref="fl-1a"/>
      </object_component>
      <object_component id="oc-3b">
         <name>.text:IntDefaultHandler</name>
         <load_address>0x1112</load_address>
         <run_address>0x1112</run_address>
         <size>0x2</size>
         <input_file_ref idref="fl-3"/>
      </object_component>
      <object_component id="oc-fb">
         <name>.text:SysCtlClockFreqSet</name>
         <load_address>0x1114</load_address>
         <run_address>0x1114</run_address>
         <size>0x200</size>
         <input_file_ref idref="fl-15"/>
      </object_component>
      <object_component id="oc-4dd">
         <name>.text:_pconv_g</name>
         <load_address>0x1314</load_address>
         <run_address>0x1314</run_address>
         <size>0x1d0</size>
         <input_file_ref idref="fl-e0"/>
      </object_component>
      <object_component id="oc-576">
         <name>.text</name>
         <load_address>0x14e4</load_address>
         <run_address>0x14e4</run_address>
         <size>0x1b6</size>
         <input_file_ref idref="fl-e2"/>
      </object_component>
      <object_component id="oc-2f">
         <name>.text:NmiSR</name>
         <load_address>0x169a</load_address>
         <run_address>0x169a</run_address>
         <size>0x2</size>
         <input_file_ref idref="fl-3"/>
      </object_component>
      <object_component id="oc-b8">
         <name>.text:main</name>
         <load_address>0x169c</load_address>
         <run_address>0x169c</run_address>
         <size>0x1a8</size>
         <input_file_ref idref="fl-2"/>
      </object_component>
      <object_component id="oc-242">
         <name>.text:_ZN6Button3fsmEb</name>
         <load_address>0x1844</load_address>
         <run_address>0x1844</run_address>
         <size>0x18a</size>
         <input_file_ref idref="fl-4"/>
      </object_component>
      <object_component id="oc-383">
         <name>.text</name>
         <load_address>0x19ce</load_address>
         <run_address>0x19ce</run_address>
         <size>0x2</size>
         <input_file_ref idref="fl-e1"/>
      </object_component>
      <object_component id="oc-4ab">
         <name>.text:GPIOPadConfigSet</name>
         <load_address>0x19d0</load_address>
         <run_address>0x19d0</run_address>
         <size>0x16c</size>
         <input_file_ref idref="fl-12"/>
      </object_component>
      <object_component id="oc-34b">
         <name>.text:_ZN5Timer23enablePeripheralForBaseEj</name>
         <load_address>0x1b3c</load_address>
         <run_address>0x1b3c</run_address>
         <size>0x154</size>
         <input_file_ref idref="fl-9"/>
      </object_component>
      <object_component id="oc-ca">
         <name>.text:_ZN6ButtonC1Ehjjj10ButtonPull</name>
         <load_address>0x1c90</load_address>
         <run_address>0x1c90</run_address>
         <size>0x144</size>
         <input_file_ref idref="fl-4"/>
      </object_component>
      <object_component id="oc-4e9">
         <name>.text:_pconv_e</name>
         <load_address>0x1dd4</load_address>
         <run_address>0x1dd4</run_address>
         <size>0x13c</size>
         <input_file_ref idref="fl-e0"/>
      </object_component>
      <object_component id="oc-55c">
         <name>.text</name>
         <load_address>0x1f10</load_address>
         <run_address>0x1f10</run_address>
         <size>0x136</size>
         <input_file_ref idref="fl-e4"/>
      </object_component>
      <object_component id="oc-588">
         <name>.text:fcvt</name>
         <load_address>0x2048</load_address>
         <run_address>0x2048</run_address>
         <size>0x124</size>
         <input_file_ref idref="fl-e0"/>
      </object_component>
      <object_component id="oc-59c">
         <name>.text:scalbn</name>
         <load_address>0x216c</load_address>
         <run_address>0x216c</run_address>
         <size>0x110</size>
         <input_file_ref idref="fl-f6"/>
      </object_component>
      <object_component id="oc-557">
         <name>.text</name>
         <load_address>0x227c</load_address>
         <run_address>0x227c</run_address>
         <size>0xfc</size>
         <input_file_ref idref="fl-e5"/>
      </object_component>
      <object_component id="oc-13d">
         <name>.text:_ZN29_INTERNAL_8_main_cpp_f9572fa819drawStopwatchScreenER9_tContextjb</name>
         <load_address>0x2378</load_address>
         <run_address>0x2378</run_address>
         <size>0xf8</size>
         <input_file_ref idref="fl-2"/>
      </object_component>
      <object_component id="oc-143">
         <name>.text:_ZN29_INTERNAL_8_main_cpp_f9572fa810drawButtonER9_tContextRK8MyButton</name>
         <load_address>0x2470</load_address>
         <run_address>0x2470</run_address>
         <size>0xcc</size>
         <input_file_ref idref="fl-2"/>
      </object_component>
      <object_component id="oc-316">
         <name>.text:Crystalfontz128x128_PixelDrawMultiple</name>
         <load_address>0x253c</load_address>
         <run_address>0x253c</run_address>
         <size>0xc8</size>
         <input_file_ref idref="fl-5"/>
      </object_component>
      <object_component id="oc-2f3">
         <name>.text:GrDefaultStringRenderer</name>
         <load_address>0x2604</load_address>
         <run_address>0x2604</run_address>
         <size>0xc0</size>
         <input_file_ref idref="fl-1a"/>
      </object_component>
      <object_component id="oc-1df">
         <name>.text:Crystalfontz128x128_Init</name>
         <load_address>0x26c4</load_address>
         <run_address>0x26c4</run_address>
         <size>0xbc</size>
         <input_file_ref idref="fl-5"/>
      </object_component>
      <object_component id="oc-4d2">
         <name>.text:_ltostr</name>
         <load_address>0x2780</load_address>
         <run_address>0x2780</run_address>
         <size>0xb1</size>
         <input_file_ref idref="fl-e0"/>
      </object_component>
      <object_component id="oc-209">
         <name>.text:_ZN5Timer5beginEjj</name>
         <load_address>0x2834</load_address>
         <run_address>0x2834</run_address>
         <size>0xa8</size>
         <input_file_ref idref="fl-9"/>
      </object_component>
      <object_component id="oc-4f">
         <name>.text</name>
         <load_address>0x28dc</load_address>
         <run_address>0x28dc</run_address>
         <size>0x9c</size>
         <input_file_ref idref="fl-d8"/>
      </object_component>
      <object_component id="oc-216">
         <name>.text</name>
         <load_address>0x2978</load_address>
         <run_address>0x2978</run_address>
         <size>0x96</size>
         <input_file_ref idref="fl-da"/>
      </object_component>
      <object_component id="oc-458">
         <name>.text:Crystalfontz128x128_SetDrawFrame</name>
         <load_address>0x2a10</load_address>
         <run_address>0x2a10</run_address>
         <size>0x8c</size>
         <input_file_ref idref="fl-5"/>
      </object_component>
      <object_component id="oc-1f7">
         <name>.text:GrRectFill</name>
         <load_address>0x2a9c</load_address>
         <run_address>0x2a9c</run_address>
         <size>0x86</size>
         <input_file_ref idref="fl-19"/>
      </object_component>
      <object_component id="oc-4d8">
         <name>.text:__aeabi_cdcmple</name>
         <load_address>0x2b22</load_address>
         <run_address>0x2b22</run_address>
         <size>0x86</size>
         <input_file_ref idref="fl-e3"/>
      </object_component>
      <object_component id="oc-561">
         <name>.text:__aeabi_cdrcmple</name>
         <load_address>0x2ba8</load_address>
         <run_address>0x2ba8</run_address>
         <size>0x86</size>
         <input_file_ref idref="fl-e3"/>
      </object_component>
      <object_component id="oc-2c9">
         <name>.text:HAL_LCD_PortInit</name>
         <load_address>0x2c30</load_address>
         <run_address>0x2c30</run_address>
         <size>0x7c</size>
         <input_file_ref idref="fl-6"/>
      </object_component>
      <object_component id="oc-2cf">
         <name>.text:HAL_LCD_SpiInit</name>
         <load_address>0x2cac</load_address>
         <run_address>0x2cac</run_address>
         <size>0x7c</size>
         <input_file_ref idref="fl-6"/>
      </object_component>
      <object_component id="oc-ac">
         <name>.text</name>
         <load_address>0x2d28</load_address>
         <run_address>0x2d28</run_address>
         <size>0x7a</size>
         <input_file_ref idref="fl-d9"/>
      </object_component>
      <object_component id="oc-328">
         <name>.text:Crystalfontz128x128_RectFill</name>
         <load_address>0x2da4</load_address>
         <run_address>0x2da4</run_address>
         <size>0x70</size>
         <input_file_ref idref="fl-5"/>
      </object_component>
      <object_component id="oc-581">
         <name>.text:_mcpy</name>
         <load_address>0x2e14</load_address>
         <run_address>0x2e14</run_address>
         <size>0x6e</size>
         <input_file_ref idref="fl-e0"/>
      </object_component>
      <object_component id="oc-1eb">
         <name>.text:GrContextInit</name>
         <load_address>0x2e84</load_address>
         <run_address>0x2e84</run_address>
         <size>0x68</size>
         <input_file_ref idref="fl-18"/>
      </object_component>
      <object_component id="oc-24c">
         <name>.text:GrStringWidthGet</name>
         <load_address>0x2eec</load_address>
         <run_address>0x2eec</run_address>
         <size>0x68</size>
         <input_file_ref idref="fl-1a"/>
      </object_component>
      <object_component id="oc-16">
         <name>.text:decompress:lzss:__TI_decompress_lzss</name>
         <load_address>0x2f54</load_address>
         <run_address>0x2f54</run_address>
         <size>0x68</size>
         <input_file_ref idref="fl-dd"/>
      </object_component>
      <object_component id="oc-265">
         <name>.text:GrRectDraw</name>
         <load_address>0x2fbc</load_address>
         <run_address>0x2fbc</run_address>
         <size>0x66</size>
         <input_file_ref idref="fl-19"/>
      </object_component>
      <object_component id="oc-596">
         <name>.text:frexp</name>
         <load_address>0x3024</load_address>
         <run_address>0x3024</run_address>
         <size>0x64</size>
         <input_file_ref idref="fl-f5"/>
      </object_component>
      <object_component id="oc-35d">
         <name>.text:TimerConfigure</name>
         <load_address>0x3088</load_address>
         <run_address>0x3088</run_address>
         <size>0x60</size>
         <input_file_ref idref="fl-16"/>
      </object_component>
      <object_component id="oc-17b">
         <name>.text:__TI_auto_init_nobinit:__TI_auto_init_nobinit</name>
         <load_address>0x30e8</load_address>
         <run_address>0x30e8</run_address>
         <size>0x60</size>
         <input_file_ref idref="fl-e8"/>
      </object_component>
      <object_component id="oc-4b8">
         <name>.text:FontWideGlyphDataGet</name>
         <load_address>0x3148</load_address>
         <run_address>0x3148</run_address>
         <size>0x5a</size>
         <input_file_ref idref="fl-1a"/>
      </object_component>
      <object_component id="oc-4e3">
         <name>.text:_pconv_f</name>
         <load_address>0x31a2</load_address>
         <run_address>0x31a2</run_address>
         <size>0x56</size>
         <input_file_ref idref="fl-e0"/>
      </object_component>
      <object_component id="oc-56b">
         <name>.text:__TI_ltoa</name>
         <load_address>0x31f8</load_address>
         <run_address>0x31f8</run_address>
         <size>0x54</size>
         <input_file_ref idref="fl-ed"/>
      </object_component>
      <object_component id="oc-57b">
         <name>.text:_ecpy</name>
         <load_address>0x324c</load_address>
         <run_address>0x324c</run_address>
         <size>0x52</size>
         <input_file_ref idref="fl-e0"/>
      </object_component>
      <object_component id="oc-101">
         <name>.text:_ZN29_INTERNAL_8_main_cpp_f9572fa817initializeDisplayER9_tContext</name>
         <load_address>0x32a0</load_address>
         <run_address>0x32a0</run_address>
         <size>0x50</size>
         <input_file_ref idref="fl-2"/>
      </object_component>
      <object_component id="oc-429">
         <name>.text:GPIOPinConfigure</name>
         <load_address>0x32f0</load_address>
         <run_address>0x32f0</run_address>
         <size>0x4c</size>
         <input_file_ref idref="fl-12"/>
      </object_component>
      <object_component id="oc-210">
         <name>.text:_ZNK5Timer6microsEv</name>
         <load_address>0x333c</load_address>
         <run_address>0x333c</run_address>
         <size>0x4c</size>
         <input_file_ref idref="fl-9"/>
      </object_component>
      <object_component id="oc-4cc">
         <name>.text:atoi</name>
         <load_address>0x3388</load_address>
         <run_address>0x3388</run_address>
         <size>0x4c</size>
         <input_file_ref idref="fl-ef"/>
      </object_component>
      <object_component id="oc-25e">
         <name>.text:snprintf</name>
         <load_address>0x33d4</load_address>
         <run_address>0x33d4</run_address>
         <size>0x4c</size>
         <input_file_ref idref="fl-d7"/>
      </object_component>
      <object_component id="oc-301">
         <name>.text:UpdateContextCharMapping</name>
         <load_address>0x3420</load_address>
         <run_address>0x3420</run_address>
         <size>0x4a</size>
         <input_file_ref idref="fl-1a"/>
      </object_component>
      <object_component id="oc-1c9">
         <name>.text:_SysCtlFrequencyGet</name>
         <load_address>0x346c</load_address>
         <run_address>0x346c</run_address>
         <size>0x48</size>
         <input_file_ref idref="fl-15"/>
      </object_component>
      <object_component id="oc-23c">
         <name>.text:_ZN6Button8debounceEb</name>
         <load_address>0x34b4</load_address>
         <run_address>0x34b4</run_address>
         <size>0x48</size>
         <input_file_ref idref="fl-4"/>
      </object_component>
      <object_component id="oc-566">
         <name>.text</name>
         <load_address>0x34fc</load_address>
         <run_address>0x34fc</run_address>
         <size>0x48</size>
         <input_file_ref idref="fl-e6"/>
      </object_component>
      <object_component id="oc-3f2">
         <name>.text:GrLineDrawH</name>
         <load_address>0x3544</load_address>
         <run_address>0x3544</run_address>
         <size>0x46</size>
         <input_file_ref idref="fl-1d"/>
      </object_component>
      <object_component id="oc-3f8">
         <name>.text:GrLineDrawV</name>
         <load_address>0x358a</load_address>
         <run_address>0x358a</run_address>
         <size>0x46</size>
         <input_file_ref idref="fl-1d"/>
      </object_component>
      <object_component id="oc-2d5">
         <name>.text:HAL_LCD_writeCommand</name>
         <load_address>0x35d0</load_address>
         <run_address>0x35d0</run_address>
         <size>0x44</size>
         <input_file_ref idref="fl-6"/>
      </object_component>
      <object_component id="oc-31c">
         <name>.text:Crystalfontz128x128_LineDrawH</name>
         <load_address>0x3614</load_address>
         <run_address>0x3614</run_address>
         <size>0x40</size>
         <input_file_ref idref="fl-5"/>
      </object_component>
      <object_component id="oc-1e5">
         <name>.text:Crystalfontz128x128_SetOrientation</name>
         <load_address>0x3654</load_address>
         <run_address>0x3654</run_address>
         <size>0x40</size>
         <input_file_ref idref="fl-5"/>
      </object_component>
      <object_component id="oc-125">
         <name>.text:_ZN6Button4tickEv</name>
         <load_address>0x3694</load_address>
         <run_address>0x3694</run_address>
         <size>0x3e</size>
         <input_file_ref idref="fl-4"/>
      </object_component>
      <object_component id="oc-58e">
         <name>.text:_fcpy</name>
         <load_address>0x36d2</load_address>
         <run_address>0x36d2</run_address>
         <size>0x3e</size>
         <input_file_ref idref="fl-e0"/>
      </object_component>
      <object_component id="oc-4be">
         <name>.text:FontGlyphDataGet</name>
         <load_address>0x3710</load_address>
         <run_address>0x3710</run_address>
         <size>0x3c</size>
         <input_file_ref idref="fl-1a"/>
      </object_component>
      <object_component id="oc-436">
         <name>.text:SSIConfigSetExpClk</name>
         <load_address>0x374c</load_address>
         <run_address>0x374c</run_address>
         <size>0x3c</size>
         <input_file_ref idref="fl-14"/>
      </object_component>
      <object_component id="oc-2e2">
         <name>.text:Crystalfontz128x128_Flush</name>
         <load_address>0x3788</load_address>
         <run_address>0x3788</run_address>
         <size>0x38</size>
         <input_file_ref idref="fl-5"/>
      </object_component>
      <object_component id="oc-38f">
         <name>.text:SysCtlPeripheralReady</name>
         <load_address>0x37c0</load_address>
         <run_address>0x37c0</run_address>
         <size>0x38</size>
         <input_file_ref idref="fl-15"/>
      </object_component>
      <object_component id="oc-131">
         <name>.text:_ZN29_INTERNAL_8_main_cpp_f9572fa816onPlayPauseClickEv</name>
         <load_address>0x37f8</load_address>
         <run_address>0x37f8</run_address>
         <size>0x38</size>
         <input_file_ref idref="fl-2"/>
      </object_component>
      <object_component id="oc-389">
         <name>.text:SysCtlPeripheralEnable</name>
         <load_address>0x3830</load_address>
         <run_address>0x3830</run_address>
         <size>0x34</size>
         <input_file_ref idref="fl-15"/>
      </object_component>
      <object_component id="oc-6d">
         <name>.text:_c_int00_noargs:_c_int00_noargs</name>
         <load_address>0x3864</load_address>
         <run_address>0x3864</run_address>
         <size>0x34</size>
         <input_file_ref idref="fl-de"/>
      </object_component>
      <object_component id="oc-492">
         <name>.text:_ZN34_INTERNAL_12_timerLib_cpp_b416d18a11periphReadyEj</name>
         <load_address>0x3898</load_address>
         <run_address>0x3898</run_address>
         <size>0x30</size>
         <input_file_ref idref="fl-9"/>
      </object_component>
      <object_component id="oc-345">
         <name>.text:_ZN5Timer10isWideBaseEj</name>
         <load_address>0x38c8</load_address>
         <run_address>0x38c8</run_address>
         <size>0x30</size>
         <input_file_ref idref="fl-9"/>
      </object_component>
      <object_component id="oc-3d5">
         <name>.text:_outs</name>
         <load_address>0x38f8</load_address>
         <run_address>0x38f8</run_address>
         <size>0x30</size>
         <input_file_ref idref="fl-d7"/>
      </object_component>
      <object_component id="oc-3ba">
         <name>.text:GrStringNextCharGet</name>
         <load_address>0x3928</load_address>
         <run_address>0x3928</run_address>
         <size>0x2e</size>
         <input_file_ref idref="fl-1a"/>
      </object_component>
      <object_component id="oc-39b">
         <name>.text:_ZN6Button14applyPadConfigEv</name>
         <load_address>0x3956</load_address>
         <run_address>0x3956</run_address>
         <size>0x2e</size>
         <input_file_ref idref="fl-4"/>
      </object_component>
      <object_component id="oc-21c">
         <name>.text:_ZN6Button5beginEv</name>
         <load_address>0x3984</load_address>
         <run_address>0x3984</run_address>
         <size>0x2e</size>
         <input_file_ref idref="fl-4"/>
      </object_component>
      <object_component id="oc-571">
         <name>.text</name>
         <load_address>0x39b2</load_address>
         <run_address>0x39b2</run_address>
         <size>0x2e</size>
         <input_file_ref idref="fl-e7"/>
      </object_component>
      <object_component id="oc-4a5">
         <name>.text:GPIODirModeSet</name>
         <load_address>0x39e0</load_address>
         <run_address>0x39e0</run_address>
         <size>0x2c</size>
         <input_file_ref idref="fl-12"/>
      </object_component>
      <object_component id="oc-252">
         <name>.text:GrFontBaselineGet</name>
         <load_address>0x3a0c</load_address>
         <run_address>0x3a0c</run_address>
         <size>0x2c</size>
         <input_file_ref idref="fl-1a"/>
      </object_component>
      <object_component id="oc-236">
         <name>.text:_ZN6Button12readPhysicalEv</name>
         <load_address>0x3a38</load_address>
         <run_address>0x3a38</run_address>
         <size>0x2a</size>
         <input_file_ref idref="fl-4"/>
      </object_component>
      <object_component id="oc-3c6">
         <name>.text:GrFontInfoGet</name>
         <load_address>0x3a62</load_address>
         <run_address>0x3a62</run_address>
         <size>0x26</size>
         <input_file_ref idref="fl-1a"/>
      </object_component>
      <object_component id="oc-3c0">
         <name>.text:GrFontGlyphDataGet</name>
         <load_address>0x3a88</load_address>
         <run_address>0x3a88</run_address>
         <size>0x22</size>
         <input_file_ref idref="fl-1a"/>
      </object_component>
      <object_component id="oc-1c3">
         <name>.text:_SysCtlMemTimingGet</name>
         <load_address>0x3aac</load_address>
         <run_address>0x3aac</run_address>
         <size>0x20</size>
         <input_file_ref idref="fl-15"/>
      </object_component>
      <object_component id="oc-119">
         <name>.text:_ZN29_INTERNAL_8_main_cpp_f9572fa812setupButtonsEv</name>
         <load_address>0x3acc</load_address>
         <run_address>0x3acc</run_address>
         <size>0x20</size>
         <input_file_ref idref="fl-2"/>
      </object_component>
      <object_component id="oc-32e">
         <name>.text:Crystalfontz128x128_ColorTranslate</name>
         <load_address>0x3aec</load_address>
         <run_address>0x3aec</run_address>
         <size>0x1e</size>
         <input_file_ref idref="fl-5"/>
      </object_component>
      <object_component id="oc-47c">
         <name>.text:GrFontCodepageGet</name>
         <load_address>0x3b0a</load_address>
         <run_address>0x3b0a</run_address>
         <size>0x1e</size>
         <input_file_ref idref="fl-1a"/>
      </object_component>
      <object_component id="oc-322">
         <name>.text:Crystalfontz128x128_LineDrawV</name>
         <load_address>0x3b28</load_address>
         <run_address>0x3b28</run_address>
         <size>0x1c</size>
         <input_file_ref idref="fl-5"/>
      </object_component>
      <object_component id="oc-2dc">
         <name>.text:HAL_LCD_writeData</name>
         <load_address>0x3b44</load_address>
         <run_address>0x3b44</run_address>
         <size>0x1c</size>
         <input_file_ref idref="fl-6"/>
      </object_component>
      <object_component id="oc-3b3">
         <name>.text:_ZN6Button5resetEv</name>
         <load_address>0x3b60</load_address>
         <run_address>0x3b60</run_address>
         <size>0x1c</size>
         <input_file_ref idref="fl-4"/>
      </object_component>
      <object_component id="oc-7f">
         <name>.text:__sti___8_main_cpp_f9572fa8</name>
         <load_address>0x3b7c</load_address>
         <run_address>0x3b7c</run_address>
         <size>0x1c</size>
         <input_file_ref idref="fl-2"/>
      </object_component>
      <object_component id="oc-5b">
         <name>.text:decompress:ZI:__TI_zero_init_nomemset:__TI_zero_init_nomemset</name>
         <load_address>0x3b98</load_address>
         <run_address>0x3b98</run_address>
         <size>0x1c</size>
         <input_file_ref idref="fl-db"/>
      </object_component>
      <object_component id="oc-4f5">
         <name>.text:memccpy</name>
         <load_address>0x3bb4</load_address>
         <run_address>0x3bb4</run_address>
         <size>0x1c</size>
         <input_file_ref idref="fl-f1"/>
      </object_component>
      <object_component id="oc-42f">
         <name>.text:GPIOPinTypeGPIOOutput</name>
         <load_address>0x3bd0</load_address>
         <run_address>0x3bd0</run_address>
         <size>0x1a</size>
         <input_file_ref idref="fl-12"/>
      </object_component>
      <object_component id="oc-5e5">
         <name>.text:copysign</name>
         <load_address>0x3bea</load_address>
         <run_address>0x3bea</run_address>
         <size>0x1a</size>
         <input_file_ref idref="fl-f7"/>
      </object_component>
      <object_component id="oc-351">
         <name>.text:TimerDisable</name>
         <load_address>0x3c04</load_address>
         <run_address>0x3c04</run_address>
         <size>0x18</size>
         <input_file_ref idref="fl-16"/>
      </object_component>
      <object_component id="oc-107">
         <name>.text:_ZN5TimerC1Ev</name>
         <load_address>0x3c1c</load_address>
         <run_address>0x3c1c</run_address>
         <size>0x18</size>
         <input_file_ref idref="fl-9"/>
      </object_component>
      <object_component id="oc-3db">
         <name>.text:_outc</name>
         <load_address>0x3c34</load_address>
         <run_address>0x3c34</run_address>
         <size>0x18</size>
         <input_file_ref idref="fl-d7"/>
      </object_component>
      <object_component id="oc-395">
         <name>.text:GPIOPinTypeGPIOInput</name>
         <load_address>0x3c4c</load_address>
         <run_address>0x3c4c</run_address>
         <size>0x16</size>
         <input_file_ref idref="fl-12"/>
      </object_component>
      <object_component id="oc-423">
         <name>.text:GPIOPinTypeSSI</name>
         <load_address>0x3c62</load_address>
         <run_address>0x3c62</run_address>
         <size>0x16</size>
         <input_file_ref idref="fl-12"/>
      </object_component>
      <object_component id="oc-258">
         <name>.text:GrStringDraw</name>
         <load_address>0x3c78</load_address>
         <run_address>0x3c78</run_address>
         <size>0x16</size>
         <input_file_ref idref="fl-1a"/>
      </object_component>
      <object_component id="oc-37b">
         <name>.text:TimerValueGet64</name>
         <load_address>0x3c8e</load_address>
         <run_address>0x3c8e</run_address>
         <size>0x16</size>
         <input_file_ref idref="fl-16"/>
      </object_component>
      <object_component id="oc-5a2">
         <name>.text:strchr</name>
         <load_address>0x3ca4</load_address>
         <run_address>0x3ca4</run_address>
         <size>0x16</size>
         <input_file_ref idref="fl-f2"/>
      </object_component>
      <object_component id="oc-310">
         <name>.text:Crystalfontz128x128_PixelDraw</name>
         <load_address>0x3cbc</load_address>
         <run_address>0x3cbc</run_address>
         <size>0x14</size>
         <input_file_ref idref="fl-5"/>
      </object_component>
      <object_component id="oc-10d">
         <name>.text:_ZN29_INTERNAL_8_main_cpp_f9572fa814configureTimerER5Timer</name>
         <load_address>0x3cd0</load_address>
         <run_address>0x3cd0</run_address>
         <size>0x14</size>
         <input_file_ref idref="fl-2"/>
      </object_component>
      <object_component id="oc-4c6">
         <name>.text:strlen</name>
         <load_address>0x3ce4</load_address>
         <run_address>0x3ce4</run_address>
         <size>0x14</size>
         <input_file_ref idref="fl-f3"/>
      </object_component>
      <object_component id="oc-363">
         <name>.text:TimerLoadSet</name>
         <load_address>0x3cf8</load_address>
         <run_address>0x3cf8</run_address>
         <size>0x12</size>
         <input_file_ref idref="fl-16"/>
      </object_component>
      <object_component id="oc-113">
         <name>.text:_ZNK5Timer6millisEv</name>
         <load_address>0x3d0a</load_address>
         <run_address>0x3d0a</run_address>
         <size>0x12</size>
         <input_file_ref idref="fl-9"/>
      </object_component>
      <object_component id="oc-4fb">
         <name>.text:wcslen</name>
         <load_address>0x3d1c</load_address>
         <run_address>0x3d1c</run_address>
         <size>0x12</size>
         <input_file_ref idref="fl-f4"/>
      </object_component>
      <object_component id="oc-ef">
         <name>.text:FPUEnable</name>
         <load_address>0x3d30</load_address>
         <run_address>0x3d30</run_address>
         <size>0x10</size>
         <input_file_ref idref="fl-11"/>
      </object_component>
      <object_component id="oc-f5">
         <name>.text:FPULazyStackingEnable</name>
         <load_address>0x3d40</load_address>
         <run_address>0x3d40</run_address>
         <size>0x10</size>
         <input_file_ref idref="fl-11"/>
      </object_component>
      <object_component id="oc-e9">
         <name>.text:IntMasterDisable</name>
         <load_address>0x3d50</load_address>
         <run_address>0x3d50</run_address>
         <size>0x10</size>
         <input_file_ref idref="fl-13"/>
      </object_component>
      <object_component id="oc-11f">
         <name>.text:IntMasterEnable</name>
         <load_address>0x3d60</load_address>
         <run_address>0x3d60</run_address>
         <size>0x10</size>
         <input_file_ref idref="fl-13"/>
      </object_component>
      <object_component id="oc-369">
         <name>.text:TimerEnable</name>
         <load_address>0x3d70</load_address>
         <run_address>0x3d70</run_address>
         <size>0xe</size>
         <input_file_ref idref="fl-16"/>
      </object_component>
      <object_component id="oc-1c">
         <name>.text:decompress:none:__TI_decompress_none</name>
         <load_address>0x3d7e</load_address>
         <run_address>0x3d7e</run_address>
         <size>0xe</size>
         <input_file_ref idref="fl-dc"/>
      </object_component>
      <object_component id="oc-1ba">
         <name>.text:CPUcpsid</name>
         <load_address>0x3d8c</load_address>
         <run_address>0x3d8c</run_address>
         <size>0xc</size>
         <input_file_ref idref="fl-17"/>
      </object_component>
      <object_component id="oc-22f">
         <name>.text:CPUcpsie</name>
         <load_address>0x3d98</load_address>
         <run_address>0x3d98</run_address>
         <size>0xc</size>
         <input_file_ref idref="fl-17"/>
      </object_component>
      <object_component id="oc-44f">
         <name>.text:SSIDataPut</name>
         <load_address>0x3da4</load_address>
         <run_address>0x3da4</run_address>
         <size>0xa</size>
         <input_file_ref idref="fl-14"/>
      </object_component>
      <object_component id="oc-43c">
         <name>.text:SSIEnable</name>
         <load_address>0x3dae</load_address>
         <run_address>0x3dae</run_address>
         <size>0xa</size>
         <input_file_ref idref="fl-14"/>
      </object_component>
      <object_component id="oc-36f">
         <name>.text:TimerValueGet</name>
         <load_address>0x3db8</load_address>
         <run_address>0x3db8</run_address>
         <size>0xa</size>
         <input_file_ref idref="fl-16"/>
      </object_component>
      <object_component id="oc-12b">
         <name>.text:_ZN6Button10wasPressedEv</name>
         <load_address>0x3dc2</load_address>
         <run_address>0x3dc2</run_address>
         <size>0xa</size>
         <input_file_ref idref="fl-4"/>
      </object_component>
      <object_component id="oc-137">
         <name>.text:_ZN6Button11wasReleasedEv</name>
         <load_address>0x3dcc</load_address>
         <run_address>0x3dcc</run_address>
         <size>0xa</size>
         <input_file_ref idref="fl-4"/>
      </object_component>
      <object_component id="oc-470">
         <name>.text:GrMapISO8859_1_Unicode</name>
         <load_address>0x3dd6</load_address>
         <run_address>0x3dd6</run_address>
         <size>0x8</size>
         <input_file_ref idref="fl-1c"/>
      </object_component>
      <object_component id="oc-449">
         <name>.text:SSIBusy</name>
         <load_address>0x3dde</load_address>
         <run_address>0x3dde</run_address>
         <size>0x8</size>
         <input_file_ref idref="fl-14"/>
      </object_component>
      <object_component id="oc-501">
         <name>.text:__aeabi_errno_addr</name>
         <load_address>0x3de8</load_address>
         <run_address>0x3de8</run_address>
         <size>0x8</size>
         <input_file_ref idref="fl-df"/>
      </object_component>
      <object_component id="oc-3a5">
         <name>.text:GPIOPinRead</name>
         <load_address>0x3df0</load_address>
         <run_address>0x3df0</run_address>
         <size>0x6</size>
         <input_file_ref idref="fl-12"/>
      </object_component>
      <object_component id="oc-442">
         <name>.text:GPIOPinWrite</name>
         <load_address>0x3df6</load_address>
         <run_address>0x3df6</run_address>
         <size>0x6</size>
         <input_file_ref idref="fl-12"/>
      </object_component>
      <object_component id="oc-1f1">
         <name>.text:GrContextFontSet</name>
         <load_address>0x3dfc</load_address>
         <run_address>0x3dfc</run_address>
         <size>0x6</size>
         <input_file_ref idref="fl-1a"/>
      </object_component>
      <object_component id="oc-29">
         <name>.text:ResetISR</name>
         <load_address>0x3e02</load_address>
         <run_address>0x3e02</run_address>
         <size>0x6</size>
         <input_file_ref idref="fl-3"/>
      </object_component>
      <object_component id="oc-2db">
         <name>.text:SysCtlDelay</name>
         <load_address>0x3e08</load_address>
         <run_address>0x3e08</run_address>
         <size>0x6</size>
         <input_file_ref idref="fl-15"/>
      </object_component>
      <object_component id="oc-357">
         <name>.text:TimerClockSourceSet</name>
         <load_address>0x3e0e</load_address>
         <run_address>0x3e0e</run_address>
         <size>0x6</size>
         <input_file_ref idref="fl-16"/>
      </object_component>
      <object_component id="oc-375">
         <name>.text:TimerLoadSet64</name>
         <load_address>0x3e14</load_address>
         <run_address>0x3e14</run_address>
         <size>0x6</size>
         <input_file_ref idref="fl-16"/>
      </object_component>
      <object_component id="oc-228">
         <name>.text:_ZN6Button13setDebounceMsEi</name>
         <load_address>0x3e1a</load_address>
         <run_address>0x3e1a</run_address>
         <size>0x4</size>
         <input_file_ref idref="fl-4"/>
      </object_component>
      <object_component id="oc-222">
         <name>.text:_ZN6Button17setTickIntervalMsEj</name>
         <load_address>0x3e1e</load_address>
         <run_address>0x3e1e</run_address>
         <size>0x4</size>
         <input_file_ref idref="fl-4"/>
      </object_component>
      <object_component id="oc-3ad">
         <name>.text:_ZN6Button8newStateENS_12StateMachineE</name>
         <load_address>0x3e22</load_address>
         <run_address>0x3e22</run_address>
         <size>0x4</size>
         <input_file_ref idref="fl-4"/>
      </object_component>
      <object_component id="oc-b2">
         <name>.text:_system_pre_init</name>
         <load_address>0x3e26</load_address>
         <run_address>0x3e26</run_address>
         <size>0x4</size>
         <input_file_ref idref="fl-e9"/>
      </object_component>
      <object_component id="oc-169">
         <name>.text:abort:abort</name>
         <load_address>0x3e2a</load_address>
         <run_address>0x3e2a</run_address>
         <size>0x4</size>
         <input_file_ref idref="fl-eb"/>
      </object_component>
      <object_component id="oc-336">
         <name>.const:.string:g_pui8FontFixed6x8Data</name>
         <load_address>0x3e30</load_address>
         <run_address>0x3e30</run_address>
         <size>0x2f8</size>
         <input_file_ref idref="fl-1b"/>
      </object_component>
      <object_component id="oc-1d2">
         <name>.const:g_pppui32XTALtoVCO</name>
         <load_address>0x4128</load_address>
         <run_address>0x4128</run_address>
         <size>0x1b0</size>
         <input_file_ref idref="fl-15"/>
      </object_component>
      <object_component id="oc-550">
         <name>.const:.string:_ctypes_</name>
         <load_address>0x42d8</load_address>
         <run_address>0x42d8</run_address>
         <size>0x101</size>
         <input_file_ref idref="fl-f0"/>
      </object_component>
      <object_component id="oc-200">
         <name>.const:g_sFontFixed6x8</name>
         <load_address>0x43dc</load_address>
         <run_address>0x43dc</run_address>
         <size>0xc8</size>
         <input_file_ref idref="fl-1b"/>
      </object_component>
      <object_component id="oc-531">
         <name>.const:g_pui32GPIOBaseAddrs</name>
         <load_address>0x44a4</load_address>
         <run_address>0x44a4</run_address>
         <size>0x90</size>
         <input_file_ref idref="fl-12"/>
      </object_component>
      <object_component id="oc-1cf">
         <name>.const:g_pui32Xtals</name>
         <load_address>0x4534</load_address>
         <run_address>0x4534</run_address>
         <size>0x6c</size>
         <input_file_ref idref="fl-15"/>
      </object_component>
      <object_component id="oc-1ad">
         <name>.const:.string:digital_pin_to_bit_mask</name>
         <load_address>0x45a0</load_address>
         <run_address>0x45a0</run_address>
         <size>0x60</size>
         <input_file_ref idref="fl-4"/>
      </object_component>
      <object_component id="oc-1a7">
         <name>.const:.string:digital_pin_to_port</name>
         <load_address>0x4600</load_address>
         <run_address>0x4600</run_address>
         <size>0x60</size>
         <input_file_ref idref="fl-4"/>
      </object_component>
      <object_component id="oc-1aa">
         <name>.const:port_to_base</name>
         <load_address>0x4660</load_address>
         <run_address>0x4660</run_address>
         <size>0x40</size>
         <input_file_ref idref="fl-4"/>
      </object_component>
      <object_component id="oc-2a9">
         <name>.const:g_sXTALtoMEMTIM</name>
         <load_address>0x46a0</load_address>
         <run_address>0x46a0</run_address>
         <size>0x30</size>
         <input_file_ref idref="fl-15"/>
      </object_component>
      <object_component id="oc-1fd">
         <name>.const:g_sCrystalfontz128x128</name>
         <load_address>0x46d0</load_address>
         <run_address>0x46d0</run_address>
         <size>0x28</size>
         <input_file_ref idref="fl-5"/>
      </object_component>
      <object_component id="oc-2f9">
         <name>.const:g_psDefaultCodePointMapTable</name>
         <load_address>0x46f8</load_address>
         <run_address>0x46f8</run_address>
         <size>0x10</size>
         <input_file_ref idref="fl-18"/>
      </object_component>
      <object_component id="oc-1d5">
         <name>.const:g_pui32VCOFrequencies</name>
         <load_address>0x4708</load_address>
         <run_address>0x4708</run_address>
         <size>0x8</size>
         <input_file_ref idref="fl-15"/>
      </object_component>
      <object_component id="oc-26e">
         <name>.const:.string</name>
         <load_address>0x4710</load_address>
         <run_address>0x4710</run_address>
         <size>0x6</size>
         <input_file_ref idref="fl-2"/>
      </object_component>
      <object_component id="oc-640">
         <name>.cinit..data.load</name>
         <load_address>0x4720</load_address>
         <run_address>0x4720</run_address>
         <size>0x1b</size>
      </object_component>
      <object_component id="oc-63e">
         <name>__TI_handler_table</name>
         <load_address>0x473c</load_address>
         <run_address>0x473c</run_address>
         <size>0xc</size>
      </object_component>
      <object_component id="oc-641">
         <name>.cinit..bss.load</name>
         <load_address>0x4748</load_address>
         <run_address>0x4748</run_address>
         <size>0x8</size>
      </object_component>
      <object_component id="oc-63f">
         <name>__TI_cinit_table</name>
         <load_address>0x4750</load_address>
         <run_address>0x4750</run_address>
         <size>0x10</size>
      </object_component>
      <object_component id="oc-25">
         <name>.init_array</name>
         <load_address>0x4718</load_address>
         <run_address>0x4718</run_address>
         <size>0x4</size>
         <input_file_ref idref="fl-2"/>
      </object_component>
      <object_component id="oc-642">
         <name>SHT$$INIT_ARRAY$$Limit</name>
         <load_address>0x471c</load_address>
         <run_address>0x471c</run_address>
         <size>0x0</size>
      </object_component>
      <object_component id="oc-149">
         <name>.data</name>
         <load_address>0x20008018</load_address>
         <run_address>0x20008018</run_address>
         <size>0x9</size>
         <input_file_ref idref="fl-2"/>
      </object_component>
      <object_component id="oc-14c">
         <name>.data:btnStart</name>
         <load_address>0x20008000</load_address>
         <run_address>0x20008000</run_address>
         <size>0x18</size>
         <input_file_ref idref="fl-2"/>
      </object_component>
      <object_component id="oc-45e">
         <name>.data:Lcd_buffer</name>
         <load_address>0x20000000</load_address>
         <run_address>0x20000000</run_address>
         <size>0x8000</size>
         <input_file_ref idref="fl-5"/>
      </object_component>
      <object_component id="oc-5b2">
         <name>.data</name>
         <load_address>0x20008024</load_address>
         <run_address>0x20008024</run_address>
         <size>0x4</size>
         <input_file_ref idref="fl-df"/>
      </object_component>
      <object_component id="oc-d0">
         <name>.bss:btnPlayPause</name>
         <uninitialized>true</uninitialized>
         <run_address>0x20008828</run_address>
         <size>0xb4</size>
         <input_file_ref idref="fl-2"/>
      </object_component>
      <object_component id="oc-2fc">
         <name>.bss</name>
         <uninitialized>true</uninitialized>
         <run_address>0x200088dc</run_address>
         <size>0x4</size>
         <input_file_ref idref="fl-18"/>
      </object_component>
      <object_component id="oc-2f1">
         <name>.common:Lcd_Orientation</name>
         <uninitialized>true</uninitialized>
         <run_address>0x200088e8</run_address>
         <size>0x1</size>
      </object_component>
      <object_component id="oc-2e8">
         <name>.common:Lcd_ScreenWidth</name>
         <uninitialized>true</uninitialized>
         <run_address>0x200088e2</run_address>
         <size>0x2</size>
      </object_component>
      <object_component id="oc-2eb">
         <name>.common:Lcd_ScreenHeigth</name>
         <uninitialized>true</uninitialized>
         <run_address>0x200088e0</run_address>
         <size>0x2</size>
      </object_component>
      <object_component id="oc-2ec">
         <name>.common:Lcd_PenSolid</name>
         <uninitialized>true</uninitialized>
         <run_address>0x200088e9</run_address>
         <size>0x1</size>
      </object_component>
      <object_component id="oc-2ed">
         <name>.common:Lcd_FontSolid</name>
         <uninitialized>true</uninitialized>
         <run_address>0x200088e7</run_address>
         <size>0x1</size>
      </object_component>
      <object_component id="oc-2ee">
         <name>.common:Lcd_FlagRead</name>
         <uninitialized>true</uninitialized>
         <run_address>0x200088e6</run_address>
         <size>0x1</size>
      </object_component>
      <object_component id="oc-2ef">
         <name>.common:Lcd_TouchTrim</name>
         <uninitialized>true</uninitialized>
         <run_address>0x200088e4</run_address>
         <size>0x2</size>
      </object_component>
      <object_component id="oc-26">
         <name>.stack</name>
         <uninitialized>true</uninitialized>
         <run_address>0x20008028</run_address>
         <size>0x4</size>
         <input_file_ref idref="fl-de"/>
      </object_component>
      <object_component id="oc-644">
         <name>.stack</name>
         <uninitialized>true</uninitialized>
         <run_address>0x20008028</run_address>
         <size>0x0</size>
      </object_component>
      <object_component id="oc-204">
         <name>.debug_info</name>
         <load_address>0x0</load_address>
         <run_address>0x0</run_address>
         <size>0x105e</size>
         <input_file_ref idref="fl-2"/>
      </object_component>
      <object_component id="oc-14a">
         <name>.debug_info</name>
         <load_address>0x105e</load_address>
         <run_address>0x105e</run_address>
         <size>0x17a</size>
         <input_file_ref idref="fl-2"/>
      </object_component>
      <object_component id="oc-14d">
         <name>.debug_info</name>
         <load_address>0x11d8</load_address>
         <run_address>0x11d8</run_address>
         <size>0x127</size>
         <input_file_ref idref="fl-2"/>
      </object_component>
      <object_component id="oc-d1">
         <name>.debug_info</name>
         <load_address>0x12ff</load_address>
         <run_address>0x12ff</run_address>
         <size>0x12f</size>
         <input_file_ref idref="fl-2"/>
      </object_component>
      <object_component id="oc-105">
         <name>.debug_info</name>
         <load_address>0x142e</load_address>
         <run_address>0x142e</run_address>
         <size>0x25e</size>
         <input_file_ref idref="fl-2"/>
      </object_component>
      <object_component id="oc-111">
         <name>.debug_info</name>
         <load_address>0x168c</load_address>
         <run_address>0x168c</run_address>
         <size>0x1b0</size>
         <input_file_ref idref="fl-2"/>
      </object_component>
      <object_component id="oc-11d">
         <name>.debug_info</name>
         <load_address>0x183c</load_address>
         <run_address>0x183c</run_address>
         <size>0x1e4</size>
         <input_file_ref idref="fl-2"/>
      </object_component>
      <object_component id="oc-135">
         <name>.debug_info</name>
         <load_address>0x1a20</load_address>
         <run_address>0x1a20</run_address>
         <size>0x18b</size>
         <input_file_ref idref="fl-2"/>
      </object_component>
      <object_component id="oc-13f">
         <name>.debug_info</name>
         <load_address>0x1bab</load_address>
         <run_address>0x1bab</run_address>
         <size>0x30e</size>
         <input_file_ref idref="fl-2"/>
      </object_component>
      <object_component id="oc-145">
         <name>.debug_info</name>
         <load_address>0x1eb9</load_address>
         <run_address>0x1eb9</run_address>
         <size>0x2a8</size>
         <input_file_ref idref="fl-2"/>
      </object_component>
      <object_component id="oc-ba">
         <name>.debug_info</name>
         <load_address>0x2161</load_address>
         <run_address>0x2161</run_address>
         <size>0x5bb</size>
         <input_file_ref idref="fl-2"/>
      </object_component>
      <object_component id="oc-80">
         <name>.debug_info</name>
         <load_address>0x271c</load_address>
         <run_address>0x271c</run_address>
         <size>0x181</size>
         <input_file_ref idref="fl-2"/>
      </object_component>
      <object_component id="oc-1b1">
         <name>.debug_info</name>
         <load_address>0x289d</load_address>
         <run_address>0x289d</run_address>
         <size>0x83f</size>
         <input_file_ref idref="fl-2"/>
      </object_component>
      <object_component id="oc-271">
         <name>.debug_info</name>
         <load_address>0x30dc</load_address>
         <run_address>0x30dc</run_address>
         <size>0xd7</size>
         <input_file_ref idref="fl-2"/>
      </object_component>
      <object_component id="oc-155">
         <name>.debug_info</name>
         <load_address>0x31b3</load_address>
         <run_address>0x31b3</run_address>
         <size>0x1b0</size>
         <input_file_ref idref="fl-2"/>
      </object_component>
      <object_component id="oc-150">
         <name>.debug_info</name>
         <load_address>0x3363</load_address>
         <run_address>0x3363</run_address>
         <size>0x8b</size>
         <input_file_ref idref="fl-2"/>
      </object_component>
      <object_component id="oc-15f">
         <name>.debug_info</name>
         <load_address>0x33ee</load_address>
         <run_address>0x33ee</run_address>
         <size>0x941</size>
         <input_file_ref idref="fl-2"/>
      </object_component>
      <object_component id="oc-276">
         <name>.debug_info</name>
         <load_address>0x3d2f</load_address>
         <run_address>0x3d2f</run_address>
         <size>0x2d6</size>
         <input_file_ref idref="fl-2"/>
      </object_component>
      <object_component id="oc-164">
         <name>.debug_info</name>
         <load_address>0x4005</load_address>
         <run_address>0x4005</run_address>
         <size>0xbb</size>
         <input_file_ref idref="fl-2"/>
      </object_component>
      <object_component id="oc-2a3">
         <name>.debug_info</name>
         <load_address>0x40c0</load_address>
         <run_address>0x40c0</run_address>
         <size>0x2a1</size>
         <input_file_ref idref="fl-2"/>
      </object_component>
      <object_component id="oc-33e">
         <name>.debug_info</name>
         <load_address>0x4361</load_address>
         <run_address>0x4361</run_address>
         <size>0xfe</size>
         <input_file_ref idref="fl-2"/>
      </object_component>
      <object_component id="oc-15a">
         <name>.debug_info</name>
         <load_address>0x445f</load_address>
         <run_address>0x445f</run_address>
         <size>0x38c</size>
         <input_file_ref idref="fl-2"/>
      </object_component>
      <object_component id="oc-43">
         <name>.debug_info</name>
         <load_address>0x47eb</load_address>
         <run_address>0x47eb</run_address>
         <size>0x2f6</size>
         <input_file_ref idref="fl-3"/>
      </object_component>
      <object_component id="oc-14">
         <name>.debug_info</name>
         <load_address>0x4ae1</load_address>
         <run_address>0x4ae1</run_address>
         <size>0x135</size>
         <input_file_ref idref="fl-3"/>
      </object_component>
      <object_component id="oc-2a">
         <name>.debug_info</name>
         <load_address>0x4c16</load_address>
         <run_address>0x4c16</run_address>
         <size>0x165</size>
         <input_file_ref idref="fl-3"/>
      </object_component>
      <object_component id="oc-30">
         <name>.debug_info</name>
         <load_address>0x4d7b</load_address>
         <run_address>0x4d7b</run_address>
         <size>0x153</size>
         <input_file_ref idref="fl-3"/>
      </object_component>
      <object_component id="oc-3c">
         <name>.debug_info</name>
         <load_address>0x4ece</load_address>
         <run_address>0x4ece</run_address>
         <size>0x16e</size>
         <input_file_ref idref="fl-3"/>
      </object_component>
      <object_component id="oc-37">
         <name>.debug_info</name>
         <load_address>0x503c</load_address>
         <run_address>0x503c</run_address>
         <size>0x159</size>
         <input_file_ref idref="fl-3"/>
      </object_component>
      <object_component id="oc-8d">
         <name>.debug_info</name>
         <load_address>0x5195</load_address>
         <run_address>0x5195</run_address>
         <size>0x26b</size>
         <input_file_ref idref="fl-3"/>
      </object_component>
      <object_component id="oc-4a">
         <name>.debug_info</name>
         <load_address>0x5400</load_address>
         <run_address>0x5400</run_address>
         <size>0x84</size>
         <input_file_ref idref="fl-3"/>
      </object_component>
      <object_component id="oc-d4">
         <name>.debug_info</name>
         <load_address>0x5484</load_address>
         <run_address>0x5484</run_address>
         <size>0x2a4</size>
         <input_file_ref idref="fl-3"/>
      </object_component>
      <object_component id="oc-92">
         <name>.debug_info</name>
         <load_address>0x5728</load_address>
         <run_address>0x5728</run_address>
         <size>0xbb</size>
         <input_file_ref idref="fl-3"/>
      </object_component>
      <object_component id="oc-1b6">
         <name>.debug_info</name>
         <load_address>0x57e3</load_address>
         <run_address>0x57e3</run_address>
         <size>0x632</size>
         <input_file_ref idref="fl-4"/>
      </object_component>
      <object_component id="oc-1ab">
         <name>.debug_info</name>
         <load_address>0x5e15</load_address>
         <run_address>0x5e15</run_address>
         <size>0x1b3</size>
         <input_file_ref idref="fl-4"/>
      </object_component>
      <object_component id="oc-1a8">
         <name>.debug_info</name>
         <load_address>0x5fc8</load_address>
         <run_address>0x5fc8</run_address>
         <size>0x1c1</size>
         <input_file_ref idref="fl-4"/>
      </object_component>
      <object_component id="oc-1ae">
         <name>.debug_info</name>
         <load_address>0x6189</load_address>
         <run_address>0x6189</run_address>
         <size>0x1c9</size>
         <input_file_ref idref="fl-4"/>
      </object_component>
      <object_component id="oc-cb">
         <name>.debug_info</name>
         <load_address>0x6352</load_address>
         <run_address>0x6352</run_address>
         <size>0x40c</size>
         <input_file_ref idref="fl-4"/>
      </object_component>
      <object_component id="oc-3ae">
         <name>.debug_info</name>
         <load_address>0x675e</load_address>
         <run_address>0x675e</run_address>
         <size>0x340</size>
         <input_file_ref idref="fl-4"/>
      </object_component>
      <object_component id="oc-23d">
         <name>.debug_info</name>
         <load_address>0x6a9e</load_address>
         <run_address>0x6a9e</run_address>
         <size>0x333</size>
         <input_file_ref idref="fl-4"/>
      </object_component>
      <object_component id="oc-39c">
         <name>.debug_info</name>
         <load_address>0x6dd1</load_address>
         <run_address>0x6dd1</run_address>
         <size>0x35c</size>
         <input_file_ref idref="fl-4"/>
      </object_component>
      <object_component id="oc-3b4">
         <name>.debug_info</name>
         <load_address>0x712d</load_address>
         <run_address>0x712d</run_address>
         <size>0x308</size>
         <input_file_ref idref="fl-4"/>
      </object_component>
      <object_component id="oc-21d">
         <name>.debug_info</name>
         <load_address>0x7435</load_address>
         <run_address>0x7435</run_address>
         <size>0x381</size>
         <input_file_ref idref="fl-4"/>
      </object_component>
      <object_component id="oc-237">
         <name>.debug_info</name>
         <load_address>0x77b6</load_address>
         <run_address>0x77b6</run_address>
         <size>0x34e</size>
         <input_file_ref idref="fl-4"/>
      </object_component>
      <object_component id="oc-243">
         <name>.debug_info</name>
         <load_address>0x7b04</load_address>
         <run_address>0x7b04</run_address>
         <size>0x4f1</size>
         <input_file_ref idref="fl-4"/>
      </object_component>
      <object_component id="oc-126">
         <name>.debug_info</name>
         <load_address>0x7ff5</load_address>
         <run_address>0x7ff5</run_address>
         <size>0x3ac</size>
         <input_file_ref idref="fl-4"/>
      </object_component>
      <object_component id="oc-223">
         <name>.debug_info</name>
         <load_address>0x83a1</load_address>
         <run_address>0x83a1</run_address>
         <size>0x33a</size>
         <input_file_ref idref="fl-4"/>
      </object_component>
      <object_component id="oc-229">
         <name>.debug_info</name>
         <load_address>0x86db</load_address>
         <run_address>0x86db</run_address>
         <size>0x332</size>
         <input_file_ref idref="fl-4"/>
      </object_component>
      <object_component id="oc-138">
         <name>.debug_info</name>
         <load_address>0x8a0d</load_address>
         <run_address>0x8a0d</run_address>
         <size>0x326</size>
         <input_file_ref idref="fl-4"/>
      </object_component>
      <object_component id="oc-12c">
         <name>.debug_info</name>
         <load_address>0x8d33</load_address>
         <run_address>0x8d33</run_address>
         <size>0x324</size>
         <input_file_ref idref="fl-4"/>
      </object_component>
      <object_component id="oc-2e9">
         <name>.debug_info</name>
         <load_address>0x9057</load_address>
         <run_address>0x9057</run_address>
         <size>0x7b5</size>
         <input_file_ref idref="fl-5"/>
      </object_component>
      <object_component id="oc-45f">
         <name>.debug_info</name>
         <load_address>0x980c</load_address>
         <run_address>0x980c</run_address>
         <size>0x1bb</size>
         <input_file_ref idref="fl-5"/>
      </object_component>
      <object_component id="oc-1fe">
         <name>.debug_info</name>
         <load_address>0x99c7</load_address>
         <run_address>0x99c7</run_address>
         <size>0x1d4</size>
         <input_file_ref idref="fl-5"/>
      </object_component>
      <object_component id="oc-1e6">
         <name>.debug_info</name>
         <load_address>0x9b9b</load_address>
         <run_address>0x9b9b</run_address>
         <size>0x3f0</size>
         <input_file_ref idref="fl-5"/>
      </object_component>
      <object_component id="oc-459">
         <name>.debug_info</name>
         <load_address>0x9f8b</load_address>
         <run_address>0x9f8b</run_address>
         <size>0x491</size>
         <input_file_ref idref="fl-5"/>
      </object_component>
      <object_component id="oc-32a">
         <name>.debug_info</name>
         <load_address>0xa41c</load_address>
         <run_address>0xa41c</run_address>
         <size>0x411</size>
         <input_file_ref idref="fl-5"/>
      </object_component>
      <object_component id="oc-331">
         <name>.debug_info</name>
         <load_address>0xa82d</load_address>
         <run_address>0xa82d</run_address>
         <size>0x38e</size>
         <input_file_ref idref="fl-5"/>
      </object_component>
      <object_component id="oc-318">
         <name>.debug_info</name>
         <load_address>0xabbb</load_address>
         <run_address>0xabbb</run_address>
         <size>0x524</size>
         <input_file_ref idref="fl-5"/>
      </object_component>
      <object_component id="oc-311">
         <name>.debug_info</name>
         <load_address>0xb0df</load_address>
         <run_address>0xb0df</run_address>
         <size>0x3b1</size>
         <input_file_ref idref="fl-5"/>
      </object_component>
      <object_component id="oc-323">
         <name>.debug_info</name>
         <load_address>0xb490</load_address>
         <run_address>0xb490</run_address>
         <size>0x3d7</size>
         <input_file_ref idref="fl-5"/>
      </object_component>
      <object_component id="oc-31e">
         <name>.debug_info</name>
         <load_address>0xb867</load_address>
         <run_address>0xb867</run_address>
         <size>0x3fd</size>
         <input_file_ref idref="fl-5"/>
      </object_component>
      <object_component id="oc-2e4">
         <name>.debug_info</name>
         <load_address>0xbc64</load_address>
         <run_address>0xbc64</run_address>
         <size>0x3eb</size>
         <input_file_ref idref="fl-5"/>
      </object_component>
      <object_component id="oc-1e1">
         <name>.debug_info</name>
         <load_address>0xc04f</load_address>
         <run_address>0xc04f</run_address>
         <size>0x526</size>
         <input_file_ref idref="fl-5"/>
      </object_component>
      <object_component id="oc-464">
         <name>.debug_info</name>
         <load_address>0xc575</load_address>
         <run_address>0xc575</run_address>
         <size>0x6bd</size>
         <input_file_ref idref="fl-5"/>
      </object_component>
      <object_component id="oc-456">
         <name>.debug_info</name>
         <load_address>0xcc32</load_address>
         <run_address>0xcc32</run_address>
         <size>0x775</size>
         <input_file_ref idref="fl-6"/>
      </object_component>
      <object_component id="oc-2e0">
         <name>.debug_info</name>
         <load_address>0xd3a7</load_address>
         <run_address>0xd3a7</run_address>
         <size>0x37b</size>
         <input_file_ref idref="fl-6"/>
      </object_component>
      <object_component id="oc-2d7">
         <name>.debug_info</name>
         <load_address>0xd722</load_address>
         <run_address>0xd722</run_address>
         <size>0x3d2</size>
         <input_file_ref idref="fl-6"/>
      </object_component>
      <object_component id="oc-2d0">
         <name>.debug_info</name>
         <load_address>0xdaf4</load_address>
         <run_address>0xdaf4</run_address>
         <size>0x3fd</size>
         <input_file_ref idref="fl-6"/>
      </object_component>
      <object_component id="oc-2cb">
         <name>.debug_info</name>
         <load_address>0xdef1</load_address>
         <run_address>0xdef1</run_address>
         <size>0x486</size>
         <input_file_ref idref="fl-6"/>
      </object_component>
      <object_component id="oc-207">
         <name>.debug_info</name>
         <load_address>0xe377</load_address>
         <run_address>0xe377</run_address>
         <size>0x682</size>
         <input_file_ref idref="fl-9"/>
      </object_component>
      <object_component id="oc-214">
         <name>.debug_info</name>
         <load_address>0xe9f9</load_address>
         <run_address>0xe9f9</run_address>
         <size>0x355</size>
         <input_file_ref idref="fl-9"/>
      </object_component>
      <object_component id="oc-117">
         <name>.debug_info</name>
         <load_address>0xed4e</load_address>
         <run_address>0xed4e</run_address>
         <size>0x317</size>
         <input_file_ref idref="fl-9"/>
      </object_component>
      <object_component id="oc-10a">
         <name>.debug_info</name>
         <load_address>0xf065</load_address>
         <run_address>0xf065</run_address>
         <size>0x2f9</size>
         <input_file_ref idref="fl-9"/>
      </object_component>
      <object_component id="oc-349">
         <name>.debug_info</name>
         <load_address>0xf35e</load_address>
         <run_address>0xf35e</run_address>
         <size>0x2f7</size>
         <input_file_ref idref="fl-9"/>
      </object_component>
      <object_component id="oc-495">
         <name>.debug_info</name>
         <load_address>0xf655</load_address>
         <run_address>0xf655</run_address>
         <size>0x37c</size>
         <input_file_ref idref="fl-9"/>
      </object_component>
      <object_component id="oc-34e">
         <name>.debug_info</name>
         <load_address>0xf9d1</load_address>
         <run_address>0xf9d1</run_address>
         <size>0x749</size>
         <input_file_ref idref="fl-9"/>
      </object_component>
      <object_component id="oc-20c">
         <name>.debug_info</name>
         <load_address>0x1011a</load_address>
         <run_address>0x1011a</run_address>
         <size>0x474</size>
         <input_file_ref idref="fl-9"/>
      </object_component>
      <object_component id="oc-422">
         <name>.debug_info</name>
         <load_address>0x1058e</load_address>
         <run_address>0x1058e</run_address>
         <size>0x3ba</size>
         <input_file_ref idref="fl-10"/>
      </object_component>
      <object_component id="oc-2c4">
         <name>.debug_info</name>
         <load_address>0x10948</load_address>
         <run_address>0x10948</run_address>
         <size>0x26b</size>
         <input_file_ref idref="fl-10"/>
      </object_component>
      <object_component id="oc-2b9">
[...]
      <symbol id="sm-212">
         <name>_ZN6Button3fsmEb</name>
         <value>0x1845</value>
         <object_component_ref idref="oc-242"/>
      </symbol>
      <symbol id="sm-213">
         <name>_ZN6Button8debounceEb</name>
         <value>0x34b5</value>
         <object_component_ref idref="oc-23c"/>
      </symbol>
      <symbol id="sm-214">
         <name>_ZN6Button12readPhysicalEv</name>
         <value>0x3a39</value>
         <object_component_ref idref="oc-236"/>
      </symbol>
      <symbol id="sm-2be">
         <name>Lcd_Orientation</name>
         <value>0x200088e8</value>
      </symbol>
      <symbol id="sm-2bf">
         <name>Lcd_ScreenWidth</name>
         <value>0x200088e2</value>
      </symbol>
      <symbol id="sm-2c0">
         <name>Lcd_ScreenHeigth</name>
         <value>0x200088e0</value>
      </symbol>
      <symbol id="sm-2c1">
         <name>Lcd_PenSolid</name>
         <value>0x200088e9</value>
      </symbol>
      <symbol id="sm-2c2">
         <name>Lcd_FontSolid</name>
         <value>0x200088e7</value>
      </symbol>
      <symbol id="sm-2c3">
         <name>Lcd_FlagRead</name>
         <value>0x200088e6</value>
      </symbol>
      <symbol id="sm-2c4">
         <name>Lcd_TouchTrim</name>
         <value>0x200088e4</value>
      </symbol>
      <symbol id="sm-2c5">
         <name>Lcd_buffer</name>
         <value>0x20000000</value>
         <object_component_ref idref="oc-45e"/>
      </symbol>
      <symbol id="sm-2c6">
         <name>Crystalfontz128x128_SetDrawFrame</name>
         <value>0x2a11</value>
         <object_component_ref idref="oc-458"/>
      </symbol>
      <symbol id="sm-2c7">
         <name>Crystalfontz128x128_SetOrientation</name>
         <value>0x3655</value>
         <object_component_ref idref="oc-1e5"/>
      </symbol>
      <symbol id="sm-2c8">
         <name>g_sCrystalfontz128x128</name>
         <value>0x46d0</value>
         <object_component_ref idref="oc-1fd"/>
      </symbol>
      <symbol id="sm-2c9">
         <name>Crystalfontz128x128_Init</name>
         <value>0x26c5</value>
         <object_component_ref idref="oc-1df"/>
      </symbol>
      <symbol id="sm-306">
         <name>HAL_LCD_writeData</name>
         <value>0x3b45</value>
         <object_component_ref idref="oc-2dc"/>
      </symbol>
      <symbol id="sm-307">
         <name>HAL_LCD_SpiInit</name>
         <value>0x2cad</value>
         <object_component_ref idref="oc-2cf"/>
      </symbol>
      <symbol id="sm-308">
         <name>HAL_LCD_PortInit</name>
         <value>0x2c31</value>
         <object_component_ref idref="oc-2c9"/>
      </symbol>
      <symbol id="sm-309">
         <name>HAL_LCD_writeCommand</name>
         <value>0x35d1</value>
         <object_component_ref idref="oc-2d5"/>
      </symbol>
      <symbol id="sm-37e">
         <name>_ZNK5Timer6microsEv</name>
         <value>0x333d</value>
         <object_component_ref idref="oc-210"/>
      </symbol>
      <symbol id="sm-37f">
         <name>_ZN5Timer10isWideBaseEj</name>
         <value>0x38c9</value>
         <object_component_ref idref="oc-345"/>
      </symbol>
      <symbol id="sm-380">
         <name>_ZN5TimerC1Ev</name>
         <value>0x3c1d</value>
         <object_component_ref idref="oc-107"/>
      </symbol>
      <symbol id="sm-381">
         <name>_ZN5Timer23enablePeripheralForBaseEj</name>
         <value>0x1b3d</value>
         <object_component_ref idref="oc-34b"/>
      </symbol>
      <symbol id="sm-382">
         <name>_ZN5Timer5beginEjj</name>
         <value>0x2835</value>
         <object_component_ref idref="oc-209"/>
      </symbol>
      <symbol id="sm-383">
         <name>_ZN5TimerC2Ev</name>
         <value>0x3c1d</value>
         <object_component_ref idref="oc-107"/>
      </symbol>
      <symbol id="sm-384">
         <name>_ZNK5Timer6millisEv</name>
         <value>0x3d0b</value>
         <object_component_ref idref="oc-113"/>
      </symbol>
      <symbol id="sm-3b2">
         <name>FPULazyStackingEnable</name>
         <value>0x3d41</value>
         <object_component_ref idref="oc-f5"/>
      </symbol>
      <symbol id="sm-3b3">
         <name>FPUEnable</name>
         <value>0x3d31</value>
         <object_component_ref idref="oc-ef"/>
      </symbol>
      <symbol id="sm-40d">
         <name>GPIOPinConfigure</name>
         <value>0x32f1</value>
         <object_component_ref idref="oc-429"/>
      </symbol>
      <symbol id="sm-40e">
         <name>GPIOPinTypeGPIOInput</name>
         <value>0x3c4d</value>
         <object_component_ref idref="oc-395"/>
      </symbol>
      <symbol id="sm-40f">
         <name>GPIOPinTypeGPIOOutput</name>
         <value>0x3bd1</value>
         <object_component_ref idref="oc-42f"/>
      </symbol>
      <symbol id="sm-410">
         <name>GPIOPinRead</name>
         <value>0x3df1</value>
         <object_component_ref idref="oc-3a5"/>
      </symbol>
      <symbol id="sm-411">
         <name>GPIODirModeSet</name>
         <value>0x39e1</value>
         <object_component_ref idref="oc-4a5"/>
      </symbol>
      <symbol id="sm-412">
         <name>GPIOPinWrite</name>
         <value>0x3df7</value>
         <object_component_ref idref="oc-442"/>
      </symbol>
      <symbol id="sm-413">
         <name>GPIOPadConfigSet</name>
         <value>0x19d1</value>
         <object_component_ref idref="oc-4ab"/>
      </symbol>
      <symbol id="sm-414">
         <name>GPIOPinTypeSSI</name>
         <value>0x3c63</value>
         <object_component_ref idref="oc-423"/>
      </symbol>
      <symbol id="sm-428">
         <name>IntMasterDisable</name>
         <value>0x3d51</value>
         <object_component_ref idref="oc-e9"/>
      </symbol>
      <symbol id="sm-429">
         <name>IntMasterEnable</name>
         <value>0x3d61</value>
         <object_component_ref idref="oc-11f"/>
      </symbol>
      <symbol id="sm-450">
         <name>SSIDataPut</name>
         <value>0x3da5</value>
         <object_component_ref idref="oc-44f"/>
      </symbol>
      <symbol id="sm-451">
         <name>SSIConfigSetExpClk</name>
         <value>0x374d</value>
         <object_component_ref idref="oc-436"/>
      </symbol>
      <symbol id="sm-452">
         <name>SSIEnable</name>
         <value>0x3daf</value>
         <object_component_ref idref="oc-43c"/>
      </symbol>
      <symbol id="sm-453">
         <name>SSIBusy</name>
         <value>0x3ddf</value>
         <object_component_ref idref="oc-449"/>
      </symbol>
      <symbol id="sm-4ce">
         <name>SysCtlDelay</name>
         <value>0x3e09</value>
         <object_component_ref idref="oc-2db"/>
      </symbol>
      <symbol id="sm-4cf">
         <name>SysCtlPeripheralEnable</name>
         <value>0x3831</value>
         <object_component_ref idref="oc-389"/>
      </symbol>
      <symbol id="sm-4d0">
         <name>SysCtlPeripheralReady</name>
         <value>0x37c1</value>
         <object_component_ref idref="oc-38f"/>
      </symbol>
      <symbol id="sm-4d1">
         <name>SysCtlClockFreqSet</name>
         <value>0x1115</value>
         <object_component_ref idref="oc-fb"/>
      </symbol>
      <symbol id="sm-520">
         <name>TimerLoadSet</name>
         <value>0x3cf9</value>
         <object_component_ref idref="oc-363"/>
      </symbol>
      <symbol id="sm-521">
         <name>TimerDisable</name>
         <value>0x3c05</value>
         <object_component_ref idref="oc-351"/>
      </symbol>
      <symbol id="sm-522">
         <name>TimerEnable</name>
         <value>0x3d71</value>
         <object_component_ref idref="oc-369"/>
      </symbol>
      <symbol id="sm-523">
         <name>TimerValueGet64</name>
         <value>0x3c8f</value>
         <object_component_ref idref="oc-37b"/>
      </symbol>
      <symbol id="sm-524">
         <name>TimerValueGet</name>
         <value>0x3db9</value>
         <object_component_ref idref="oc-36f"/>
      </symbol>
      <symbol id="sm-525">
         <name>TimerClockSourceSet</name>
         <value>0x3e0f</value>
         <object_component_ref idref="oc-357"/>
      </symbol>
      <symbol id="sm-526">
         <name>TimerLoadSet64</name>
         <value>0x3e15</value>
         <object_component_ref idref="oc-375"/>
      </symbol>
      <symbol id="sm-527">
         <name>TimerConfigure</name>
         <value>0x3089</value>
         <object_component_ref idref="oc-35d"/>
      </symbol>
      <symbol id="sm-539">
         <name>CPUcpsie</name>
         <value>0x3d99</value>
         <object_component_ref idref="oc-22f"/>
      </symbol>
      <symbol id="sm-53a">
         <name>CPUcpsid</name>
         <value>0x3d8d</value>
         <object_component_ref idref="oc-1ba"/>
      </symbol>
      <symbol id="sm-55e">
         <name>GrContextInit</name>
         <value>0x2e85</value>
         <object_component_ref idref="oc-1eb"/>
      </symbol>
      <symbol id="sm-55f">
         <name>g_psDefaultCodePointMapTable</name>
         <value>0x46f8</value>
         <object_component_ref idref="oc-2f9"/>
      </symbol>
      <symbol id="sm-576">
         <name>GrRectFill</name>
         <value>0x2a9d</value>
         <object_component_ref idref="oc-1f7"/>
      </symbol>
      <symbol id="sm-577">
         <name>GrRectDraw</name>
         <value>0x2fbd</value>
         <object_component_ref idref="oc-265"/>
      </symbol>
      <symbol id="sm-61b">
         <name>GrFontInfoGet</name>
         <value>0x3a63</value>
         <object_component_ref idref="oc-3c6"/>
      </symbol>
      <symbol id="sm-61c">
         <name>GrDefaultStringRenderer</name>
         <value>0x2605</value>
         <object_component_ref idref="oc-2f3"/>
      </symbol>
      <symbol id="sm-61d">
         <name>GrFontGlyphRender</name>
         <value>0xec1</value>
         <object_component_ref idref="oc-469"/>
      </symbol>
      <symbol id="sm-61e">
         <name>GrContextFontSet</name>
         <value>0x3dfd</value>
         <object_component_ref idref="oc-1f1"/>
      </symbol>
      <symbol id="sm-61f">
         <name>GrFontGlyphDataGet</name>
         <value>0x3a89</value>
         <object_component_ref idref="oc-3c0"/>
      </symbol>
      <symbol id="sm-620">
         <name>GrStringDraw</name>
         <value>0x3c79</value>
         <object_component_ref idref="oc-258"/>
      </symbol>
      <symbol id="sm-621">
         <name>GrFontCodepageGet</name>
         <value>0x3b0b</value>
         <object_component_ref idref="oc-47c"/>
      </symbol>
      <symbol id="sm-622">
         <name>GrStringNextCharGet</name>
         <value>0x3929</value>
         <object_component_ref idref="oc-3ba"/>
      </symbol>
      <symbol id="sm-623">
         <name>GrStringWidthGet</name>
         <value>0x2eed</value>
         <object_component_ref idref="oc-24c"/>
      </symbol>
      <symbol id="sm-624">
         <name>GrFontBaselineGet</name>
         <value>0x3a0d</value>
         <object_component_ref idref="oc-252"/>
      </symbol>
      <symbol id="sm-636">
         <name>g_sFontFixed6x8</name>
         <value>0x43dc</value>
         <object_component_ref idref="oc-200"/>
      </symbol>
      <symbol id="sm-643">
         <name>GrMapISO8859_1_Unicode</name>
         <value>0x3dd7</value>
         <object_component_ref idref="oc-470"/>
      </symbol>
      <symbol id="sm-65c">
         <name>GrLineDrawH</name>
         <value>0x3545</value>
         <object_component_ref idref="oc-3f2"/>
      </symbol>
      <symbol id="sm-65d">
         <name>GrLineDrawV</name>
         <value>0x358b</value>
         <object_component_ref idref="oc-3f8"/>
      </symbol>
      <symbol id="sm-6a4">
         <name>snprintf</name>
         <value>0x33d5</value>
         <object_component_ref idref="oc-25e"/>
      </symbol>
      <symbol id="sm-6bf">
         <name>memcpy</name>
         <value>0x28dd</value>
         <object_component_ref idref="oc-4f"/>
      </symbol>
      <symbol id="sm-6c0">
         <name>__aeabi_memcpy</name>
         <value>0x28dd</value>
         <object_component_ref idref="oc-4f"/>
      </symbol>
      <symbol id="sm-6c1">
         <name>__aeabi_memcpy8</name>
         <value>0x28dd</value>
         <object_component_ref idref="oc-4f"/>
      </symbol>
      <symbol id="sm-6c2">
         <name>__aeabi_memcpy4</name>
         <value>0x28dd</value>
         <object_component_ref idref="oc-4f"/>
      </symbol>
      <symbol id="sm-6d1">
         <name>__aeabi_memset</name>
         <value>0x2d2b</value>
         <object_component_ref idref="oc-ac"/>
      </symbol>
      <symbol id="sm-6d2">
         <name>memset</name>
         <value>0x2d31</value>
         <object_component_ref idref="oc-ac"/>
      </symbol>
      <symbol id="sm-6d3">
         <name>__aeabi_memset8</name>
         <value>0x2d2b</value>
         <object_component_ref idref="oc-ac"/>
      </symbol>
      <symbol id="sm-6d4">
         <name>__aeabi_memset4</name>
         <value>0x2d2b</value>
         <object_component_ref idref="oc-ac"/>
      </symbol>
      <symbol id="sm-6d5">
         <name>__aeabi_memclr8</name>
         <value>0x2d29</value>
         <object_component_ref idref="oc-ac"/>
      </symbol>
      <symbol id="sm-6d6">
         <name>__aeabi_memclr4</name>
         <value>0x2d29</value>
         <object_component_ref idref="oc-ac"/>
      </symbol>
      <symbol id="sm-6d7">
         <name>__aeabi_memclr</name>
         <value>0x2d29</value>
         <object_component_ref idref="oc-ac"/>
      </symbol>
      <symbol id="sm-6e4">
         <name>__aeabi_uldivmod</name>
         <value>0x2979</value>
         <object_component_ref idref="oc-216"/>
      </symbol>
      <symbol id="sm-6fd">
         <name>__TI_zero_init_nomemset</name>
         <value>0x3b99</value>
         <object_component_ref idref="oc-5b"/>
      </symbol>
      <symbol id="sm-714">
         <name>__TI_decompress_none</name>
         <value>0x3d7f</value>
         <object_component_ref idref="oc-1c"/>
      </symbol>
      <symbol id="sm-737">
         <name>__TI_decompress_lzss</name>
         <value>0x2f55</value>
         <object_component_ref idref="oc-16"/>
      </symbol>
      <symbol id="sm-74a">
         <name>__stack</name>
         <value>0x20008028</value>
         <object_component_ref idref="oc-26"/>
      </symbol>
      <symbol id="sm-74b">
         <name>_c_int00_noargs</name>
         <value>0x3865</value>
         <object_component_ref idref="oc-6d"/>
      </symbol>
      <symbol id="sm-761">
         <name>__aeabi_errno_addr</name>
         <value>0x3de9</value>
         <object_component_ref idref="oc-501"/>
      </symbol>
      <symbol id="sm-762">
         <name>errno</name>
         <value>0x20008024</value>
         <object_component_ref idref="oc-5b2"/>
      </symbol>
      <symbol id="sm-8c7">
         <name>__TI_printfi</name>
         <value>0x201</value>
         <object_component_ref idref="oc-3cf"/>
      </symbol>
      <symbol id="sm-8d1">
         <name>__aeabi_idiv0</name>
         <value>0x19cf</value>
         <object_component_ref idref="oc-383"/>
      </symbol>
      <symbol id="sm-8d2">
         <name>__aeabi_ldiv0</name>
         <value>0x19cf</value>
         <object_component_ref idref="oc-383"/>
      </symbol>
      <symbol id="sm-8e9">
         <name>__aeabi_dsub</name>
         <value>0x14e5</value>
         <object_component_ref idref="oc-576"/>
      </symbol>
      <symbol id="sm-8ea">
         <name>__aeabi_dadd</name>
         <value>0x14ef</value>
         <object_component_ref idref="oc-576"/>
      </symbol>
      <symbol id="sm-90c">
         <name>__aeabi_cdcmpeq</name>
         <value>0x2b23</value>
         <object_component_ref idref="oc-4d8"/>
      </symbol>
      <symbol id="sm-90d">
         <name>__aeabi_cdcmple</name>
         <value>0x2b23</value>
         <object_component_ref idref="oc-4d8"/>
      </symbol>
      <symbol id="sm-90e">
         <name>__aeabi_cdrcmple</name>
         <value>0x2ba9</value>
         <object_component_ref idref="oc-561"/>
      </symbol>
      <symbol id="sm-922">
         <name>__aeabi_ddiv</name>
         <value>0x1f11</value>
         <object_component_ref idref="oc-55c"/>
      </symbol>
      <symbol id="sm-92d">
         <name>__aeabi_dmul</name>
         <value>0x227d</value>
         <object_component_ref idref="oc-557"/>
      </symbol>
      <symbol id="sm-937">
         <name>__aeabi_d2iz</name>
         <value>0x34fd</value>
         <object_component_ref idref="oc-566"/>
      </symbol>
      <symbol id="sm-941">
         <name>__aeabi_i2d</name>
         <value>0x39b3</value>
         <object_component_ref idref="oc-571"/>
      </symbol>
      <symbol id="sm-96e">
         <name>__TI_auto_init_nobinit</name>
         <value>0x30e9</value>
         <object_component_ref idref="oc-17b"/>
      </symbol>
      <symbol id="sm-978">
         <name>_system_pre_init</name>
         <value>0x3e27</value>
         <object_component_ref idref="oc-b2"/>
      </symbol>
      <symbol id="sm-984">
         <name>C$$EXIT</name>
         <value>0x3e2b</value>
         <object_component_ref idref="oc-169"/>
      </symbol>
      <symbol id="sm-985">
         <name>abort</name>
         <value>0x3e2b</value>
         <object_component_ref idref="oc-169"/>
      </symbol>
      <symbol id="sm-995">
         <name>__TI_ltoa</name>
         <value>0x31f9</value>
         <object_component_ref idref="oc-56b"/>
      </symbol>
      <symbol id="sm-9ac">
         <name>atoi</name>
         <value>0x3389</value>
         <object_component_ref idref="oc-4cc"/>
      </symbol>
      <symbol id="sm-9b7">
         <name>_ctypes_</name>
         <value>0x42d8</value>
         <object_component_ref idref="oc-550"/>
      </symbol>
      <symbol id="sm-9c7">
         <name>memccpy</name>
         <value>0x3bb5</value>
         <object_component_ref idref="oc-4f5"/>
      </symbol>
      <symbol id="sm-9d7">
         <name>strchr</name>
         <value>0x3ca5</value>
         <object_component_ref idref="oc-5a2"/>
      </symbol>
      <symbol id="sm-9e5">
         <name>strlen</name>
         <value>0x3ce5</value>
         <object_component_ref idref="oc-4c6"/>
      </symbol>
      <symbol id="sm-9fe">
         <name>wcslen</name>
         <value>0x3d1d</value>
         <object_component_ref idref="oc-4fb"/>
      </symbol>
      <symbol id="sm-a14">
         <name>frexpl</name>
         <value>0x3025</value>
         <object_component_ref idref="oc-596"/>
      </symbol>
      <symbol id="sm-a15">
         <name>frexp</name>
         <value>0x3025</value>
         <object_component_ref idref="oc-596"/>
      </symbol>
      <symbol id="sm-a32">
         <name>scalbn</name>
         <value>0x216d</value>
         <object_component_ref idref="oc-59c"/>
      </symbol>
      <symbol id="sm-a33">
         <name>scalbnl</name>
         <value>0x216d</value>
         <object_component_ref idref="oc-59c"/>
      </symbol>
      <symbol id="sm-a34">
         <name>ldexpl</name>
         <value>0x216d</value>
         <object_component_ref idref="oc-59c"/>
      </symbol>
      <symbol id="sm-a35">
         <name>ldexp</name>
         <value>0x216d</value>
         <object_component_ref idref="oc-59c"/>
      </symbol>
      <symbol id="sm-a3f">
         <name>copysign</name>
         <value>0x3beb</value>
         <object_component_ref idref="oc-5e5"/>
      </symbol>
      <symbol id="sm-a40">
         <name>copysignl</name>
         <value>0x3beb</value>
         <object_component_ref idref="oc-5e5"/>
      </symbol>
      <symbol id="sm-a41">
         <name>__TI_static_base__</name>
         <value>0x0</value>
      </symbol>
      <symbol id="sm-a44">
         <name>__mpu_init</name>
         <value>0x0</value>
      </symbol>
      <symbol id="sm-a45">
         <name>_system_post_cinit</name>
         <value>0x0</value>
      </symbol>
   </symbol_table>
   <title>Link successful</title>
</link_info>
